###############################################################################
#                                                                             #
# IAR ELF Linker V6.40.3.54009/W32 for ARM              26/Feb/2014  21:43:19 #
# Copyright 2007-2012 IAR Systems AB.                                         #
#                                                                             #
#    Output file  =  C:\Users\rynmcd\Documents\GitHub\EE-472\FreeRTOSver\Debu #
#                    g\Exe\RTOSDemo.out                                       #
#    Map file     =  C:\Users\rynmcd\Documents\GitHub\EE-472\FreeRTOSver\Debu #
#                    g\List\RTOSDemo.map                                      #
#    Command line =  C:\StellarisWare\driverlib\ewarm-cm3\Exe\driverlib-cm3.a #
#                     C:\Users\rynmcd\Documents\GitHub\EE-472\FreeRTOSver\Deb #
#                    ug\Obj\IntQueue.o C:\Users\rynmcd\Documents\GitHub\EE-47 #
#                    2\FreeRTOSver\Debug\Obj\IntQueueTimer.o                  #
#                    C:\Users\rynmcd\Documents\GitHub\EE-472\FreeRTOSver\Debu #
#                    g\Obj\ParTest.o C:\Users\rynmcd\Documents\GitHub\EE-472\ #
#                    FreeRTOSver\Debug\Obj\circularbuffer.o                   #
#                    C:\Users\rynmcd\Documents\GitHub\EE-472\FreeRTOSver\Debu #
#                    g\Obj\communication.o C:\Users\rynmcd\Documents\GitHub\E #
#                    E-472\FreeRTOSver\Debug\Obj\compute.o                    #
#                    C:\Users\rynmcd\Documents\GitHub\EE-472\FreeRTOSver\Debu #
#                    g\Obj\ekgCapture.o C:\Users\rynmcd\Documents\GitHub\EE-4 #
#                    72\FreeRTOSver\Debug\Obj\ekgProcess.o                    #
#                    C:\Users\rynmcd\Documents\GitHub\EE-472\FreeRTOSver\Debu #
#                    g\Obj\heap_2.o C:\Users\rynmcd\Documents\GitHub\EE-472\F #
#                    reeRTOSver\Debug\Obj\interrupts.o                        #
#                    C:\Users\rynmcd\Documents\GitHub\EE-472\FreeRTOSver\Debu #
#                    g\Obj\keypad.o C:\Users\rynmcd\Documents\GitHub\EE-472\F #
#                    reeRTOSver\Debug\Obj\list.o                              #
#                    C:\Users\rynmcd\Documents\GitHub\EE-472\FreeRTOSver\Debu #
#                    g\Obj\main.o C:\Users\rynmcd\Documents\GitHub\EE-472\Fre #
#                    eRTOSver\Debug\Obj\measure.o                             #
#                    C:\Users\rynmcd\Documents\GitHub\EE-472\FreeRTOSver\Debu #
#                    g\Obj\oledDisplay.o C:\Users\rynmcd\Documents\GitHub\EE- #
#                    472\FreeRTOSver\Debug\Obj\optfft.o                       #
#                    C:\Users\rynmcd\Documents\GitHub\EE-472\FreeRTOSver\Debu #
#                    g\Obj\port.o C:\Users\rynmcd\Documents\GitHub\EE-472\Fre #
#                    eRTOSver\Debug\Obj\portasm.o                             #
#                    C:\Users\rynmcd\Documents\GitHub\EE-472\FreeRTOSver\Debu #
#                    g\Obj\queue.o C:\Users\rynmcd\Documents\GitHub\EE-472\Fr #
#                    eeRTOSver\Debug\Obj\rit128x96x4.o                        #
#                    C:\Users\rynmcd\Documents\GitHub\EE-472\FreeRTOSver\Debu #
#                    g\Obj\schedule.o C:\Users\rynmcd\Documents\GitHub\EE-472 #
#                    \FreeRTOSver\Debug\Obj\startup.o                         #
#                    C:\Users\rynmcd\Documents\GitHub\EE-472\FreeRTOSver\Debu #
#                    g\Obj\startup_ewarm.o C:\Users\rynmcd\Documents\GitHub\E #
#                    E-472\FreeRTOSver\Debug\Obj\status.o                     #
#                    C:\Users\rynmcd\Documents\GitHub\EE-472\FreeRTOSver\Debu #
#                    g\Obj\tables.o C:\Users\rynmcd\Documents\GitHub\EE-472\F #
#                    reeRTOSver\Debug\Obj\tasks.o                             #
#                    C:\Users\rynmcd\Documents\GitHub\EE-472\FreeRTOSver\Debu #
#                    g\Obj\timertest.o C:\Users\rynmcd\Documents\GitHub\EE-47 #
#                    2\FreeRTOSver\Debug\Obj\uartstdio.o                      #
#                    C:\Users\rynmcd\Documents\GitHub\EE-472\FreeRTOSver\Debu #
#                    g\Obj\warningAlarm.o --redirect _Printf=_PrintfSmall     #
#                    --redirect _Scanf=_ScanfSmall -o                         #
#                    C:\Users\rynmcd\Documents\GitHub\EE-472\FreeRTOSver\Debu #
#                    g\Exe\RTOSDemo.out --map C:\Users\rynmcd\Documents\GitHu #
#                    b\EE-472\FreeRTOSver\Debug\List\RTOSDemo.map --config    #
#                    C:\Users\rynmcd\Documents\GitHub\EE-472\FreeRTOSver\LM3S #
#                    xxxx.icf --entry __iar_program_start --vfe               #
#                                                                             #
#                                                                             #
###############################################################################

*******************************************************************************
*** RUNTIME MODEL ATTRIBUTES
***

CppFlavor       = *
__SystemLibrary = DLib


*******************************************************************************
*** PLACEMENT SUMMARY
***

"A1":  place at start of [0x00000000-0x0003ffff] { ro section .intvec };
"P1":  place in [from 0x00000000 to 0x0003ffff] { ro };
"P2":  place in [from 0x20000000 to 0x2000ffff] { rw, block HEAP };

  Section            Kind        Address    Size  Object
  -------            ----        -------    ----  ------
"A1":                                       0xf0
  .intvec            const    0x00000000    0xf0  startup_ewarm.o [1]
                            - 0x000000f0    0xf0

"P1":                                     0x4618
  .text              ro code  0x000000f0   0x5a0  tasks.o [1]
  .text              ro code  0x00000690    0xd8  heap_2.o [1]
  .text              ro code  0x00000768    0x3a  ABImemset48.o [6]
  .text              ro code  0x000007a2    0x22  zero_init3.o [6]
  .text              ro code  0x000007c4    0x6c  strncpy.o [6]
  .text              ro code  0x00000830    0x92  list.o [1]
  .text              ro code  0x000008c2     0xa  xsprout.o [3]
  .text              ro code  0x000008cc    0xa0  port.o [1]
  CODE               ro code  0x0000096c    0x8c  portasm.o [1]
  .text              ro code  0x000009f8    0x38  main.o [1]
  .text              ro code  0x00000a30    0x62  memcmp.o [6]
  .text              ro code  0x00000a94    0x66  ABImemset.o [6]
  .text              ro code  0x00000afc   0x450  sysctl.o [4]
  .text              ro code  0x00000f4c   0x2f0  startup.o [1]
  .text              ro code  0x0000123c    0xb4  timertest.o [1]
  .text              ro code  0x000012f0    0x6e  timer.o [4]
  .text              ro code  0x00001360   0x1b4  interrupt.o [4]
  .text              ro code  0x00001514   0x188  gpio.o [4]
  .text              ro code  0x0000169c    0x6a  circularbuffer.o [1]
  .text              ro code  0x00001708    0x10  cpu.o [4]
  .text              ro code  0x00001718    0x76  ABImemcpy.o [6]
  .text              ro code  0x00001790   0x54c  optfft.o [1]
  .text              ro code  0x00001cdc   0x4c4  rit128x96x4.o [1]
  .text              ro code  0x000021a0    0x86  ssi.o [4]
  .text              ro code  0x00002228   0x4a0  xprintfsmall.o [3]
  .text              ro code  0x000026c8    0x16  strchr.o [6]
  .text              ro code  0x000026e0    0x36  strlen.o [6]
  .text              ro code  0x00002718    0x58  memchr.o [6]
  .text              ro code  0x00002770   0x494  uartstdio.o [1]
  .text              ro code  0x00002c04    0xea  uart.o [4]
  .text              ro code  0x00002cf0   0x464  oledDisplay.o [1]
  .text              ro code  0x00003154   0x2e4  warningAlarm.o [1]
  .text              ro code  0x00003438    0x8c  pwm.o [4]
  .text              ro code  0x000034c4   0x284  compute.o [1]
  .text              ro code  0x00003748    0x30  I32ToDbl.o [5]
  .text              ro code  0x00003778   0x1a2  DblMul.o [5]
  .text              ro code  0x0000391c    0x4c  DblToI32.o [5]
  .text              ro code  0x00003968   0x180  DblSub.o [5]
  .text              ro code  0x00003ae8    0xe8  DblAdd.o [5]
  .text              ro code  0x00003bd0    0x34  sprintf.o [3]
  .text              ro code  0x00003c04    0x44  strcpy.o [6]
  .text              ro code  0x00003c48   0x1fc  keypad.o [1]
  .text              ro code  0x00003e44   0x170  measure.o [1]
  .text              ro code  0x00003fb4   0x146  adc.o [4]
  .text              ro code  0x000040fc   0x15c  communication.o [1]
  .text              ro code  0x00004258   0x114  ekgCapture.o [1]
  .text              ro code  0x0000436c    0xa6  packbits_init3.o [6]
  .text              ro code  0x00004414    0x64  interrupts.o [1]
  .text              ro code  0x00004478    0x60  ekgProcess.o [1]
  .text              ro code  0x000044d8    0x28  data_init3.o [6]
  .text              ro code  0x00004500    0x26  status.o [1]
  .iar.init_table    const    0x00004528    0x2c  - Linker created -
  .text              ro code  0x00004554    0x16  cmain.o [6]
  .text              ro code  0x0000456a     0x4  low_level_init.o [3]
  .text              ro code  0x0000456e     0x4  exit.o [3]
  .text              ro code  0x00004574     0xa  cexit.o [6]
  .text              ro code  0x00004580     0xc  XXexit.o [6]
  .text              ro code  0x0000458c     0xc  cstartup_M.o [6]
  .text              ro code  0x00004598     0xa  startup_ewarm.o [1]
  .rodata            const    0x000045a2     0x0  zero_init3.o [6]
  .rodata            const    0x000045a2     0x0  packbits_init3.o [6]
  Initializer bytes  ro data  0x000045a2   0x166  <for P2 s0>
                            - 0x00004708  0x4618

"P2", part 1 of 3:                         0x690
  P2 s0                       0x20000000   0x68e  <Init block>
    .data            inited   0x20000000   0x520  startup.o [1]
    .data            inited   0x20000520    0xe4  startup.o [1]
    .data            inited   0x20000604    0x6c  tasks.o [1]
    .data            inited   0x20000670     0xc  heap_2.o [1]
    .data            inited   0x2000067c     0xc  measure.o [1]
    .data            inited   0x20000688     0x4  port.o [1]
    .data            inited   0x2000068c     0x2  startup.o [1]
                            - 0x2000068e   0x68e

"P2", part 2 of 3:                        0x6b70
  .bss               zero     0x20000690  0x5dcc  heap_2.o [1]
  .bss               zero     0x2000645c   0x400  startup.o [1]
  .bss               zero     0x2000685c   0x400  startup.o [1]
  .bss               zero     0x20006c5c   0x400  uartstdio.o [1]
  .bss               zero     0x2000705c    0xac  tasks.o [1]
  .bss               zero     0x20007108    0x80  uartstdio.o [1]
  .bss               zero     0x20007188    0x1c  uartstdio.o [1]
  .bss               zero     0x200071a4    0x14  rit128x96x4.o [1]
  .bss               zero     0x200071b8    0x14  warningAlarm.o [1]
  .bss               zero     0x200071cc     0xc  interrupts.o [1]
  .bss               zero     0x200071d8     0xc  timertest.o [1]
  .bss               zero     0x200071e4     0x8  rit128x96x4.o [1]
  .bss               zero     0x200071ec     0x4  ekgCapture.o [1]
  .bss               zero     0x200071f0     0x4  main.o [1]
  .bss               zero     0x200071f4     0x2  oledDisplay.o [1]
  .bss               zero     0x200071f6     0x2  startup.o [1]
  .bss               zero     0x200071f8     0x2  startup.o [1]
  .bss               zero     0x200071fa     0x2  startup.o [1]
  .bss               zero     0x200071fc     0x2  startup.o [1]
                            - 0x200071fe  0x6b6e

"P2", part 3 of 3:                        0x4000
  .noinit            uninit   0x20007200  0x4000  startup_ewarm.o [1]
                            - 0x2000b200  0x4000


*******************************************************************************
*** INIT TABLE
***

          Address     Size
          -------     ----
Zero (__iar_zero_init3)
    1 destination range, total size 0x6b6e:
          0x20000690  0x6b6e

Copy/packbits (__iar_packbits_init3)
    1 source range, total size 0x166 (21% of destination):
          0x000045a2   0x166
    1 destination range, total size 0x68e:
          0x20000000   0x68e



*******************************************************************************
*** MODULE SUMMARY
***

    Module            ro code  ro data  rw data
    ------            -------  -------  -------
C:\Users\rynmcd\Documents\GitHub\EE-472\FreeRTOSver\Debug\Obj: [1]
    circularbuffer.o      106
    communication.o       348
    compute.o             644
    ekgCapture.o          276                 4
    ekgProcess.o           96
    heap_2.o              216        3   24 024
    interrupts.o          100                12
    keypad.o              508
    list.o                146
    main.o                 56                 4
    measure.o             368        2       12
    oledDisplay.o       1 124                 2
    optfft.o            1 356
    port.o                160        1        4
    portasm.o             140
    rit128x96x4.o       1 220                28
    startup.o             752      329    3 598
    startup_ewarm.o        10      240   16 384
    status.o               38
    tasks.o             1 440       23      280
    timertest.o           180                12
    uartstdio.o         1 172             1 180
    warningAlarm.o        740                20
    -------------------------------------------
    Total:             11 196      598   45 564

command line: [2]
    -------------------------------------------
    Total:

dl7M_tln.a: [3]
    exit.o                  4
    low_level_init.o        4
    sprintf.o              52
    xprintfsmall.o      1 184
    xsprout.o              10
    -------------------------------------------
    Total:              1 254

driverlib-cm3.a: [4]
    adc.o                 326
    cpu.o                  16
    gpio.o                392
    interrupt.o           436
    pwm.o                 140
    ssi.o                 134
    sysctl.o            1 104
    timer.o               110
    uart.o                234
    -------------------------------------------
    Total:              2 892

m7M_tl.a: [5]
    DblAdd.o              232
    DblMul.o              418
    DblSub.o              384
    DblToI32.o             76
    I32ToDbl.o             48
    -------------------------------------------
    Total:              1 158

rt7M_tl.a: [6]
    ABImemcpy.o           118
    ABImemset.o           102
    ABImemset48.o          58
    XXexit.o               12
    cexit.o                10
    cmain.o                22
    cstartup_M.o           12
    data_init3.o           40
    memchr.o               88
    memcmp.o               98
    packbits_init3.o      166
    strchr.o               22
    strcpy.o               68
    strlen.o               54
    strncpy.o             108
    zero_init3.o           34
    -------------------------------------------
    Total:              1 012

    Gaps                   28        2
    Linker created                  44
-----------------------------------------------
    Grand Total:       17 540      644   45 564


*******************************************************************************
*** ENTRY LIST
***

Entry                      Address    Size  Type      Object
-----                      -------    ----  ----      ------
?main                   0x00004555          Code  Gb  cmain.o [6]
ADCIntClear             0x00003fed     0xa  Code  Gb  adc.o [4]
ADCIntEnable            0x00003fb5     0xe  Code  Gb  adc.o [4]
ADCIntStatus            0x00003fc3    0x2a  Code  Gb  adc.o [4]
ADCProcessorTrigger     0x000040d5    0x1c  Code  Gb  adc.o [4]
ADCSequenceConfigure    0x0000400d    0x30  Code  Gb  adc.o [4]
ADCSequenceDataGet      0x000040b7    0x1e  Code  Gb  adc.o [4]
ADCSequenceDisable      0x00003ffd     0x2  Code  Gb  adc.o [4]
ADCSequenceEnable       0x00003ff7     0x6  Code  Gb  adc.o [4]
ADCSequenceStepConfigure
                        0x0000403d    0x70  Code  Gb  adc.o [4]
CPUcpsid                0x00001709     0x8  Code  Gb  cpu.o [4]
CPUcpsie                0x00001711     0x8  Code  Gb  cpu.o [4]
EKGFreq                 0x20000100    0x40  Data  Gb  startup.o [1]
EKGRaw                  0x2000645c   0x400  Data  Gb  startup.o [1]
EKGRawTemp              0x2000685c   0x400  Data  Gb  startup.o [1]
FaultISR                0x0000459f     0x2  Code  Lc  startup_ewarm.o [1]
GPIODirModeSet          0x00001515    0x28  Code  Gb  gpio.o [4]
GPIOFIntHandler         0x00004415    0x1e  Code  Gb  interrupts.o [1]
GPIOIntTypeSet          0x0000153d    0x38  Code  Gb  gpio.o [4]
GPIOPadConfigSet        0x00001575    0x98  Code  Gb  gpio.o [4]
GPIOPinIntClear         0x00001613     0x6  Code  Gb  gpio.o [4]
GPIOPinIntEnable        0x0000160d     0x6  Code  Gb  gpio.o [4]
GPIOPinRead             0x00001619     0x6  Code  Gb  gpio.o [4]
GPIOPinTypeADC          0x00001625     0x4  Code  Gb  gpio.o [4]
GPIOPinTypeGPIOInput    0x00001643    0x10  Code  Gb  gpio.o [4]
GPIOPinTypeGPIOOutput   0x00001653     0xa  Code  Gb  gpio.o [4]
GPIOPinTypePWM          0x00001677     0xa  Code  Gb  gpio.o [4]
GPIOPinTypeSSI          0x00001681     0xa  Code  Gb  gpio.o [4]
GPIOPinTypeUART         0x0000168b     0xa  Code  Gb  gpio.o [4]
GPIOPinWrite            0x0000161f     0x6  Code  Gb  gpio.o [4]
IntDefaultHandler       0x000045a1     0x2  Code  Lc  startup_ewarm.o [1]
IntDisable              0x000013f1    0x58  Code  Gb  interrupt.o [4]
IntEnable               0x00001399    0x58  Code  Gb  interrupt.o [4]
IntMasterDisable        0x0000136b     0xa  Code  Gb  interrupt.o [4]
IntMasterEnable         0x00001361     0xa  Code  Gb  interrupt.o [4]
IntPrioritySet          0x00001375    0x24  Code  Gb  interrupt.o [4]
IsBufferEmpty           0x0000278b    0x10  Code  Lc  uartstdio.o [1]
IsBufferFull            0x00002771    0x1a  Code  Lc  uartstdio.o [1]
NmiSR                   0x0000459d     0x2  Code  Lc  startup_ewarm.o [1]
PWMGenConfigure         0x00003439    0x2c  Code  Gb  pwm.o [4]
PWMGenDisable           0x0000347f     0x6  Code  Gb  pwm.o [4]
PWMGenEnable            0x00003479     0x6  Code  Gb  pwm.o [4]
PWMGenPeriodSet         0x00003465    0x14  Code  Gb  pwm.o [4]
PWMOutputState          0x000034b3    0x12  Code  Gb  pwm.o [4]
PWMPulseWidthSet        0x00003485    0x1e  Code  Gb  pwm.o [4]
RIT128x96x4Clear        0x00001d4b    0x38  Code  Gb  rit128x96x4.o [1]
RIT128x96x4Enable       0x00001e39    0x4a  Code  Gb  rit128x96x4.o [1]
RIT128x96x4Init         0x00001e91    0x86  Code  Gb  rit128x96x4.o [1]
RIT128x96x4StringDraw   0x00001d83    0xa6  Code  Gb  rit128x96x4.o [1]
RITWriteCommand         0x00001cdd    0x32  Code  Lc  rit128x96x4.o [1]
RITWriteData            0x00001d0f    0x32  Code  Lc  rit128x96x4.o [1]
Region$$Table$$Base     0x00004528           --   Gb  - Linker created -
Region$$Table$$Limit    0x00004554           --   Gb  - Linker created -
ResetISR                0x00004599     0x4  Code  Gb  startup_ewarm.o [1]
SSIConfigSetExpClk      0x000021a1    0x46  Code  Gb  ssi.o [4]
SSIDataGet              0x00002209     0xc  Code  Gb  ssi.o [4]
SSIDataGetNonBlocking   0x00002215    0x12  Code  Gb  ssi.o [4]
SSIDataPut              0x000021ff     0xa  Code  Gb  ssi.o [4]
SSIDisable              0x000021f3     0xc  Code  Gb  ssi.o [4]
SSIEnable               0x000021e7     0xc  Code  Gb  ssi.o [4]
SysCtlClockGet          0x00000cc3   0x19a  Code  Gb  sysctl.o [4]
SysCtlClockSet          0x00000bad   0x116  Code  Gb  sysctl.o [4]
SysCtlDelay             0x00000ba5     0x8  Code  Gb  sysctl.o [4]
SysCtlPWMClockSet       0x00000e5d     0xa  Code  Gb  sysctl.o [4]
SysCtlPeripheralEnable  0x00000b5b    0x1c  Code  Gb  sysctl.o [4]
SysCtlPeripheralPresent
                        0x00000afd    0x5e  Code  Gb  sysctl.o [4]
Timer0IntHandler        0x000012a5    0x32  Code  Gb  timertest.o [1]
TimerConfigure          0x000012fd    0x26  Code  Gb  timer.o [4]
TimerControlTrigger     0x00001329    0x18  Code  Gb  timer.o [4]
TimerEnable             0x000012f1     0xc  Code  Gb  timer.o [4]
TimerIntClear           0x0000135b     0x4  Code  Gb  timer.o [4]
TimerIntEnable          0x00001351     0x4  Code  Gb  timer.o [4]
TimerLoadSet            0x00001341    0x10  Code  Gb  timer.o [4]
UARTCharGetNonBlocking  0x00002caf     0xa  Code  Gb  uart.o [4]
UARTCharPutNonBlocking  0x00002cbf    0x10  Code  Gb  uart.o [4]
UARTCharsAvail          0x00002c9b     0x6  Code  Gb  uart.o [4]
UARTConfigSetExpClk     0x00002c0b    0x4c  Code  Gb  uart.o [4]
UARTDisable             0x00002c71    0x1e  Code  Gb  uart.o [4]
UARTEnable              0x00002c57    0x1a  Code  Gb  uart.o [4]
UARTFIFOLevelSet        0x00002c05     0x6  Code  Gb  uart.o [4]
UARTFlushRx             0x00002a79    0x1c  Code  Gb  uartstdio.o [1]
UARTFlushTx             0x00002a95    0x24  Code  Gb  uartstdio.o [1]
UARTIntClear            0x00002ceb     0x4  Code  Gb  uart.o [4]
UARTIntDisable          0x00002cd5     0x4  Code  Gb  uart.o [4]
UARTIntEnable           0x00002ccf     0x6  Code  Gb  uart.o [4]
UARTIntStatus           0x00002ce1     0xa  Code  Gb  uart.o [4]
UARTPrimeTransmit       0x0000279b    0x56  Code  Lc  uartstdio.o [1]
UARTSpaceAvail          0x00002ca1     0x4  Code  Gb  uart.o [4]
UARTStdioInit           0x000027f1     0x4  Code  Gb  uartstdio.o [1]
UARTStdioInitExpClk     0x000027f5    0x7a  Code  Gb  uartstdio.o [1]
UARTStdioIntHandler     0x00002ab9    0xe0  Code  Gb  uartstdio.o [1]
UARTprintf              0x000028e9   0x186  Code  Gb  uartstdio.o [1]
UARTwrite               0x0000286f    0x58  Code  Gb  uartstdio.o [1]
_LitobSmall             0x000025f1    0xce  Code  Lc  xprintfsmall.o [3]
_PrintfSmall            0x00002229   0x3c2  Code  Gb  xprintfsmall.o [3]
_SProut                 0x000008c3     0xa  Code  Gb  xsprout.o [3]
__aeabi_d2iz            0x0000391d          Code  Gb  DblToI32.o [5]
__aeabi_dadd            0x00003ae9          Code  Gb  DblAdd.o [5]
__aeabi_dmul            0x00003779          Code  Gb  DblMul.o [5]
__aeabi_dsub            0x00003969          Code  Gb  DblSub.o [5]
__aeabi_i2d             0x00003749          Code  Gb  I32ToDbl.o [5]
__aeabi_memcpy          0x00001719          Code  Gb  ABImemcpy.o [6]
__aeabi_memcpy4         0x00001739          Code  Gb  ABImemcpy.o [6]
__aeabi_memcpy8         0x00001739          Code  Gb  ABImemcpy.o [6]
__aeabi_memset          0x00000a95          Code  Gb  ABImemset.o [6]
__aeabi_memset4         0x00000769          Code  Gb  ABImemset48.o [6]
__aeabi_memset8         0x00000769          Code  Gb  ABImemset48.o [6]
__aeabi_ui2d            0x0000375d          Code  Gb  I32ToDbl.o [5]
__cmain                 0x00004555          Code  Gb  cmain.o [6]
__exit                  0x00004581          Code  Gb  XXexit.o [6]
__iar_Memchr            0x00002719          Code  Gb  memchr.o [6]
__iar_Memset            0x00000a95          Code  Gb  ABImemset.o [6]
__iar_Memset4_word      0x00000771          Code  Gb  ABImemset48.o [6]
__iar_Memset8_word      0x00000771          Code  Gb  ABImemset48.o [6]
__iar_Memset_word       0x00000a9d          Code  Gb  ABImemset.o [6]
__iar_Strchr            0x000026c9          Code  Gb  strchr.o [6]
__iar_d2uiz             0x00003949          Code  Gb  DblToI32.o [5]
__iar_dadd              0x00003afd          Code  Gb  DblAdd.o [5]
__iar_data_init3        0x000044d9    0x28  Code  Gb  data_init3.o [6]
__iar_dsub              0x0000397d          Code  Gb  DblSub.o [5]
__iar_dsubStart         0x0000398f          Code  Gb  DblSub.o [5]
__iar_packbits_init3    0x0000436d    0xa6  Code  Gb  packbits_init3.o [6]
__iar_program_start     0x0000458d          Code  Gb  cstartup_M.o [6]
__iar_ui2d              0x00003761          Code  Gb  I32ToDbl.o [5]
__iar_zero_init3        0x000007a3    0x22  Code  Gb  zero_init3.o [6]
__low_level_init        0x0000456b     0x4  Code  Gb  low_level_init.o [3]
__vector_table          0x00000000    0xf0  Data  Gb  startup_ewarm.o [1]
_call_main              0x00004561          Code  Gb  cmain.o [6]
_exit                   0x00004575          Code  Gb  cexit.o [6]
_main                   0x00004567          Code  Gb  cmain.o [6]
ackCounter              0x200071c4     0x4  Data  Gb  warningAlarm.o [1]
alarmAcknowledge        0x200071fc     0x2  Data  Gb  startup.o [1]
battCorrected           0x200003e0    0x80  Data  Gb  startup.o [1]
battCorrectedBuf        0x20000460    0x20  Data  Gb  startup.o [1]
batteryAlarm            0x200071bf     0x1  Data  Gb  warningAlarm.o [1]
batteryOutOfRange       0x200071bb     0x1  Data  Gb  warningAlarm.o [1]
batteryState            0x2000068c     0x2  Data  Gb  startup.o [1]
bpAlarm                 0x200071bc     0x1  Data  Gb  warningAlarm.o [1]
bpOutOfRange            0x200071b8     0x1  Data  Gb  warningAlarm.o [1]
button                  0x200071c8     0x4  Data  Gb  warningAlarm.o [1]
cBuffInit               0x0000169d    0x20  Code  Gb  circularbuffer.o [1]
cBuffPush               0x000016d5    0x32  Code  Gb  circularbuffer.o [1]
cBuffPut                0x000016bd    0x18  Code  Gb  circularbuffer.o [1]
clearOLED               0x00003047    0x1c  Code  Gb  oledDisplay.o [1]
communication           0x000040fd    0x88  Code  Gb  communication.o [1]
communicationsData      0x200005d8    0x1c  Data  Gb  startup.o [1]
compute                 0x000034c5   0x16a  Code  Gb  compute.o [1]
computeData             0x20000564    0x34  Data  Gb  startup.o [1]
diastolicPressCorrected
                        0x200002a0    0x80  Data  Gb  startup.o [1]
diastolicPressCorrectedBuf
                        0x20000320    0x20  Data  Gb  startup.o [1]
diastolicPressRaw       0x20000080    0x20  Data  Gb  startup.o [1]
diastolicPressRawBuf    0x200000a0    0x20  Data  Gb  startup.o [1]
displayData             0x20000598    0x24  Data  Gb  startup.o [1]
displayMode             0x200071f8     0x2  Data  Gb  startup.o [1]
displayScroll           0x200071fa     0x2  Data  Gb  startup.o [1]
ekgCapture              0x00004259    0xba  Code  Gb  ekgCapture.o [1]
ekgCorrected            0x20000480    0x80  Data  Gb  startup.o [1]
ekgCorrectedBuf         0x20000500    0x20  Data  Gb  startup.o [1]
ekgData                 0x20000544     0xc  Data  Gb  startup.o [1]
ekgFreqBuf              0x20000140    0x20  Data  Gb  startup.o [1]
ekgInterrupt            0x00004313    0x36  Code  Gb  ekgCapture.o [1]
ekgProcess              0x00004479    0x54  Code  Gb  ekgProcess.o [1]
exit                    0x0000456f     0x4  Code  Gb  exit.o [3]
findSize                0x000036c7    0x32  Code  Gb  compute.o [1]
g_bDisableEcho          0x20007188     0x1  Data  Lc  uartstdio.o [1]
g_bSSIEnabled           0x200071a4     0x1  Data  Lc  rit128x96x4.o [1]
g_pcUARTRxBuffer        0x20007108    0x80  Data  Lc  uartstdio.o [1]
g_pcUARTTxBuffer        0x20006c5c   0x400  Data  Lc  uartstdio.o [1]
g_pucBuffer             0x200071e4     0x8  Data  Lc  rit128x96x4.o [1]
g_pucFont               0x00001f68   0x1e0  Data  Lc  rit128x96x4.o [1]
g_pucRIT128x96x4HorizontalInc
                        0x00001f64     0x2  Data  Lc  rit128x96x4.o [1]
g_pucRIT128x96x4Init    0x00002148    0x50  Data  Lc  rit128x96x4.o [1]
g_pucRIT128x96x4VerticalInc
                        0x00001f60     0x2  Data  Lc  rit128x96x4.o [1]
g_pulDCRegs             0x00000ec4    0x10  Data  Lc  sysctl.o [4]
g_pulDisRegs            0x00001500    0x14  Data  Lc  interrupt.o [4]
g_pulEnRegs             0x000014ec    0x14  Data  Lc  interrupt.o [4]
g_pulRCGCRegs           0x00000ed4     0xc  Data  Lc  sysctl.o [4]
g_pulRegs               0x00001450    0x9c  Data  Lc  interrupt.o [4]
g_pulXtals              0x00000ee0    0x6c  Data  Lc  sysctl.o [4]
g_ulBase                0x2000719c     0x4  Data  Lc  uartstdio.o [1]
g_ulPortNum             0x200071a0     0x4  Data  Lc  uartstdio.o [1]
g_ulUARTBase            0x00002be0     0xc  Data  Lc  uartstdio.o [1]
g_ulUARTInt             0x00002bec     0xc  Data  Lc  uartstdio.o [1]
g_ulUARTPeriph          0x00002bf8     0xc  Data  Lc  uartstdio.o [1]
g_ulUARTRxReadIndex     0x20007198     0x4  Data  Lc  uartstdio.o [1]
g_ulUARTRxWriteIndex    0x20007194     0x4  Data  Lc  uartstdio.o [1]
g_ulUARTTxReadIndex     0x20007190     0x4  Data  Lc  uartstdio.o [1]
g_ulUARTTxWriteIndex    0x2000718c     0x4  Data  Lc  uartstdio.o [1]
getDigits               0x0000372d    0x14  Code  Gb  compute.o [1]
index                   0x200071ec     0x4  Data  Gb  ekgCapture.o [1]
keypad                  0x00003c49   0x186  Code  Gb  keypad.o [1]
keypadData              0x200005f4    0x10  Data  Gb  startup.o [1]
keypadSetUp             0x00003de7    0x40  Code  Gb  keypad.o [1]
main                    0x000009f9    0x18  Code  Gb  main.o [1]
measure                 0x00003e75    0x58  Code  Gb  measure.o [1]
measureBloodPressure    0x00003f23    0x7a  Code  Gb  measure.o [1]
measureData             0x20000550    0x14  Data  Gb  startup.o [1]
measurePulseRate        0x00003f05    0x1e  Code  Gb  measure.o [1]
measureSetup            0x00003e45    0x30  Code  Gb  measure.o [1]
measureTemp             0x00003ecd    0x38  Code  Gb  measure.o [1]
measurementSelection    0x200071f6     0x2  Data  Gb  startup.o [1]
memchr                  0x00002719          Code  Gb  memchr.o [6]
memcmp                  0x00000a31          Code  Gb  memcmp.o [6]
oledDisplay             0x00002cf1   0x2f8  Code  Gb  oledDisplay.o [1]
optfft                  0x00001791   0x14c  Code  Gb  optfft.o [1]
pcTraceBuffer           0x200070dc     0x4  Data  Lc  tasks.o [1]
pcTraceBufferEnd        0x20000664     0x4  Data  Lc  tasks.o [1]
pcTraceBufferStart      0x20000660     0x4  Data  Lc  tasks.o [1]
prTimerIntHandler       0x00004433    0x30  Code  Gb  interrupts.o [1]
prvAddCurrentTaskToDelayedList
                        0x00000639    0x34  Code  Lc  tasks.o [1]
prvIdleTask             0x000005ed    0x4c  Code  Lc  tasks.o [1]
pulStack                0x20007200  0x4000  Data  Lc  startup_ewarm.o [1]
pulseAlarm              0x200071be     0x1  Data  Gb  warningAlarm.o [1]
pulseOutOfRange         0x200071ba     0x1  Data  Gb  warningAlarm.o [1]
pulseRateCorrected      0x20000340    0x80  Data  Gb  startup.o [1]
pulseRateCorrectedBuf   0x200003c0    0x20  Data  Gb  startup.o [1]
pulseRateCount          0x200071d0     0x4  Data  Gb  interrupts.o [1]
pulseRateFlag           0x200071cc     0x2  Data  Gb  interrupts.o [1]
pulseRateRaw            0x200000c0    0x20  Data  Gb  startup.o [1]
pulseRateRawBuf         0x200000e0    0x20  Data  Gb  startup.o [1]
pulseRateSample         0x200071d4     0x4  Data  Gb  interrupts.o [1]
pvPortMalloc            0x00000691    0x9e  Code  Gb  heap_2.o [1]
pxCurrentTCB            0x2000705c     0x4  Data  Gb  tasks.o [1]
pxDelayedTaskList       0x200070c4     0x4  Data  Lc  tasks.o [1]
pxOverflowDelayedTaskList
                        0x200070c8     0x4  Data  Lc  tasks.o [1]
pxPortInitialiseStack   0x000008cd    0x1a  Code  Gb  port.o [1]
pxReadyTasksLists       0x20007060    0x64  Data  Lc  tasks.o [1]
schedulerInit           0x00001081   0x108  Code  Gb  startup.o [1]
sprintf                 0x00003bd1    0x34  Code  Gb  sprintf.o [3]
startup                 0x00000f4d   0x134  Code  Gb  startup.o [1]
state                   0x200071c0     0x1  Data  Gb  warningAlarm.o [1]
status                  0x00004501    0x26  Code  Gb  status.o [1]
statusData              0x200005bc     0x4  Data  Gb  startup.o [1]
strchr                  0x000026c9          Code  Gb  strchr.o [6]
strcpy                  0x00003c05          Code  Gb  strcpy.o [6]
strlen                  0x000026e1          Code  Gb  strlen.o [6]
strncpy                 0x000007c5          Code  Gb  strncpy.o [6]
systolicPressCorrected  0x20000200    0x80  Data  Gb  startup.o [1]
systolicPressCorrectedBuf
                        0x20000280    0x20  Data  Gb  startup.o [1]
systolicPressRaw        0x20000040    0x20  Data  Gb  startup.o [1]
systolicPressRawBuf     0x20000060    0x20  Data  Gb  startup.o [1]
taskList                0x20000520    0x24  Data  Gb  startup.o [1]
tempAlarm               0x200071bd     0x1  Data  Gb  warningAlarm.o [1]
tempCorrected           0x20000160    0x80  Data  Gb  startup.o [1]
tempCorrectedBuf        0x200001e0    0x20  Data  Gb  startup.o [1]
tempOutOfRange          0x200071b9     0x1  Data  Gb  warningAlarm.o [1]
temperatureRaw          0x20000000    0x20  Data  Gb  startup.o [1]
temperatureRawBuf       0x20000020    0x20  Data  Gb  startup.o [1]
toString                0x00003645    0x82  Code  Gb  compute.o [1]
ulGPIOBase              0x200071ac     0x4  Data  Gb  rit128x96x4.o [1]
ulGPIOId                0x200071a8     0x4  Data  Gb  rit128x96x4.o [1]
ulMaxJitter             0x200071d8     0x4  Data  Gb  timertest.o [1]
ulOLEDDC_PIN            0x200071b0     0x4  Data  Gb  rit128x96x4.o [1]
ulOLEDEN_PIN            0x200071b4     0x4  Data  Gb  rit128x96x4.o [1]
uxCriticalNesting       0x20000688     0x4  Data  Lc  port.o [1]
uxCurrentNumberOfTasks  0x200070cc     0x4  Data  Lc  tasks.o [1]
uxMissedTicks           0x2000064c     0x4  Data  Lc  tasks.o [1]
uxPreviousTask          0x2000066c     0x4  Data  Lc  tasks.o [1]
uxSchedulerSuspended    0x200070d8     0x4  Data  Lc  tasks.o [1]
uxTaskNumber            0x20000658     0x4  Data  Lc  tasks.o [1]
uxTasksDeleted          0x2000062c     0x4  Data  Lc  tasks.o [1]
uxTopReadyPriority      0x200070d4     0x4  Data  Lc  tasks.o [1]
uxTopUsedPriority       0x20000644     0x4  Data  Lc  tasks.o [1]
vApplicationStackOverflowHook
                        0x00000a11     0x2  Code  Gb  main.o [1]
vApplicationTickHook    0x00000a13    0x14  Code  Gb  main.o [1]
vListInitialise         0x00000831    0x1a  Code  Gb  list.o [1]
vListInitialiseItem     0x0000084b     0x6  Code  Gb  list.o [1]
vListInsert             0x0000086d    0x32  Code  Gb  list.o [1]
vListInsertEnd          0x00000851    0x1c  Code  Gb  list.o [1]
vListRemove             0x0000089f    0x24  Code  Gb  list.o [1]
vPortClearInterruptMask
                        0x000009b7          Code  Gb  portasm.o [1]
vPortEnterCritical      0x0000091f    0x10  Code  Gb  port.o [1]
vPortExitCritical       0x0000092f    0x10  Code  Gb  port.o [1]
vPortFree               0x0000072f    0x32  Code  Gb  heap_2.o [1]
vPortSVCHandler         0x000009c5          Code  Gb  portasm.o [1]
vPortSetInterruptMask   0x000009a9          Code  Gb  portasm.o [1]
vPortStartFirstTask     0x000009e1          Code  Gb  portasm.o [1]
vPortYieldFromISR       0x00000915     0xa  Code  Gb  port.o [1]
vSetMSP                 0x0000096d          Code  Gb  portasm.o [1]
vSetupHighFrequencyTimer
                        0x0000123d    0x68  Code  Gb  timertest.o [1]
vTaskDelayUntil         0x00000247    0x52  Code  Gb  tasks.o [1]
vTaskIncrementTick      0x00000481    0xa2  Code  Gb  tasks.o [1]
vTaskResume             0x00000321    0x46  Code  Gb  tasks.o [1]
vTaskStartScheduler     0x00000373    0x44  Code  Gb  tasks.o [1]
vTaskSuspend            0x00000299    0x68  Code  Gb  tasks.o [1]
vTaskSuspendAll         0x000003b7     0xc  Code  Gb  tasks.o [1]
vTaskSwitchContext      0x00000523    0xb6  Code  Gb  tasks.o [1]
warningAlarm            0x000031c7   0x246  Code  Gb  warningAlarm.o [1]
warningAlarmData        0x200005c0    0x18  Data  Gb  startup.o [1]
warningAlarmSetup       0x00003155    0x72  Code  Gb  warningAlarm.o [1]
xDelayedTaskList1       0x200070e0    0x14  Data  Lc  tasks.o [1]
xDelayedTaskList2       0x200070f4    0x14  Data  Lc  tasks.o [1]
xEnd                    0x20000690     0x8  Data  Lc  heap_2.o [1]
xFreeBytesRemaining     0x20000678     0x4  Data  Lc  heap_2.o [1]
xHeap                   0x20000698  0x5dc0  Data  Lc  heap_2.o [1]
xMissedYield            0x20000650     0x4  Data  Lc  tasks.o [1]
xNextTaskUnblockTime    0x2000065c     0x4  Data  Lc  tasks.o [1]
xNumOfOverflows         0x20000654     0x4  Data  Lc  tasks.o [1]
xPendingReadyList       0x20000604    0x14  Data  Lc  tasks.o [1]
xPortPendSVHandler      0x00000973          Code  Gb  portasm.o [1]
xPortStartScheduler     0x000008e7    0x2e  Code  Gb  port.o [1]
xPortSysTickHandler     0x0000093f    0x1a  Code  Gb  port.o [1]
xSchedulerRunning       0x20000648     0x4  Data  Lc  tasks.o [1]
xStart                  0x20000670     0x8  Data  Lc  heap_2.o [1]
xSuspendedTaskList      0x20000630    0x14  Data  Lc  tasks.o [1]
xTaskGenericCreate      0x000000f1   0x156  Code  Gb  tasks.o [1]
xTaskGetTickCount       0x0000045d     0xc  Code  Gb  tasks.o [1]
xTaskIsTaskSuspended    0x00000301    0x20  Code  Gb  tasks.o [1]
xTaskResumeAll          0x000003c3    0x8e  Code  Gb  tasks.o [1]
xTasksWaitingTermination
                        0x20000618    0x14  Data  Lc  tasks.o [1]
xTickCount              0x200070d0     0x4  Data  Lc  tasks.o [1]
xTracing                0x20000668     0x4  Data  Lc  tasks.o [1]


[1] = C:\Users\rynmcd\Documents\GitHub\EE-472\FreeRTOSver\Debug\Obj
[2] = command line
[3] = dl7M_tln.a
[4] = driverlib-cm3.a
[5] = m7M_tl.a
[6] = rt7M_tl.a

  17 540 bytes of readonly  code memory
     644 bytes of readonly  data memory
  45 564 bytes of readwrite data memory

Errors: none
Warnings: none
