###############################################################################
#                                                                             #
# IAR ELF Linker V6.40.3.54009/W32 for ARM              15/Mar/2014  19:41:20 #
# Copyright 2007-2012 IAR Systems AB.                                         #
#                                                                             #
#    Output file  =  C:\Users\rynmcd\Documents\GitHub\EE-472\FreeRTOSver\Debu #
#                    g\Exe\RTOSDemo.out                                       #
#    Map file     =  C:\Users\rynmcd\Documents\GitHub\EE-472\FreeRTOSver\Debu #
#                    g\List\RTOSDemo.map                                      #
#    Command line =  C:\StellarisWare\driverlib\ewarm-cm3\Exe\driverlib-cm3.a #
#                     C:\Users\rynmcd\Documents\GitHub\EE-472\FreeRTOSver\Deb #
#                    ug\Obj\circularbuffer.o C:\Users\rynmcd\Documents\GitHub #
#                    \EE-472\FreeRTOSver\Debug\Obj\communication.o            #
#                    C:\Users\rynmcd\Documents\GitHub\EE-472\FreeRTOSver\Debu #
#                    g\Obj\compute.o C:\Users\rynmcd\Documents\GitHub\EE-472\ #
#                    FreeRTOSver\Debug\Obj\ekgCapture.o                       #
#                    C:\Users\rynmcd\Documents\GitHub\EE-472\FreeRTOSver\Debu #
#                    g\Obj\ekgProcess.o C:\Users\rynmcd\Documents\GitHub\EE-4 #
#                    72\FreeRTOSver\Debug\Obj\emac.o                          #
#                    C:\Users\rynmcd\Documents\GitHub\EE-472\FreeRTOSver\Debu #
#                    g\Obj\heap_2.o C:\Users\rynmcd\Documents\GitHub\EE-472\F #
#                    reeRTOSver\Debug\Obj\http-strings.o                      #
#                    C:\Users\rynmcd\Documents\GitHub\EE-472\FreeRTOSver\Debu #
#                    g\Obj\httpd-cgi.o C:\Users\rynmcd\Documents\GitHub\EE-47 #
#                    2\FreeRTOSver\Debug\Obj\httpd-fs.o                       #
#                    C:\Users\rynmcd\Documents\GitHub\EE-472\FreeRTOSver\Debu #
#                    g\Obj\httpd.o C:\Users\rynmcd\Documents\GitHub\EE-472\Fr #
#                    eeRTOSver\Debug\Obj\interrupts.o                         #
#                    C:\Users\rynmcd\Documents\GitHub\EE-472\FreeRTOSver\Debu #
#                    g\Obj\keypad.o C:\Users\rynmcd\Documents\GitHub\EE-472\F #
#                    reeRTOSver\Debug\Obj\list.o                              #
#                    C:\Users\rynmcd\Documents\GitHub\EE-472\FreeRTOSver\Debu #
#                    g\Obj\main.o C:\Users\rynmcd\Documents\GitHub\EE-472\Fre #
#                    eRTOSver\Debug\Obj\measure.o                             #
#                    C:\Users\rynmcd\Documents\GitHub\EE-472\FreeRTOSver\Debu #
#                    g\Obj\oledDisplay.o C:\Users\rynmcd\Documents\GitHub\EE- #
#                    472\FreeRTOSver\Debug\Obj\optfft.o                       #
#                    C:\Users\rynmcd\Documents\GitHub\EE-472\FreeRTOSver\Debu #
#                    g\Obj\port.o C:\Users\rynmcd\Documents\GitHub\EE-472\Fre #
#                    eRTOSver\Debug\Obj\portasm.o                             #
#                    C:\Users\rynmcd\Documents\GitHub\EE-472\FreeRTOSver\Debu #
#                    g\Obj\psock.o C:\Users\rynmcd\Documents\GitHub\EE-472\Fr #
#                    eeRTOSver\Debug\Obj\queue.o                              #
#                    C:\Users\rynmcd\Documents\GitHub\EE-472\FreeRTOSver\Debu #
#                    g\Obj\rit128x96x4.o C:\Users\rynmcd\Documents\GitHub\EE- #
#                    472\FreeRTOSver\Debug\Obj\schedule.o                     #
#                    C:\Users\rynmcd\Documents\GitHub\EE-472\FreeRTOSver\Debu #
#                    g\Obj\startup.o C:\Users\rynmcd\Documents\GitHub\EE-472\ #
#                    FreeRTOSver\Debug\Obj\startup_ewarm.o                    #
#                    C:\Users\rynmcd\Documents\GitHub\EE-472\FreeRTOSver\Debu #
#                    g\Obj\status.o C:\Users\rynmcd\Documents\GitHub\EE-472\F #
#                    reeRTOSver\Debug\Obj\tables.o                            #
#                    C:\Users\rynmcd\Documents\GitHub\EE-472\FreeRTOSver\Debu #
#                    g\Obj\tasks.o C:\Users\rynmcd\Documents\GitHub\EE-472\Fr #
#                    eeRTOSver\Debug\Obj\timer.o                              #
#                    C:\Users\rynmcd\Documents\GitHub\EE-472\FreeRTOSver\Debu #
#                    g\Obj\uIP_Task.o C:\Users\rynmcd\Documents\GitHub\EE-472 #
#                    \FreeRTOSver\Debug\Obj\uartstdio.o                       #
#                    C:\Users\rynmcd\Documents\GitHub\EE-472\FreeRTOSver\Debu #
#                    g\Obj\uip.o C:\Users\rynmcd\Documents\GitHub\EE-472\Free #
#                    RTOSver\Debug\Obj\uip_arp.o                              #
#                    C:\Users\rynmcd\Documents\GitHub\EE-472\FreeRTOSver\Debu #
#                    g\Obj\warningAlarm.o --redirect _Printf=_PrintfSmall     #
#                    --redirect _Scanf=_ScanfSmall -o                         #
#                    C:\Users\rynmcd\Documents\GitHub\EE-472\FreeRTOSver\Debu #
#                    g\Exe\RTOSDemo.out --map C:\Users\rynmcd\Documents\GitHu #
#                    b\EE-472\FreeRTOSver\Debug\List\RTOSDemo.map --config    #
#                    C:\Users\rynmcd\Documents\GitHub\EE-472\FreeRTOSver\LM3S #
#                    xxxx.icf --entry __iar_program_start --vfe               #
#                                                                             #
#                                                                             #
###############################################################################

*******************************************************************************
*** RUNTIME MODEL ATTRIBUTES
***

CppFlavor       = *
__SystemLibrary = DLib


*******************************************************************************
*** PLACEMENT SUMMARY
***

"A1":  place at start of [0x00000000-0x0003ffff] { ro section .intvec };
"P1":  place in [from 0x00000000 to 0x0003ffff] { ro };
"P2":  place in [from 0x20000000 to 0x2000ffff] { rw, block HEAP };

  Section            Kind        Address    Size  Object
  -------            ----        -------    ----  ------
"A1":                                       0xf0
  .intvec            const    0x00000000    0xf0  startup_ewarm.o [1]
                            - 0x000000f0    0xf0

"P1":                                     0x7328
  .text              ro code  0x000000f0   0xb48  uip.o [1]
  .text              ro code  0x00000c38     0x6  ABImemclr4.o [6]
  .text              ro code  0x00000c3e    0x22  zero_init3.o [6]
  .text              ro code  0x00000c60   0x4fc  httpd.o [1]
  .text              ro code  0x0000115c    0x76  ABImemcpy.o [6]
  .text              ro code  0x000011d2     0xa  xsprout.o [3]
  .text              ro code  0x000011dc    0x3a  ABImemset48.o [6]
  .text              ro code  0x00001218   0x23c  psock.o [1]
  .text              ro code  0x00001454    0x7c  httpd-fs.o [1]
  .text              ro code  0x000014d0   0x23c  httpd-cgi.o [1]
  .text              ro code  0x0000170c    0x16  strchr.o [6]
  .text              ro code  0x00001722    0x18  strrchr.o [3]
  .text              ro code  0x0000173a    0x2a  strncmp.o [3]
  .text              ro code  0x00001764    0x36  strlen.o [6]
  .text              ro code  0x0000179c    0x44  strcpy.o [6]
  .text              ro code  0x000017e0   0x218  uIP_Task.o [1]
  .text              ro code  0x000019f8    0x6c  strncpy.o [6]
  .text              ro code  0x00001a64    0x34  sprintf.o [3]
  .text              ro code  0x00001a98    0x1c  strcat.o [3]
  .text              ro code  0x00001ab4   0x748  tasks.o [1]
  .text              ro code  0x000021fc   0x4e0  sysctl.o [4]
  .text              ro code  0x000026dc   0x370  queue.o [1]
  .text              ro code  0x00002a4c    0x32  timer.o [1]
  .text              ro code  0x00002a80   0x1f0  emac.o [1]
  .text              ro code  0x00002c70   0x31c  uip_arp.o [1]
  .text              ro code  0x00002f8c    0x38  flash.o [4]
  .text              ro code  0x00002fc4    0xdc  ethernet.o [4]
  .text              ro code  0x000030a0    0x2c  strstr.o [3]
  .text              ro code  0x000030cc   0x4c4  rit128x96x4.o [1]
  .text              ro code  0x00003590    0x66  ABImemset.o [6]
  .text              ro code  0x000035f8   0x4a0  xprintfsmall.o [3]
  .text              ro code  0x00003a98    0xd8  heap_2.o [1]
  .text              ro code  0x00003b70    0x92  list.o [1]
  .text              ro code  0x00003c04    0xa0  port.o [1]
  CODE               ro code  0x00003ca4    0x8c  portasm.o [1]
  .text              ro code  0x00003d30    0x34  main.o [1]
  .text              ro code  0x00003d64    0x62  memcmp.o [6]
  .text              ro code  0x00003dc8   0x1b4  interrupt.o [4]
  .text              ro code  0x00003f7c     0x6  ABImemclr.o [6]
  .text              ro code  0x00003f84   0x188  gpio.o [4]
  .text              ro code  0x0000410c    0x86  ssi.o [4]
  .text              ro code  0x00004194    0x58  memchr.o [6]
  .text              ro code  0x000041ec   0x314  startup.o [1]
  .text              ro code  0x00004500    0x10  cpu.o [4]
  .text              ro code  0x00004510    0x6e  timer.o [4]
  .text              ro code  0x0000457e    0x6a  circularbuffer.o [1]
  .rodata            const    0x000045e8   0x69c  httpd-fs.o [1]
  .text              ro code  0x00004c84   0x54c  optfft.o [1]
  .text              ro code  0x000051d0   0x494  uartstdio.o [1]
  .text              ro code  0x00005664    0xea  uart.o [4]
  .text              ro code  0x00005750   0x46c  oledDisplay.o [1]
  .text              ro code  0x00005bbc   0x2e8  warningAlarm.o [1]
  .text              ro code  0x00005ea4    0x8c  pwm.o [4]
  .text              ro code  0x00005f30   0x284  compute.o [1]
  .text              ro code  0x000061b4    0x30  I32ToDbl.o [5]
  .text              ro code  0x000061e4   0x1a2  DblMul.o [5]
  .text              ro code  0x00006388    0x4c  DblToI32.o [5]
  .text              ro code  0x000063d4   0x180  DblSub.o [5]
  .text              ro code  0x00006554    0xe8  DblAdd.o [5]
  .text              ro code  0x0000663c   0x20c  keypad.o [1]
  .rodata            const    0x00006848   0x1e8  http-strings.o [1]
  .text              ro code  0x00006a30   0x1e4  measure.o [1]
  .text              ro code  0x00006c14   0x146  adc.o [4]
  .text              ro code  0x00006d5c    0x1e  I32ToFlt.o [5]
  .text              ro code  0x00006d7c    0x90  DblToFlt.o [5]
  .text              ro code  0x00006e0c    0x24  FltCmpLe.o [5]
  .text              ro code  0x00006e30   0x13c  communication.o [1]
  .text              ro code  0x00006f6c   0x10c  ekgCapture.o [1]
  .text              ro code  0x00007078    0xa6  packbits_init3.o [6]
  .text              ro code  0x00007120    0x50  interrupts.o [1]
  .text              ro code  0x00007170    0x48  ekgProcess.o [1]
  .text              ro code  0x000071b8    0x28  data_init3.o [6]
  .text              ro code  0x000071e0    0x26  status.o [1]
  .rodata            const    0x00007208    0x24  httpd-cgi.o [1]
  .iar.init_table    const    0x0000722c    0x2c  - Linker created -
  .text              ro code  0x00007258    0x16  cmain.o [6]
  .text              ro code  0x0000726e     0x4  low_level_init.o [3]
  .text              ro code  0x00007272     0x4  exit.o [3]
  .text              ro code  0x00007278     0xa  cexit.o [6]
  .text              ro code  0x00007284     0xc  XXexit.o [6]
  .text              ro code  0x00007290     0xc  cstartup_M.o [6]
  .text              ro code  0x0000729c     0xa  startup_ewarm.o [1]
  .rodata            const    0x000072a6     0x0  zero_init3.o [6]
  .rodata            const    0x000072a6     0x0  packbits_init3.o [6]
  Initializer bytes  ro data  0x000072a6   0x16f  <for P2 s0>
                            - 0x00007415  0x7325

"P2", part 1 of 3:                         0x6a0
  P2 s0                       0x20000000   0x69e  <Init block>
    .data            inited   0x20000000   0x520  startup.o [1]
    .data            inited   0x20000520    0xe8  startup.o [1]
    .data            inited   0x20000608    0x6c  tasks.o [1]
    .data            inited   0x20000674     0xc  heap_2.o [1]
    .data            inited   0x20000680     0xc  httpd-cgi.o [1]
    .data            inited   0x2000068c     0xc  measure.o [1]
    .data            inited   0x20000698     0x4  port.o [1]
    .data            inited   0x2000069c     0x2  startup.o [1]
                            - 0x2000069e   0x69e

"P2", part 2 of 3:                        0xa9e8
  .bss               zero     0x200006a0  0x5dcc  heap_2.o [1]
  .bss               zero     0x2000646c  0x1fe0  uip.o [1]
  .bss               zero     0x2000844c  0x1d10  emac.o [1]
  .bss               zero     0x2000a15c   0x400  startup.o [1]
  .bss               zero     0x2000a55c   0x400  startup.o [1]
  .bss               zero     0x2000a95c   0x400  uartstdio.o [1]
  .bss               zero     0x2000ad5c    0xac  tasks.o [1]
  .bss               zero     0x2000ae08    0x80  uartstdio.o [1]
  .bss               zero     0x2000ae88    0x68  uip.o [1]
  .bss               zero     0x2000aef0    0x68  uip_arp.o [1]
  .bss               zero     0x2000af58    0x3c  uip.o [1]
  .bss               zero     0x2000af94    0x2c  emac.o [1]
  .bss               zero     0x2000afc0    0x24  httpd-cgi.o [1]
  .bss               zero     0x2000afe4    0x20  uIP_Task.o [1]
  .bss               zero     0x2000b004    0x1c  uartstdio.o [1]
  .bss               zero     0x2000b020    0x14  rit128x96x4.o [1]
  .bss               zero     0x2000b034    0x14  warningAlarm.o [1]
  .bss               zero     0x2000b048     0xc  interrupts.o [1]
  .bss               zero     0x2000b054     0x8  httpd-fs.o [1]
  .bss               zero     0x2000b05c     0x8  rit128x96x4.o [1]
  .bss               zero     0x2000b064     0x8  uip.o [1]
  .bss               zero     0x2000b06c     0x4  ekgCapture.o [1]
  .bss               zero     0x2000b070     0x4  main.o [1]
  .bss               zero     0x2000b074     0x4  uip.o [1]
  .bss               zero     0x2000b078     0x4  uip.o [1]
  .bss               zero     0x2000b07c     0x2  oledDisplay.o [1]
  .bss               zero     0x2000b07e     0x2  startup.o [1]
  .bss               zero     0x2000b080     0x2  startup.o [1]
  .bss               zero     0x2000b082     0x2  startup.o [1]
  .bss               zero     0x2000b084     0x2  startup.o [1]
                            - 0x2000b086  0xa9e6

"P2", part 3 of 3:                        0x4800
  .noinit            uninit   0x2000b088  0x4800  startup_ewarm.o [1]
                            - 0x2000f888  0x4800


*******************************************************************************
*** INIT TABLE
***

          Address     Size
          -------     ----
Zero (__iar_zero_init3)
    1 destination range, total size 0xa9e6:
          0x200006a0  0xa9e6

Copy/packbits (__iar_packbits_init3)
    1 source range, total size 0x16f (21% of destination):
          0x000072a6   0x16f
    1 destination range, total size 0x69e:
          0x20000000   0x69e



*******************************************************************************
*** MODULE SUMMARY
***

    Module            ro code  ro data  rw data
    ------            -------  -------  -------
C:\Users\rynmcd\Documents\GitHub\EE-472\FreeRTOSver\Debug\Obj: [1]
    circularbuffer.o      106
    communication.o       316
    compute.o             644
    ekgCapture.o          268                 4
    ekgProcess.o           72
    emac.o                496             7 484
    heap_2.o              216        3   24 024
    http-strings.o                 488
    httpd-cgi.o           572       39       48
    httpd-fs.o            124    1 692        8
    httpd.o             1 276
    interrupts.o           80                12
    keypad.o              524
    list.o                146
    main.o                 52                 4
    measure.o             484        2       12
    oledDisplay.o       1 132                 2
    optfft.o            1 356
    port.o                160        1        4
    portasm.o             140
    psock.o               572
    queue.o               880
    rit128x96x4.o       1 220                28
    startup.o             788      335    3 602
    startup_ewarm.o        10      240   18 432
    status.o               38
    tasks.o             1 864       23      280
    timer.o                50
    uIP_Task.o            536                32
    uartstdio.o         1 172             1 180
    uip.o               2 888             8 340
    uip_arp.o             796               104
    warningAlarm.o        744                20
    -------------------------------------------
    Total:             19 722    2 823   63 620

command line: [2]
    -------------------------------------------
    Total:

dl7M_tln.a: [3]
    exit.o                  4
    low_level_init.o        4
    sprintf.o              52
    strcat.o               28
    strncmp.o              42
    strrchr.o              24
    strstr.o               44
    xprintfsmall.o      1 184
    xsprout.o              10
    -------------------------------------------
    Total:              1 392

driverlib-cm3.a: [4]
    adc.o                 326
    cpu.o                  16
    ethernet.o            220
    flash.o                56
    gpio.o                392
    interrupt.o           436
    pwm.o                 140
    ssi.o                 134
    sysctl.o            1 248
    timer.o               110
    uart.o                234
    -------------------------------------------
    Total:              3 312

m7M_tl.a: [5]
    DblAdd.o              232
    DblMul.o              418
    DblSub.o              384
    DblToFlt.o            144
    DblToI32.o             76
    FltCmpLe.o             36
    I32ToDbl.o             48
    I32ToFlt.o             30
    -------------------------------------------
    Total:              1 368

rt7M_tl.a: [6]
    ABImemclr.o             6
    ABImemclr4.o            6
    ABImemcpy.o           118
    ABImemset.o           102
    ABImemset48.o          58
    XXexit.o               12
    cexit.o                10
    cmain.o                22
    cstartup_M.o           12
    data_init3.o           40
    memchr.o               88
    memcmp.o               98
    packbits_init3.o      166
    strchr.o               22
    strcpy.o               68
    strlen.o               54
    strncpy.o             108
    zero_init3.o           34
    -------------------------------------------
    Total:              1 024

    Gaps                   30        2
    Linker created                  44
-----------------------------------------------
    Grand Total:       26 848    2 869   63 620


*******************************************************************************
*** ENTRY LIST
***

Entry                      Address    Size  Type      Object
-----                      -------    ----  ----      ------
?main                   0x00007259          Code  Gb  cmain.o [6]
ADCIntClear             0x00006c4d     0xa  Code  Gb  adc.o [4]
ADCIntEnable            0x00006c15     0xe  Code  Gb  adc.o [4]
ADCIntStatus            0x00006c23    0x2a  Code  Gb  adc.o [4]
ADCProcessorTrigger     0x00006d35    0x1c  Code  Gb  adc.o [4]
ADCSequenceConfigure    0x00006c6d    0x30  Code  Gb  adc.o [4]
ADCSequenceDataGet      0x00006d17    0x1e  Code  Gb  adc.o [4]
ADCSequenceDisable      0x00006c5d     0x2  Code  Gb  adc.o [4]
ADCSequenceEnable       0x00006c57     0x6  Code  Gb  adc.o [4]
ADCSequenceStepConfigure
                        0x00006c9d    0x70  Code  Gb  adc.o [4]
CPUcpsid                0x00004501     0x8  Code  Gb  cpu.o [4]
CPUcpsie                0x00004509     0x8  Code  Gb  cpu.o [4]
EKGFreq                 0x20000100    0x40  Data  Gb  startup.o [1]
EKGRaw                  0x2000a15c   0x400  Data  Gb  startup.o [1]
EKGRawTemp              0x2000a55c   0x400  Data  Gb  startup.o [1]
EthernetConfigSet       0x00002fd9    0x36  Code  Gb  ethernet.o [4]
EthernetEnable          0x00003045    0x20  Code  Gb  ethernet.o [4]
EthernetInitExpClk      0x00002fc5     0xe  Code  Gb  ethernet.o [4]
EthernetIntClear        0x0000309d     0x4  Code  Gb  ethernet.o [4]
EthernetIntDisable      0x00003085     0xc  Code  Gb  ethernet.o [4]
EthernetIntEnable       0x0000307b     0xa  Code  Gb  ethernet.o [4]
EthernetIntStatus       0x00003091     0xc  Code  Gb  ethernet.o [4]
EthernetMACAddrSet      0x0000300f    0x36  Code  Gb  ethernet.o [4]
EthernetSpaceAvail      0x0000306f     0xc  Code  Gb  ethernet.o [4]
FaultISR                0x000072a3     0x2  Code  Lc  startup_ewarm.o [1]
FlashUserGet            0x00002f8d    0x26  Code  Gb  flash.o [4]
GPIODirModeSet          0x00003f85    0x28  Code  Gb  gpio.o [4]
GPIOFIntHandler         0x00007121    0x10  Code  Gb  interrupts.o [1]
GPIOIntTypeSet          0x00003fad    0x38  Code  Gb  gpio.o [4]
GPIOPadConfigSet        0x00003fe5    0x98  Code  Gb  gpio.o [4]
GPIOPinIntClear         0x00004083     0x6  Code  Gb  gpio.o [4]
GPIOPinIntEnable        0x0000407d     0x6  Code  Gb  gpio.o [4]
GPIOPinRead             0x00004089     0x6  Code  Gb  gpio.o [4]
GPIOPinTypeADC          0x00004095     0x4  Code  Gb  gpio.o [4]
GPIOPinTypeGPIOInput    0x000040b3    0x10  Code  Gb  gpio.o [4]
GPIOPinTypeGPIOOutput   0x000040c3     0xa  Code  Gb  gpio.o [4]
GPIOPinTypePWM          0x000040e7     0xa  Code  Gb  gpio.o [4]
GPIOPinTypeSSI          0x000040f1     0xa  Code  Gb  gpio.o [4]
GPIOPinTypeUART         0x000040fb     0xa  Code  Gb  gpio.o [4]
GPIOPinWrite            0x0000408f     0x6  Code  Gb  gpio.o [4]
IntDefaultHandler       0x000072a5     0x2  Code  Lc  startup_ewarm.o [1]
IntDisable              0x00003e59    0x58  Code  Gb  interrupt.o [4]
IntEnable               0x00003e01    0x58  Code  Gb  interrupt.o [4]
IntMasterDisable        0x00003dd3     0xa  Code  Gb  interrupt.o [4]
IntMasterEnable         0x00003dc9     0xa  Code  Gb  interrupt.o [4]
IntPrioritySet          0x00003ddd    0x24  Code  Gb  interrupt.o [4]
IsBufferEmpty           0x000051eb    0x10  Code  Lc  uartstdio.o [1]
IsBufferFull            0x000051d1    0x1a  Code  Lc  uartstdio.o [1]
NmiSR                   0x000072a1     0x2  Code  Lc  startup_ewarm.o [1]
PWMGenConfigure         0x00005ea5    0x2c  Code  Gb  pwm.o [4]
PWMGenDisable           0x00005eeb     0x6  Code  Gb  pwm.o [4]
PWMGenEnable            0x00005ee5     0x6  Code  Gb  pwm.o [4]
PWMGenPeriodSet         0x00005ed1    0x14  Code  Gb  pwm.o [4]
PWMOutputState          0x00005f1f    0x12  Code  Gb  pwm.o [4]
PWMPulseWidthSet        0x00005ef1    0x1e  Code  Gb  pwm.o [4]
RIT128x96x4Clear        0x0000313b    0x38  Code  Gb  rit128x96x4.o [1]
RIT128x96x4Enable       0x00003229    0x4a  Code  Gb  rit128x96x4.o [1]
RIT128x96x4Init         0x00003281    0x86  Code  Gb  rit128x96x4.o [1]
RIT128x96x4StringDraw   0x00003173    0xa6  Code  Gb  rit128x96x4.o [1]
RITWriteCommand         0x000030cd    0x32  Code  Lc  rit128x96x4.o [1]
RITWriteData            0x000030ff    0x32  Code  Lc  rit128x96x4.o [1]
Region$$Table$$Base     0x0000722c           --   Gb  - Linker created -
Region$$Table$$Limit    0x00007258           --   Gb  - Linker created -
ResetISR                0x0000729d     0x4  Code  Gb  startup_ewarm.o [1]
SSIConfigSetExpClk      0x0000410d    0x46  Code  Gb  ssi.o [4]
SSIDataGet              0x00004175     0xc  Code  Gb  ssi.o [4]
SSIDataGetNonBlocking   0x00004181    0x12  Code  Gb  ssi.o [4]
SSIDataPut              0x0000416b     0xa  Code  Gb  ssi.o [4]
SSIDisable              0x0000415f     0xc  Code  Gb  ssi.o [4]
SSIEnable               0x00004153     0xc  Code  Gb  ssi.o [4]
SysCtlClockGet          0x00002443   0x19a  Code  Gb  sysctl.o [4]
SysCtlClockSet          0x0000232d   0x116  Code  Gb  sysctl.o [4]
SysCtlDelay             0x00002325     0x8  Code  Gb  sysctl.o [4]
SysCtlPWMClockSet       0x000025dd     0xa  Code  Gb  sysctl.o [4]
SysCtlPeripheralEnable  0x000022db    0x1c  Code  Gb  sysctl.o [4]
SysCtlPeripheralPresent
                        0x000021fd    0x5e  Code  Gb  sysctl.o [4]
SysCtlPeripheralReset   0x0000225b    0x80  Code  Gb  sysctl.o [4]
TimerConfigure          0x0000451d    0x26  Code  Gb  timer.o [4]
TimerControlTrigger     0x00004549    0x18  Code  Gb  timer.o [4]
TimerEnable             0x00004511     0xc  Code  Gb  timer.o [4]
TimerIntClear           0x0000457b     0x4  Code  Gb  timer.o [4]
TimerIntEnable          0x00004571     0x4  Code  Gb  timer.o [4]
TimerLoadSet            0x00004561    0x10  Code  Gb  timer.o [4]
UARTCharGetNonBlocking  0x0000570f     0xa  Code  Gb  uart.o [4]
UARTCharPutNonBlocking  0x0000571f    0x10  Code  Gb  uart.o [4]
UARTCharsAvail          0x000056fb     0x6  Code  Gb  uart.o [4]
UARTConfigSetExpClk     0x0000566b    0x4c  Code  Gb  uart.o [4]
UARTDisable             0x000056d1    0x1e  Code  Gb  uart.o [4]
UARTEnable              0x000056b7    0x1a  Code  Gb  uart.o [4]
UARTFIFOLevelSet        0x00005665     0x6  Code  Gb  uart.o [4]
UARTFlushRx             0x000054d9    0x1c  Code  Gb  uartstdio.o [1]
UARTFlushTx             0x000054f5    0x24  Code  Gb  uartstdio.o [1]
UARTIntClear            0x0000574b     0x4  Code  Gb  uart.o [4]
UARTIntDisable          0x00005735     0x4  Code  Gb  uart.o [4]
UARTIntEnable           0x0000572f     0x6  Code  Gb  uart.o [4]
UARTIntStatus           0x00005741     0xa  Code  Gb  uart.o [4]
UARTPrimeTransmit       0x000051fb    0x56  Code  Lc  uartstdio.o [1]
UARTSpaceAvail          0x00005701     0x4  Code  Gb  uart.o [4]
UARTStdioInit           0x00005251     0x4  Code  Gb  uartstdio.o [1]
UARTStdioInitExpClk     0x00005255    0x7a  Code  Gb  uartstdio.o [1]
UARTStdioIntHandler     0x00005519    0xe0  Code  Gb  uartstdio.o [1]
UARTprintf              0x00005349   0x186  Code  Gb  uartstdio.o [1]
UARTwrite               0x000052cf    0x58  Code  Gb  uartstdio.o [1]
_LitobSmall             0x000039c1    0xce  Code  Lc  xprintfsmall.o [3]
_PrintfSmall            0x000035f9   0x3c2  Code  Gb  xprintfsmall.o [3]
_SProut                 0x000011d3     0xa  Code  Gb  xsprout.o [3]
__aeabi_cfcmple         0x00006e0d          Code  Gb  FltCmpLe.o [5]
__aeabi_d2f             0x00006d7d          Code  Gb  DblToFlt.o [5]
__aeabi_d2iz            0x00006389          Code  Gb  DblToI32.o [5]
__aeabi_dadd            0x00006555          Code  Gb  DblAdd.o [5]
__aeabi_dmul            0x000061e5          Code  Gb  DblMul.o [5]
__aeabi_dsub            0x000063d5          Code  Gb  DblSub.o [5]
__aeabi_i2d             0x000061b5          Code  Gb  I32ToDbl.o [5]
__aeabi_memclr          0x00003f7d          Code  Gb  ABImemclr.o [6]
__aeabi_memclr4         0x00000c39          Code  Gb  ABImemclr4.o [6]
__aeabi_memcpy          0x0000115d          Code  Gb  ABImemcpy.o [6]
__aeabi_memcpy4         0x0000117d          Code  Gb  ABImemcpy.o [6]
__aeabi_memcpy8         0x0000117d          Code  Gb  ABImemcpy.o [6]
__aeabi_memset          0x00003591          Code  Gb  ABImemset.o [6]
__aeabi_memset4         0x000011dd          Code  Gb  ABImemset48.o [6]
__aeabi_memset8         0x000011dd          Code  Gb  ABImemset48.o [6]
__aeabi_ui2d            0x000061c9          Code  Gb  I32ToDbl.o [5]
__aeabi_ui2f            0x00006d5d          Code  Gb  I32ToFlt.o [5]
__cmain                 0x00007259          Code  Gb  cmain.o [6]
__exit                  0x00007285          Code  Gb  XXexit.o [6]
__iar_Memchr            0x00004195          Code  Gb  memchr.o [6]
__iar_Memset            0x00003591          Code  Gb  ABImemset.o [6]
__iar_Memset4_word      0x000011e5          Code  Gb  ABImemset48.o [6]
__iar_Memset8_word      0x000011e5          Code  Gb  ABImemset48.o [6]
__iar_Memset_word       0x00003599          Code  Gb  ABImemset.o [6]
__iar_Strchr            0x0000170d          Code  Gb  strchr.o [6]
__iar_Strrchr           0x00001723    0x18  Code  Gb  strrchr.o [3]
__iar_Strstr            0x000030a1    0x2c  Code  Gb  strstr.o [3]
__iar_d2uiz             0x000063b5          Code  Gb  DblToI32.o [5]
__iar_dadd              0x00006569          Code  Gb  DblAdd.o [5]
__iar_data_init3        0x000071b9    0x28  Code  Gb  data_init3.o [6]
__iar_dsub              0x000063e9          Code  Gb  DblSub.o [5]
__iar_dsubStart         0x000063fb          Code  Gb  DblSub.o [5]
__iar_packbits_init3    0x00007079    0xa6  Code  Gb  packbits_init3.o [6]
__iar_program_start     0x00007291          Code  Gb  cstartup_M.o [6]
__iar_ui2d              0x000061cd          Code  Gb  I32ToDbl.o [5]
__iar_ui2f              0x00006d61          Code  Gb  I32ToFlt.o [5]
__iar_zero_init3        0x00000c3f    0x22  Code  Gb  zero_init3.o [6]
__low_level_init        0x0000726f     0x4  Code  Gb  low_level_init.o [3]
__vector_table          0x00000000    0xf0  Data  Gb  startup_ewarm.o [1]
_call_main              0x00007265          Code  Gb  cmain.o [6]
_exit                   0x00007279          Code  Gb  cexit.o [6]
_main                   0x0000726b          Code  Gb  cmain.o [6]
ackCounter              0x2000b040     0x4  Data  Gb  warningAlarm.o [1]
alarmAcknowledge        0x2000b084     0x2  Data  Gb  startup.o [1]
arp_table               0x2000aef8    0x60  Data  Lc  uip_arp.o [1]
arptime                 0x2000aef1     0x1  Data  Lc  uip_arp.o [1]
battCorrected           0x200003e0    0x80  Data  Gb  startup.o [1]
battCorrectedBuf        0x20000460    0x20  Data  Gb  startup.o [1]
batteryAlarm            0x2000b03b     0x1  Data  Gb  warningAlarm.o [1]
batteryOutOfRange       0x2000b037     0x1  Data  Gb  warningAlarm.o [1]
batteryState            0x2000069c     0x2  Data  Gb  startup.o [1]
bpAlarm                 0x2000b038     0x1  Data  Gb  warningAlarm.o [1]
bpOutOfRange            0x2000b034     0x1  Data  Gb  warningAlarm.o [1]
broadcast_ethaddr       0x00002f84     0x8  Data  Lc  uip_arp.o [1]
button                  0x2000b044     0x4  Data  Gb  warningAlarm.o [1]
c                       0x2000ae90     0x1  Data  Lc  uip.o [1]
cBuffInit               0x0000457f    0x20  Code  Gb  circularbuffer.o [1]
cBuffPush               0x000045b7    0x32  Code  Gb  circularbuffer.o [1]
cBuffPut                0x0000459f    0x18  Code  Gb  circularbuffer.o [1]
cCountBuf               0x2000afc4    0x20  Data  Lc  httpd-cgi.o [1]
calls                   0x20000680     0xc  Data  Lc  httpd-cgi.o [1]
chksum                  0x00000143    0x38  Code  Lc  uip.o [1]
clearOLED               0x00005aaf    0x1c  Code  Gb  oledDisplay.o [1]
clock_time              0x000017e1     0x4  Code  Gb  uIP_Task.o [1]
communication           0x00006e31    0x80  Code  Gb  communication.o [1]
communicationsData      0x200005dc    0x1c  Data  Gb  startup.o [1]
compute                 0x00005f31   0x16a  Code  Gb  compute.o [1]
computeData             0x20000568    0x34  Data  Gb  startup.o [1]
count                   0x2000b054     0x8  Data  Lc  httpd-fs.o [1]
data_acked              0x0000124f    0x40  Code  Lc  psock.o [1]
data_index_html         0x000045e8   0x1c4  Data  Lc  httpd-fs.o [1]
data_index_shtml        0x000047ac   0x214  Data  Lc  httpd-fs.o [1]
data_io_shtml           0x000049c0   0x29c  Data  Lc  httpd-fs.o [1]
diastolicPressCorrected
                        0x200002a0    0x80  Data  Gb  startup.o [1]
diastolicPressCorrectedBuf
                        0x20000320    0x20  Data  Gb  startup.o [1]
diastolicPressRaw       0x20000080    0x20  Data  Gb  startup.o [1]
diastolicPressRawBuf    0x200000a0    0x20  Data  Gb  startup.o [1]
displayData             0x2000059c    0x24  Data  Gb  startup.o [1]
displayMode             0x2000b080     0x2  Data  Gb  startup.o [1]
displayScroll           0x2000b082     0x2  Data  Gb  startup.o [1]
ekgCapture              0x00006f6d    0xb2  Code  Gb  ekgCapture.o [1]
ekgCorrected            0x20000480    0x80  Data  Gb  startup.o [1]
ekgCorrectedBuf         0x20000500    0x20  Data  Gb  startup.o [1]
ekgData                 0x20000548     0xc  Data  Gb  startup.o [1]
ekgFreqBuf              0x20000140    0x20  Data  Gb  startup.o [1]
ekgInterrupt            0x0000701f    0x36  Code  Gb  ekgCapture.o [1]
ekgProcess              0x00007171    0x48  Code  Gb  ekgProcess.o [1]
exit                    0x00007273     0x4  Code  Gb  exit.o [3]
file_index_html         0x000014bc    0x14  Data  Gb  httpd-fs.o [1]
file_index_shtml        0x00004c70    0x14  Data  Gb  httpd-fs.o [1]
file_io_shtml           0x00004c5c    0x14  Data  Gb  httpd-fs.o [1]
findSize                0x00006133    0x32  Code  Gb  compute.o [1]
g_bDisableEcho          0x2000b004     0x1  Data  Lc  uartstdio.o [1]
g_bSSIEnabled           0x2000b020     0x1  Data  Lc  rit128x96x4.o [1]
g_pcUARTRxBuffer        0x2000ae08    0x80  Data  Lc  uartstdio.o [1]
g_pcUARTTxBuffer        0x2000a95c   0x400  Data  Lc  uartstdio.o [1]
g_pucBuffer             0x2000b05c     0x8  Data  Lc  rit128x96x4.o [1]
g_pucFont               0x00003358   0x1e0  Data  Lc  rit128x96x4.o [1]
g_pucRIT128x96x4HorizontalInc
                        0x00003354     0x2  Data  Lc  rit128x96x4.o [1]
g_pucRIT128x96x4Init    0x00003538    0x50  Data  Lc  rit128x96x4.o [1]
g_pucRIT128x96x4VerticalInc
                        0x00003350     0x2  Data  Lc  rit128x96x4.o [1]
g_pulDCRegs             0x00002648    0x10  Data  Lc  sysctl.o [4]
g_pulDisRegs            0x00003f68    0x14  Data  Lc  interrupt.o [4]
g_pulEnRegs             0x00003f54    0x14  Data  Lc  interrupt.o [4]
g_pulRCGCRegs           0x00002664     0xc  Data  Lc  sysctl.o [4]
g_pulRegs               0x00003eb8    0x9c  Data  Lc  interrupt.o [4]
g_pulSRCRRegs           0x00002658     0xc  Data  Lc  sysctl.o [4]
g_pulXtals              0x00002670    0x6c  Data  Lc  sysctl.o [4]
g_ulBase                0x2000b018     0x4  Data  Lc  uartstdio.o [1]
g_ulPortNum             0x2000b01c     0x4  Data  Lc  uartstdio.o [1]
g_ulUARTBase            0x00005640     0xc  Data  Lc  uartstdio.o [1]
g_ulUARTInt             0x0000564c     0xc  Data  Lc  uartstdio.o [1]
g_ulUARTPeriph          0x00005658     0xc  Data  Lc  uartstdio.o [1]
g_ulUARTRxReadIndex     0x2000b014     0x4  Data  Lc  uartstdio.o [1]
g_ulUARTRxWriteIndex    0x2000b010     0x4  Data  Lc  uartstdio.o [1]
g_ulUARTTxReadIndex     0x2000b00c     0x4  Data  Lc  uartstdio.o [1]
g_ulUARTTxWriteIndex    0x2000b008     0x4  Data  Lc  uartstdio.o [1]
generate_io_state       0x0000159d    0x18  Code  Lc  httpd-cgi.o [1]
generate_part_of_file   0x00000c61    0x2e  Code  Lc  httpd.o [1]
generate_rtos_stats     0x00001505    0x70  Code  Lc  httpd-cgi.o [1]
getDigits               0x00006199    0x14  Code  Gb  compute.o [1]
handle_connection       0x00001077    0x1a  Code  Lc  httpd.o [1]
handle_input            0x00000fa1    0xce  Code  Lc  httpd.o [1]
handle_output           0x00000edf    0xc2  Code  Lc  httpd.o [1]
handle_script           0x00000ccd   0x10a  Code  Lc  httpd.o [1]
htons                   0x00000c03     0xa  Code  Gb  uip.o [1]
http_404_html           0x0000685c     0xc  Data  Gb  http-strings.o [1]
http_content_type_binary
                        0x000069d4    0x2c  Data  Gb  http-strings.o [1]
http_content_type_css   0x00006960    0x1c  Data  Gb  http-strings.o [1]
http_content_type_gif   0x00006998    0x1c  Data  Gb  http-strings.o [1]
http_content_type_html  0x00006944    0x1c  Data  Gb  http-strings.o [1]
http_content_type_jpg   0x000069b4    0x20  Data  Gb  http-strings.o [1]
http_content_type_plain
                        0x00006924    0x20  Data  Gb  http-strings.o [1]
http_content_type_png   0x0000697c    0x1c  Data  Gb  http-strings.o [1]
http_css                0x00006a10     0x8  Data  Gb  http-strings.o [1]
http_get                0x00006848     0x8  Data  Gb  http-strings.o [1]
http_gif                0x00006a20     0x8  Data  Gb  http-strings.o [1]
http_header_200         0x00006874    0x54  Data  Gb  http-strings.o [1]
http_header_404         0x000068c8    0x5c  Data  Gb  http-strings.o [1]
http_html               0x00006a00     0x8  Data  Gb  http-strings.o [1]
http_index_html         0x00006850     0xc  Data  Gb  http-strings.o [1]
http_jpg                0x00006a28     0x8  Data  Gb  http-strings.o [1]
http_png                0x00006a18     0x8  Data  Gb  http-strings.o [1]
http_referer            0x00006868     0xc  Data  Gb  http-strings.o [1]
http_shtml              0x00006a08     0x8  Data  Gb  http-strings.o [1]
httpd_appcall           0x00001091    0x68  Code  Gb  httpd.o [1]
httpd_cgi               0x000014d9    0x2c  Code  Gb  httpd-cgi.o [1]
httpd_fs_open           0x00001479    0x3e  Code  Gb  httpd-fs.o [1]
httpd_fs_strcmp         0x00001455    0x24  Code  Lc  httpd-fs.o [1]
httpd_init              0x00001155     0x8  Code  Gb  httpd.o [1]
i                       0x2000aef0     0x1  Data  Lc  uip_arp.o [1]
index                   0x2000b06c     0x4  Data  Gb  ekgCapture.o [1]
io                      0x00007224     0x8  Data  Lc  httpd-cgi.o [1]
ipaddr                  0x2000aef4     0x4  Data  Lc  uip_arp.o [1]
ipid                    0x2000ae94     0x2  Data  Lc  uip.o [1]
iss                     0x2000ae88     0x4  Data  Lc  uip.o [1]
keypad                  0x0000663d   0x198  Code  Gb  keypad.o [1]
keypadData              0x200005f8    0x10  Data  Gb  startup.o [1]
keypadSetUp             0x000067ed    0x40  Code  Gb  keypad.o [1]
lRefreshCount           0x2000afc0     0x4  Data  Gb  httpd-cgi.o [1]
lastport                0x2000ae96     0x2  Data  Lc  uip.o [1]
led_io                  0x000015b5    0x28  Code  Lc  httpd-cgi.o [1]
main                    0x00003d31    0x14  Code  Gb  main.o [1]
measure                 0x00006a61    0x68  Code  Gb  measure.o [1]
measureBloodPressure    0x00006b77    0x7a  Code  Gb  measure.o [1]
measureData             0x20000554    0x14  Data  Gb  startup.o [1]
measurePulseRate        0x00006b01    0x76  Code  Gb  measure.o [1]
measureSetup            0x00006a31    0x30  Code  Gb  measure.o [1]
measureTemp             0x00006ac9    0x38  Code  Gb  measure.o [1]
measurementSelection    0x2000b07e     0x2  Data  Gb  startup.o [1]
memchr                  0x00004195          Code  Gb  memchr.o [6]
memcmp                  0x00003d65          Code  Gb  memcmp.o [6]
nullfunction            0x000014d1     0x8  Code  Lc  httpd-cgi.o [1]
oledDisplay             0x00005751   0x300  Code  Gb  oledDisplay.o [1]
optfft                  0x00004c85   0x14c  Code  Gb  optfft.o [1]
pcTraceBuffer           0x2000addc     0x4  Data  Lc  tasks.o [1]
pcTraceBufferEnd        0x20000668     0x4  Data  Lc  tasks.o [1]
pcTraceBufferStart      0x20000664     0x4  Data  Lc  tasks.o [1]
prTimerIntHandler       0x00007131    0x32  Code  Gb  interrupts.o [1]
prvAddCurrentTaskToDelayedList
                        0x00002105    0x34  Code  Lc  tasks.o [1]
prvCopyDataFromQueue    0x000029c7    0x26  Code  Lc  queue.o [1]
prvCopyDataToQueue      0x0000296b    0x5c  Code  Lc  queue.o [1]
prvENET_Send            0x000018f3    0x16  Code  Lc  uIP_Task.o [1]
prvIdleTask             0x000020b9    0x4c  Code  Lc  tasks.o [1]
prvSetMACAddress        0x00001909    0x70  Code  Lc  uIP_Task.o [1]
prvUnlockQueue          0x000029ed    0x60  Code  Lc  queue.o [1]
psock_datalen           0x00001339     0xa  Code  Gb  psock.o [1]
psock_generator_send    0x000012d5    0x64  Code  Gb  psock.o [1]
psock_init              0x00001439    0x1c  Code  Gb  psock.o [1]
psock_newdata           0x00001343    0x24  Code  Gb  psock.o [1]
psock_readto            0x00001367    0xaa  Code  Gb  psock.o [1]
psock_send              0x0000128f    0x46  Code  Gb  psock.o [1]
pulStack                0x2000b088  0x4800  Data  Lc  startup_ewarm.o [1]
pulseAlarm              0x2000b03a     0x1  Data  Gb  warningAlarm.o [1]
pulseOutOfRange         0x2000b036     0x1  Data  Gb  warningAlarm.o [1]
pulseRateCorrected      0x20000340    0x80  Data  Gb  startup.o [1]
pulseRateCorrectedBuf   0x200003c0    0x20  Data  Gb  startup.o [1]
pulseRateCount          0x2000b04c     0x4  Data  Gb  interrupts.o [1]
pulseRateFlag           0x2000b048     0x2  Data  Gb  interrupts.o [1]
pulseRateRaw            0x200000c0    0x20  Data  Gb  startup.o [1]
pulseRateRawBuf         0x200000e0    0x20  Data  Gb  startup.o [1]
pulseRateSample         0x2000b050     0x4  Data  Gb  interrupts.o [1]
pvPortMalloc            0x00003a99    0x9e  Code  Gb  heap_2.o [1]
pxCurrentTCB            0x2000ad5c     0x4  Data  Gb  tasks.o [1]
pxDelayedTaskList       0x2000adc4     0x4  Data  Lc  tasks.o [1]
pxOverflowDelayedTaskList
                        0x2000adc8     0x4  Data  Lc  tasks.o [1]
pxPortInitialiseStack   0x00003c05    0x1a  Code  Gb  port.o [1]
pxReadyTasksLists       0x2000ad60    0x64  Data  Lc  tasks.o [1]
ready                   0x2000b04a     0x2  Data  Gb  interrupts.o [1]
rtos                    0x0000721c     0x8  Data  Lc  httpd-cgi.o [1]
rtos_stats              0x00001575    0x28  Code  Lc  httpd-cgi.o [1]
schedulerInit           0x00004321   0x124  Code  Gb  startup.o [1]
send_data               0x00001219    0x36  Code  Lc  psock.o [1]
send_file               0x00000c8f    0x3e  Code  Lc  httpd.o [1]
send_headers            0x00000dd7    0xf6  Code  Lc  httpd.o [1]
sprintf                 0x00001a65    0x34  Code  Gb  sprintf.o [3]
startup                 0x000041ed   0x134  Code  Gb  startup.o [1]
state                   0x2000b03c     0x1  Data  Gb  warningAlarm.o [1]
status                  0x000071e1    0x26  Code  Gb  status.o [1]
statusData              0x200005c0     0x4  Data  Gb  startup.o [1]
strcat                  0x00001a99    0x1c  Code  Gb  strcat.o [3]
strchr                  0x0000170d          Code  Gb  strchr.o [6]
strcpy                  0x0000179d          Code  Gb  strcpy.o [6]
strlen                  0x00001765          Code  Gb  strlen.o [6]
strncmp                 0x0000173b    0x2a  Code  Gb  strncmp.o [3]
strncpy                 0x000019f9          Code  Gb  strncpy.o [6]
systolicPressCorrected  0x20000200    0x80  Data  Gb  startup.o [1]
systolicPressCorrectedBuf
                        0x20000280    0x20  Data  Gb  startup.o [1]
systolicPressRaw        0x20000040    0x20  Data  Gb  startup.o [1]
systolicPressRawBuf     0x20000060    0x20  Data  Gb  startup.o [1]
taskList                0x20000520    0x28  Data  Gb  startup.o [1]
tempAlarm               0x2000b039     0x1  Data  Gb  warningAlarm.o [1]
tempCorrected           0x20000160    0x80  Data  Gb  startup.o [1]
tempCorrectedBuf        0x200001e0    0x20  Data  Gb  startup.o [1]
tempOutOfRange          0x2000b035     0x1  Data  Gb  warningAlarm.o [1]
temperatureRaw          0x20000000    0x20  Data  Gb  startup.o [1]
temperatureRawBuf       0x20000020    0x20  Data  Gb  startup.o [1]
timer_expired           0x00002a67    0x18  Code  Gb  timer.o [1]
timer_reset             0x00002a55     0xa  Code  Gb  timer.o [1]
timer_set               0x00002a4d     0x8  Code  Gb  timer.o [1]
toString                0x000060b1    0x82  Code  Gb  compute.o [1]
uiGetEMACRxData         0x00002b27    0x2c  Code  Gb  emac.o [1]
uip_acc32               0x2000ae8c     0x4  Data  Gb  uip.o [1]
uip_add32               0x000000f1    0x52  Code  Gb  uip.o [1]
uip_add_rcv_nxt         0x00000233    0x2a  Code  Lc  uip.o [1]
uip_appdata             0x2000af90     0x4  Data  Gb  uip.o [1]
uip_arp_arpin           0x00002d95    0xb8  Code  Gb  uip_arp.o [1]
uip_arp_ipin            0x00002d59    0x3c  Code  Gb  uip_arp.o [1]
uip_arp_out             0x00002e4d   0x10a  Code  Gb  uip_arp.o [1]
uip_arp_timer           0x00002c71    0x3e  Code  Gb  uip_arp.o [1]
uip_arp_update          0x00002caf    0x9c  Code  Lc  uip_arp.o [1]
uip_buf                 0x2000af9c     0x4  Data  Gb  emac.o [1]
uip_conn                0x2000aeec     0x4  Data  Gb  uip.o [1]
uip_conns               0x2000646c  0x1fe0  Data  Gb  uip.o [1]
uip_draddr              0x2000b074     0x4  Data  Gb  uip.o [1]
uip_ethaddr             0x2000b064     0x8  Data  Gb  uip.o [1]
uip_flags               0x2000af84     0x1  Data  Gb  uip.o [1]
uip_hostaddr            0x2000af88     0x4  Data  Gb  uip.o [1]
uip_init                0x000001df    0x30  Code  Gb  uip.o [1]
uip_ipchksum            0x0000017b    0x26  Code  Gb  uip.o [1]
uip_len                 0x2000af8c     0x2  Data  Gb  uip.o [1]
uip_listen              0x0000020f    0x24  Code  Gb  uip.o [1]
uip_listenports         0x2000ae98    0x50  Data  Gb  uip.o [1]
uip_netmask             0x2000b078     0x4  Data  Gb  uip.o [1]
uip_process             0x0000025d   0x968  Code  Gb  uip.o [1]
uip_sappdata            0x2000aee8     0x4  Data  Gb  uip.o [1]
uip_send                0x00000c0d    0x1a  Code  Gb  uip.o [1]
uip_slen                0x2000ae92     0x2  Data  Gb  uip.o [1]
uip_stat                0x2000af58    0x2c  Data  Gb  uip.o [1]
ulGPIOBase              0x2000b028     0x4  Data  Gb  rit128x96x4.o [1]
ulGPIOId                0x2000b024     0x4  Data  Gb  rit128x96x4.o [1]
ulNextTxSpace           0x2000afb4     0x4  Data  Lc  emac.o [1]
ulOLEDDC_PIN            0x2000b02c     0x4  Data  Gb  rit128x96x4.o [1]
ulOLEDEN_PIN            0x2000b030     0x4  Data  Gb  rit128x96x4.o [1]
ulRxLength              0x2000afa0    0x14  Data  Lc  emac.o [1]
upper_layer_chksum      0x000001a1    0x3e  Code  Lc  uip.o [1]
uxCriticalNesting       0x20000698     0x4  Data  Lc  port.o [1]
uxCurrentNumberOfTasks  0x2000adcc     0x4  Data  Lc  tasks.o [1]
uxMissedTicks           0x20000650     0x4  Data  Lc  tasks.o [1]
uxPreviousTask          0x20000670     0x4  Data  Lc  tasks.o [1]
uxRxBuffers             0x2000844c  0x1d10  Data  Lc  emac.o [1]
uxSchedulerSuspended    0x2000add8     0x4  Data  Lc  tasks.o [1]
uxTaskNumber            0x2000065c     0x4  Data  Lc  tasks.o [1]
uxTasksDeleted          0x20000630     0x4  Data  Lc  tasks.o [1]
uxTopReadyPriority      0x2000add4     0x4  Data  Lc  tasks.o [1]
uxTopUsedPriority       0x20000648     0x4  Data  Lc  tasks.o [1]
vApplicationProcessFormInput
                        0x00001979    0x42  Code  Gb  uIP_Task.o [1]
vApplicationStackOverflowHook
                        0x00003d45     0x2  Code  Gb  main.o [1]
vApplicationTickHook    0x00003d47    0x14  Code  Gb  main.o [1]
vEMAC_ISR               0x00002b9d    0x3e  Code  Gb  emac.o [1]
vIncrementTxLength      0x00002b5b     0xa  Code  Gb  emac.o [1]
vInitEMAC               0x00002a81    0xa6  Code  Gb  emac.o [1]
vInitialiseSend         0x00002b53     0x8  Code  Gb  emac.o [1]
vListInitialise         0x00003b71    0x1a  Code  Gb  list.o [1]
vListInitialiseItem     0x00003b8b     0x6  Code  Gb  list.o [1]
vListInsert             0x00003bad    0x32  Code  Gb  list.o [1]
vListInsertEnd          0x00003b91    0x1c  Code  Gb  list.o [1]
vListRemove             0x00003bdf    0x24  Code  Gb  list.o [1]
vMACHandleTask          0x00002bdd    0x80  Code  Gb  emac.o [1]
vPortClearInterruptMask
                        0x00003cef          Code  Gb  portasm.o [1]
vPortEnterCritical      0x00003c57    0x10  Code  Gb  port.o [1]
vPortExitCritical       0x00003c67    0x10  Code  Gb  port.o [1]
vPortFree               0x00003b37    0x32  Code  Gb  heap_2.o [1]
vPortSVCHandler         0x00003cfd          Code  Gb  portasm.o [1]
vPortSetInterruptMask   0x00003ce1          Code  Gb  portasm.o [1]
vPortStartFirstTask     0x00003d19          Code  Gb  portasm.o [1]
vPortYieldFromISR       0x00003c4d     0xa  Code  Gb  port.o [1]
vSendBufferToMAC        0x00002b65    0x38  Code  Gb  emac.o [1]
vSetMSP                 0x00003ca5          Code  Gb  portasm.o [1]
vTaskDelay              0x00001c5d    0x30  Code  Gb  tasks.o [1]
vTaskDelayUntil         0x00001c0b    0x52  Code  Gb  tasks.o [1]
vTaskIncrementTick      0x00001e75    0xa2  Code  Gb  tasks.o [1]
vTaskMissedYield        0x000020af     0x8  Code  Gb  tasks.o [1]
vTaskPlaceOnEventList   0x00001fd9    0x34  Code  Gb  tasks.o [1]
vTaskPriorityDisinherit
                        0x00002197    0x3c  Code  Gb  tasks.o [1]
vTaskPriorityInherit    0x0000213f    0x58  Code  Gb  tasks.o [1]
vTaskResume             0x00001d15    0x46  Code  Gb  tasks.o [1]
vTaskSetTimeOutState    0x00002055     0xe  Code  Gb  tasks.o [1]
vTaskStartScheduler     0x00001d67    0x44  Code  Gb  tasks.o [1]
vTaskSuspend            0x00001c8d    0x68  Code  Gb  tasks.o [1]
vTaskSuspendAll         0x00001dab     0xc  Code  Gb  tasks.o [1]
vTaskSwitchContext      0x00001f17    0xb6  Code  Gb  tasks.o [1]
vuIP_Task               0x000017e5   0x10e  Code  Gb  uIP_Task.o [1]
warningAlarm            0x00005c31   0x246  Code  Gb  warningAlarm.o [1]
warningAlarmData        0x200005c4    0x18  Data  Gb  startup.o [1]
warningAlarmSetup       0x00005bbd    0x74  Code  Gb  warningAlarm.o [1]
xDelayedTaskList1       0x2000ade0    0x14  Data  Lc  tasks.o [1]
xDelayedTaskList2       0x2000adf4    0x14  Data  Lc  tasks.o [1]
xEMACSemaphore          0x2000af94     0x4  Data  Gb  emac.o [1]
xEnd                    0x200006a0     0x8  Data  Lc  heap_2.o [1]
xFreeBytesRemaining     0x2000067c     0x4  Data  Lc  heap_2.o [1]
xHeap                   0x200006a8  0x5dc0  Data  Lc  heap_2.o [1]
xMACInterruptSemaphore  0x2000af98     0x4  Data  Gb  emac.o [1]
xMissedYield            0x20000654     0x4  Data  Lc  tasks.o [1]
xNextTaskUnblockTime    0x20000660     0x4  Data  Lc  tasks.o [1]
xNumOfOverflows         0x20000658     0x4  Data  Lc  tasks.o [1]
xPendingReadyList       0x20000608    0x14  Data  Lc  tasks.o [1]
xPortPendSVHandler      0x00003cab          Code  Gb  portasm.o [1]
xPortStartScheduler     0x00003c1f    0x2e  Code  Gb  port.o [1]
xPortSysTickHandler     0x00003c77    0x1a  Code  Gb  port.o [1]
xQueueCreate            0x000026dd    0x5a  Code  Gb  queue.o [1]
xQueueGenericReceive    0x00002861    0xf8  Code  Gb  queue.o [1]
xQueueGenericSend       0x00002747    0xcc  Code  Gb  queue.o [1]
xQueueGenericSendFromISR
                        0x00002813    0x4e  Code  Gb  queue.o [1]
xSchedulerRunning       0x2000064c     0x4  Data  Lc  tasks.o [1]
xStart                  0x20000674     0x8  Data  Lc  heap_2.o [1]
xSuspendedTaskList      0x20000634    0x14  Data  Lc  tasks.o [1]
xTaskCheckForTimeOut    0x00002065    0x4a  Code  Gb  tasks.o [1]
xTaskGenericCreate      0x00001ab5   0x156  Code  Gb  tasks.o [1]
xTaskGetCurrentTaskHandle
                        0x00002139     0x6  Code  Gb  tasks.o [1]
xTaskGetTickCount       0x00001e51     0xc  Code  Gb  tasks.o [1]
xTaskIsTaskSuspended    0x00001cf5    0x20  Code  Gb  tasks.o [1]
xTaskRemoveFromEventList
                        0x0000200d    0x42  Code  Gb  tasks.o [1]
xTaskResumeAll          0x00001db7    0x8e  Code  Gb  tasks.o [1]
xTasksWaitingTermination
                        0x2000061c    0x14  Data  Lc  tasks.o [1]
xTickCount              0x2000add0     0x4  Data  Lc  tasks.o [1]
xTracing                0x2000066c     0x4  Data  Lc  tasks.o [1]


[1] = C:\Users\rynmcd\Documents\GitHub\EE-472\FreeRTOSver\Debug\Obj
[2] = command line
[3] = dl7M_tln.a
[4] = driverlib-cm3.a
[5] = m7M_tl.a
[6] = rt7M_tl.a

  26 848 bytes of readonly  code memory
   2 869 bytes of readonly  data memory
  63 620 bytes of readwrite data memory

Errors: none
Warnings: none
