###############################################################################
#                                                                             #
# IAR ELF Linker V6.40.3.54009/W32 for ARM              25/Feb/2014  17:40:39 #
# Copyright 2007-2012 IAR Systems AB.                                         #
#                                                                             #
#    Output file  =  C:\Users\castia\Documents\GitHub\EE-472\FreeRTOSver\Debu #
#                    g\Exe\RTOSDemo.out                                       #
#    Map file     =  C:\Users\castia\Documents\GitHub\EE-472\FreeRTOSver\Debu #
#                    g\List\RTOSDemo.map                                      #
#    Command line =  C:\StellarisWare\driverlib\ewarm-cm3\Exe\driverlib-cm3.a #
#                     C:\Users\castia\Documents\GitHub\EE-472\FreeRTOSver\Deb #
#                    ug\Obj\IntQueue.o C:\Users\castia\Documents\GitHub\EE-47 #
#                    2\FreeRTOSver\Debug\Obj\IntQueueTimer.o                  #
#                    C:\Users\castia\Documents\GitHub\EE-472\FreeRTOSver\Debu #
#                    g\Obj\ParTest.o C:\Users\castia\Documents\GitHub\EE-472\ #
#                    FreeRTOSver\Debug\Obj\circularbuffer.o                   #
#                    C:\Users\castia\Documents\GitHub\EE-472\FreeRTOSver\Debu #
#                    g\Obj\communication.o C:\Users\castia\Documents\GitHub\E #
#                    E-472\FreeRTOSver\Debug\Obj\compute.o                    #
#                    C:\Users\castia\Documents\GitHub\EE-472\FreeRTOSver\Debu #
#                    g\Obj\ekgCapture.o C:\Users\castia\Documents\GitHub\EE-4 #
#                    72\FreeRTOSver\Debug\Obj\heap_2.o                        #
#                    C:\Users\castia\Documents\GitHub\EE-472\FreeRTOSver\Debu #
#                    g\Obj\interrupts.o C:\Users\castia\Documents\GitHub\EE-4 #
#                    72\FreeRTOSver\Debug\Obj\keypad.o                        #
#                    C:\Users\castia\Documents\GitHub\EE-472\FreeRTOSver\Debu #
#                    g\Obj\list.o C:\Users\castia\Documents\GitHub\EE-472\Fre #
#                    eRTOSver\Debug\Obj\main.o C:\Users\castia\Documents\GitH #
#                    ub\EE-472\FreeRTOSver\Debug\Obj\measure.o                #
#                    C:\Users\castia\Documents\GitHub\EE-472\FreeRTOSver\Debu #
#                    g\Obj\oledDisplay.o C:\Users\castia\Documents\GitHub\EE- #
#                    472\FreeRTOSver\Debug\Obj\port.o                         #
#                    C:\Users\castia\Documents\GitHub\EE-472\FreeRTOSver\Debu #
#                    g\Obj\portasm.o C:\Users\castia\Documents\GitHub\EE-472\ #
#                    FreeRTOSver\Debug\Obj\queue.o                            #
#                    C:\Users\castia\Documents\GitHub\EE-472\FreeRTOSver\Debu #
#                    g\Obj\rit128x96x4.o C:\Users\castia\Documents\GitHub\EE- #
#                    472\FreeRTOSver\Debug\Obj\schedule.o                     #
#                    C:\Users\castia\Documents\GitHub\EE-472\FreeRTOSver\Debu #
#                    g\Obj\startup.o C:\Users\castia\Documents\GitHub\EE-472\ #
#                    FreeRTOSver\Debug\Obj\startup_ewarm.o                    #
#                    C:\Users\castia\Documents\GitHub\EE-472\FreeRTOSver\Debu #
#                    g\Obj\status.o C:\Users\castia\Documents\GitHub\EE-472\F #
#                    reeRTOSver\Debug\Obj\tasks.o                             #
#                    C:\Users\castia\Documents\GitHub\EE-472\FreeRTOSver\Debu #
#                    g\Obj\timertest.o C:\Users\castia\Documents\GitHub\EE-47 #
#                    2\FreeRTOSver\Debug\Obj\uartstdio.o                      #
#                    C:\Users\castia\Documents\GitHub\EE-472\FreeRTOSver\Debu #
#                    g\Obj\warningAlarm.o --redirect _Printf=_PrintfSmall     #
#                    --redirect _Scanf=_ScanfSmall -o                         #
#                    C:\Users\castia\Documents\GitHub\EE-472\FreeRTOSver\Debu #
#                    g\Exe\RTOSDemo.out --map C:\Users\castia\Documents\GitHu #
#                    b\EE-472\FreeRTOSver\Debug\List\RTOSDemo.map --config    #
#                    C:\Users\castia\Documents\GitHub\EE-472\FreeRTOSver\LM3S #
#                    xxxx.icf --entry __iar_program_start --vfe               #
#                                                                             #
#                                                                             #
###############################################################################

*******************************************************************************
*** RUNTIME MODEL ATTRIBUTES
***

CppFlavor       = *
__SystemLibrary = DLib


*******************************************************************************
*** PLACEMENT SUMMARY
***

"A1":  place at start of [0x00000000-0x0003ffff] { ro section .intvec };
"P1":  place in [from 0x00000000 to 0x0003ffff] { ro };
"P2":  place in [from 0x20000000 to 0x2000ffff] { rw, block HEAP };

  Section            Kind        Address    Size  Object
  -------            ----        -------    ----  ------
"A1":                                       0xf0
  .intvec            const    0x00000000    0xf0  startup_ewarm.o [1]
                            - 0x000000f0    0xf0

"P1":                                     0x3368
  .text              ro code  0x000000f0   0x4c4  rit128x96x4.o [1]
  .text              ro code  0x000005b4   0x16e  gpio.o [4]
  .text              ro code  0x00000722    0x22  zero_init3.o [6]
  .text              ro code  0x00000744    0x86  ssi.o [4]
  .text              ro code  0x000007cc   0x440  sysctl.o [4]
  .text              ro code  0x00000c0c   0x494  uartstdio.o [1]
  .text              ro code  0x000010a0   0x1b4  interrupt.o [4]
  .text              ro code  0x00001254    0xea  uart.o [4]
  .text              ro code  0x00001340    0x66  ABImemset.o [6]
  .text              ro code  0x000013a8    0x10  cpu.o [4]
  .text              ro code  0x000013b8   0x480  tasks.o [1]
  .text              ro code  0x00001838    0xd8  heap_2.o [1]
  .text              ro code  0x00001910    0x3a  ABImemset48.o [6]
  .text              ro code  0x0000194c    0x6c  strncpy.o [6]
  .text              ro code  0x000019b8    0x92  list.o [1]
  .text              ro code  0x00001a4c    0xa0  port.o [1]
  CODE               ro code  0x00001aec    0x8c  portasm.o [1]
  .text              ro code  0x00001b78    0x38  main.o [1]
  .text              ro code  0x00001bb0    0x62  memcmp.o [6]
  .text              ro code  0x00001c14   0x224  startup.o [1]
  .text              ro code  0x00001e38    0xb4  timertest.o [1]
  .text              ro code  0x00001eec    0x56  timer.o [4]
  .text              ro code  0x00001f42    0x6a  circularbuffer.o [1]
  .text              ro code  0x00001fac    0x76  ABImemcpy.o [6]
  .text              ro code  0x00002024   0x39c  oledDisplay.o [1]
  .text              ro code  0x000023c0   0x270  compute.o [1]
  .text              ro code  0x00002630    0x30  I32ToDbl.o [5]
  .text              ro code  0x00002660   0x1a2  DblMul.o [5]
  .text              ro code  0x00002804    0x4c  DblToI32.o [5]
  .text              ro code  0x00002850   0x180  DblSub.o [5]
  .text              ro code  0x000029d0    0xe8  DblAdd.o [5]
  .text              ro code  0x00002ab8    0x44  strcpy.o [6]
  .text              ro code  0x00002afc   0x1c0  keypad.o [1]
  .text              ro code  0x00002cbc   0x1b8  measure.o [1]
  .text              ro code  0x00002e74   0x128  adc.o [4]
  .text              ro code  0x00002f9c    0x1e  I32ToFlt.o [5]
  .text              ro code  0x00002fbc    0x90  DblToFlt.o [5]
  .text              ro code  0x0000304c    0x24  FltCmpLe.o [5]
  .text              ro code  0x00003070   0x128  communication.o [1]
  .text              ro code  0x00003198    0xa6  packbits_init3.o [6]
  .text              ro code  0x00003240    0x48  interrupts.o [1]
  .text              ro code  0x00003288    0x28  data_init3.o [6]
  .iar.init_table    const    0x000032b0    0x2c  - Linker created -
  .text              ro code  0x000032dc    0x16  cmain.o [6]
  .text              ro code  0x000032f2     0x4  low_level_init.o [3]
  .text              ro code  0x000032f6     0x4  exit.o [3]
  .text              ro code  0x000032fc     0xa  cexit.o [6]
  .text              ro code  0x00003308     0xc  XXexit.o [6]
  .text              ro code  0x00003314     0xc  cstartup_M.o [6]
  .text              ro code  0x00003320     0xa  startup_ewarm.o [1]
  .rodata            const    0x0000332a     0x0  zero_init3.o [6]
  .rodata            const    0x0000332a     0x0  packbits_init3.o [6]
  Initializer bytes  ro data  0x0000332a   0x12d  <for P2 s0>
                            - 0x00003457  0x3367

"P2", part 1 of 3:                         0x5b8
  P2 s0                       0x20000000   0x5b2  <Init block>
    .data            inited   0x20000000   0x420  startup.o [1]
    .data            inited   0x20000420   0x108  startup.o [1]
    .data            inited   0x20000528    0x6c  tasks.o [1]
    .data            inited   0x20000594     0xc  heap_2.o [1]
    .data            inited   0x200005a0     0xc  measure.o [1]
    .data            inited   0x200005ac     0x4  port.o [1]
    .data            inited   0x200005b0     0x2  startup.o [1]
                            - 0x200005b2   0x5b2

"P2", part 2 of 3:                        0x6380
  .bss               zero     0x200005b8  0x5dcc  heap_2.o [1]
  .bss               zero     0x20006384   0x400  uartstdio.o [1]
  .bss               zero     0x20006784    0xac  tasks.o [1]
  .bss               zero     0x20006830    0x80  uartstdio.o [1]
  .bss               zero     0x200068b0    0x28  schedule.o [1]
  .bss               zero     0x200068d8    0x1c  uartstdio.o [1]
  .bss               zero     0x200068f4    0x14  rit128x96x4.o [1]
  .bss               zero     0x20006908     0xc  interrupts.o [1]
  .bss               zero     0x20006914     0xc  timertest.o [1]
  .bss               zero     0x20006920     0x8  rit128x96x4.o [1]
  .bss               zero     0x20006928     0x4  main.o [1]
  .bss               zero     0x2000692c     0x2  startup.o [1]
  .bss               zero     0x2000692e     0x2  startup.o [1]
  .bss               zero     0x20006930     0x2  startup.o [1]
  .bss               zero     0x20006932     0x2  startup.o [1]
  .bss               zero     0x20006934     0x1  oledDisplay.o [1]
                            - 0x20006935  0x637d

"P2", part 3 of 3:                        0x1000
  .noinit            uninit   0x20006938  0x1000  startup_ewarm.o [1]
                            - 0x20007938  0x1000


*******************************************************************************
*** INIT TABLE
***

          Address     Size
          -------     ----
Zero (__iar_zero_init3)
    1 destination range, total size 0x637d:
          0x200005b8  0x637d

Copy/packbits (__iar_packbits_init3)
    1 source range, total size 0x12d (20% of destination):
          0x0000332a   0x12d
    1 destination range, total size 0x5b2:
          0x20000000   0x5b2



*******************************************************************************
*** MODULE SUMMARY
***

    Module            ro code  ro data  rw data
    ------            -------  -------  -------
C:\Users\castia\Documents\GitHub\EE-472\FreeRTOSver\Debug\Obj: [1]
    circularbuffer.o      106
    communication.o       296
    compute.o             624
    heap_2.o              216        3   24 024
    interrupts.o           72                12
    keypad.o              448
    list.o                146
    main.o                 56                 4
    measure.o             440        2       12
    oledDisplay.o         924                 1
    port.o                160        1        4
    portasm.o             140
    rit128x96x4.o       1 220                28
    schedule.o                               40
    startup.o             548      273    1 330
    startup_ewarm.o        10      240    4 096
    tasks.o             1 152       22      280
    timertest.o           180                12
    uartstdio.o         1 172             1 180
    -------------------------------------------
    Total:              7 910      541   31 023

command line: [2]
    -------------------------------------------
    Total:

dl7M_tln.a: [3]
    exit.o                  4
    low_level_init.o        4
    -------------------------------------------
    Total:                  8

driverlib-cm3.a: [4]
    adc.o                 296
    cpu.o                  16
    gpio.o                366
    interrupt.o           436
    ssi.o                 134
    sysctl.o            1 088
    timer.o                86
    uart.o                234
    -------------------------------------------
    Total:              2 656

m7M_tl.a: [5]
    DblAdd.o              232
    DblMul.o              418
    DblSub.o              384
    DblToFlt.o            144
    DblToI32.o             76
    FltCmpLe.o             36
    I32ToDbl.o             48
    I32ToFlt.o             30
    -------------------------------------------
    Total:              1 368

rt7M_tl.a: [6]
    ABImemcpy.o           118
    ABImemset.o           102
    ABImemset48.o          58
    XXexit.o               12
    cexit.o                10
    cmain.o                22
    cstartup_M.o           12
    data_init3.o           40
    memcmp.o               98
    packbits_init3.o      166
    strcpy.o               68
    strncpy.o             108
    zero_init3.o           34
    -------------------------------------------
    Total:                848

    Gaps                   24
    Linker created                  44
-----------------------------------------------
    Grand Total:       12 814      585   31 023


*******************************************************************************
*** ENTRY LIST
***

Entry                      Address    Size  Type      Object
-----                      -------    ----  ----      ------
?main                   0x000032dd          Code  Gb  cmain.o [6]
ADCIntClear             0x00002e9f     0xa  Code  Gb  adc.o [4]
ADCIntStatus            0x00002e75    0x2a  Code  Gb  adc.o [4]
ADCProcessorTrigger     0x00002f77    0x1c  Code  Gb  adc.o [4]
ADCSequenceConfigure    0x00002eaf    0x30  Code  Gb  adc.o [4]
ADCSequenceDataGet      0x00002f59    0x1e  Code  Gb  adc.o [4]
ADCSequenceEnable       0x00002ea9     0x6  Code  Gb  adc.o [4]
ADCSequenceStepConfigure
                        0x00002edf    0x70  Code  Gb  adc.o [4]
CPUcpsid                0x000013a9     0x8  Code  Gb  cpu.o [4]
CPUcpsie                0x000013b1     0x8  Code  Gb  cpu.o [4]
FaultISR                0x00003327     0x2  Code  Lc  startup_ewarm.o [1]
GPIODirModeSet          0x000005b5    0x28  Code  Gb  gpio.o [4]
GPIOFIntHandler         0x00003241    0x10  Code  Gb  interrupts.o [1]
GPIOIntTypeSet          0x000005dd    0x38  Code  Gb  gpio.o [4]
GPIOPadConfigSet        0x00000615    0x98  Code  Gb  gpio.o [4]
GPIOPinIntClear         0x000006b3     0x6  Code  Gb  gpio.o [4]
GPIOPinIntEnable        0x000006ad     0x6  Code  Gb  gpio.o [4]
GPIOPinRead             0x000006b9     0x6  Code  Gb  gpio.o [4]
GPIOPinTypeGPIOInput    0x000006d3    0x10  Code  Gb  gpio.o [4]
GPIOPinTypeGPIOOutput   0x000006e3     0xa  Code  Gb  gpio.o [4]
GPIOPinTypeSSI          0x00000707     0xa  Code  Gb  gpio.o [4]
GPIOPinTypeUART         0x00000711     0xa  Code  Gb  gpio.o [4]
GPIOPinWrite            0x000006bf     0x6  Code  Gb  gpio.o [4]
IntDefaultHandler       0x00003329     0x2  Code  Lc  startup_ewarm.o [1]
IntDisable              0x00001131    0x58  Code  Gb  interrupt.o [4]
IntEnable               0x000010d9    0x58  Code  Gb  interrupt.o [4]
IntMasterDisable        0x000010ab     0xa  Code  Gb  interrupt.o [4]
IntMasterEnable         0x000010a1     0xa  Code  Gb  interrupt.o [4]
IntPrioritySet          0x000010b5    0x24  Code  Gb  interrupt.o [4]
IsBufferEmpty           0x00000c27    0x10  Code  Lc  uartstdio.o [1]
IsBufferFull            0x00000c0d    0x1a  Code  Lc  uartstdio.o [1]
NmiSR                   0x00003325     0x2  Code  Lc  startup_ewarm.o [1]
RIT128x96x4Clear        0x0000015f    0x38  Code  Gb  rit128x96x4.o [1]
RIT128x96x4Enable       0x0000024d    0x4a  Code  Gb  rit128x96x4.o [1]
RIT128x96x4Init         0x000002a5    0x86  Code  Gb  rit128x96x4.o [1]
RIT128x96x4StringDraw   0x00000197    0xa6  Code  Gb  rit128x96x4.o [1]
RITWriteCommand         0x000000f1    0x32  Code  Lc  rit128x96x4.o [1]
RITWriteData            0x00000123    0x32  Code  Lc  rit128x96x4.o [1]
Region$$Table$$Base     0x000032b0           --   Gb  - Linker created -
Region$$Table$$Limit    0x000032dc           --   Gb  - Linker created -
ResetISR                0x00003321     0x4  Code  Gb  startup_ewarm.o [1]
SSIConfigSetExpClk      0x00000745    0x46  Code  Gb  ssi.o [4]
SSIDataGet              0x000007ad     0xc  Code  Gb  ssi.o [4]
SSIDataGetNonBlocking   0x000007b9    0x12  Code  Gb  ssi.o [4]
SSIDataPut              0x000007a3     0xa  Code  Gb  ssi.o [4]
SSIDisable              0x00000797     0xc  Code  Gb  ssi.o [4]
SSIEnable               0x0000078b     0xc  Code  Gb  ssi.o [4]
SysCtlClockGet          0x00000993   0x19a  Code  Gb  sysctl.o [4]
SysCtlClockSet          0x0000087d   0x116  Code  Gb  sysctl.o [4]
SysCtlDelay             0x00000875     0x8  Code  Gb  sysctl.o [4]
SysCtlPeripheralEnable  0x0000082b    0x1c  Code  Gb  sysctl.o [4]
SysCtlPeripheralPresent
                        0x000007cd    0x5e  Code  Gb  sysctl.o [4]
Timer0IntHandler        0x00001ea1    0x32  Code  Gb  timertest.o [1]
TimerConfigure          0x00001ef9    0x26  Code  Gb  timer.o [4]
TimerEnable             0x00001eed     0xc  Code  Gb  timer.o [4]
TimerIntClear           0x00001f3f     0x4  Code  Gb  timer.o [4]
TimerIntEnable          0x00001f35     0x4  Code  Gb  timer.o [4]
TimerLoadSet            0x00001f25    0x10  Code  Gb  timer.o [4]
UARTCharGetNonBlocking  0x000012ff     0xa  Code  Gb  uart.o [4]
UARTCharPutNonBlocking  0x0000130f    0x10  Code  Gb  uart.o [4]
UARTCharsAvail          0x000012eb     0x6  Code  Gb  uart.o [4]
UARTConfigSetExpClk     0x0000125b    0x4c  Code  Gb  uart.o [4]
UARTDisable             0x000012c1    0x1e  Code  Gb  uart.o [4]
UARTEnable              0x000012a7    0x1a  Code  Gb  uart.o [4]
UARTFIFOLevelSet        0x00001255     0x6  Code  Gb  uart.o [4]
UARTFlushRx             0x00000f15    0x1c  Code  Gb  uartstdio.o [1]
UARTFlushTx             0x00000f31    0x24  Code  Gb  uartstdio.o [1]
UARTIntClear            0x0000133b     0x4  Code  Gb  uart.o [4]
UARTIntDisable          0x00001325     0x4  Code  Gb  uart.o [4]
UARTIntEnable           0x0000131f     0x6  Code  Gb  uart.o [4]
UARTIntStatus           0x00001331     0xa  Code  Gb  uart.o [4]
UARTPrimeTransmit       0x00000c37    0x56  Code  Lc  uartstdio.o [1]
UARTSpaceAvail          0x000012f1     0x4  Code  Gb  uart.o [4]
UARTStdioInit           0x00000c8d     0x4  Code  Gb  uartstdio.o [1]
UARTStdioInitExpClk     0x00000c91    0x7a  Code  Gb  uartstdio.o [1]
UARTStdioIntHandler     0x00000f55    0xe0  Code  Gb  uartstdio.o [1]
UARTprintf              0x00000d85   0x186  Code  Gb  uartstdio.o [1]
UARTwrite               0x00000d0b    0x58  Code  Gb  uartstdio.o [1]
__aeabi_cfcmple         0x0000304d          Code  Gb  FltCmpLe.o [5]
__aeabi_d2f             0x00002fbd          Code  Gb  DblToFlt.o [5]
__aeabi_d2iz            0x00002805          Code  Gb  DblToI32.o [5]
__aeabi_dadd            0x000029d1          Code  Gb  DblAdd.o [5]
__aeabi_dmul            0x00002661          Code  Gb  DblMul.o [5]
__aeabi_dsub            0x00002851          Code  Gb  DblSub.o [5]
__aeabi_i2d             0x00002631          Code  Gb  I32ToDbl.o [5]
__aeabi_memcpy          0x00001fad          Code  Gb  ABImemcpy.o [6]
__aeabi_memcpy4         0x00001fcd          Code  Gb  ABImemcpy.o [6]
__aeabi_memcpy8         0x00001fcd          Code  Gb  ABImemcpy.o [6]
__aeabi_memset          0x00001341          Code  Gb  ABImemset.o [6]
__aeabi_memset4         0x00001911          Code  Gb  ABImemset48.o [6]
__aeabi_memset8         0x00001911          Code  Gb  ABImemset48.o [6]
__aeabi_ui2d            0x00002645          Code  Gb  I32ToDbl.o [5]
__aeabi_ui2f            0x00002f9d          Code  Gb  I32ToFlt.o [5]
__cmain                 0x000032dd          Code  Gb  cmain.o [6]
__exit                  0x00003309          Code  Gb  XXexit.o [6]
__iar_Memset            0x00001341          Code  Gb  ABImemset.o [6]
__iar_Memset4_word      0x00001919          Code  Gb  ABImemset48.o [6]
__iar_Memset8_word      0x00001919          Code  Gb  ABImemset48.o [6]
__iar_Memset_word       0x00001349          Code  Gb  ABImemset.o [6]
__iar_d2uiz             0x00002831          Code  Gb  DblToI32.o [5]
__iar_dadd              0x000029e5          Code  Gb  DblAdd.o [5]
__iar_data_init3        0x00003289    0x28  Code  Gb  data_init3.o [6]
__iar_dsub              0x00002865          Code  Gb  DblSub.o [5]
__iar_dsubStart         0x00002877          Code  Gb  DblSub.o [5]
__iar_packbits_init3    0x00003199    0xa6  Code  Gb  packbits_init3.o [6]
__iar_program_start     0x00003315          Code  Gb  cstartup_M.o [6]
__iar_ui2d              0x00002649          Code  Gb  I32ToDbl.o [5]
__iar_ui2f              0x00002fa1          Code  Gb  I32ToFlt.o [5]
__iar_zero_init3        0x00000723    0x22  Code  Gb  zero_init3.o [6]
__low_level_init        0x000032f3     0x4  Code  Gb  low_level_init.o [3]
__vector_table          0x00000000    0xf0  Data  Gb  startup_ewarm.o [1]
_call_main              0x000032e9          Code  Gb  cmain.o [6]
_exit                   0x000032fd          Code  Gb  cexit.o [6]
_main                   0x000032ef          Code  Gb  cmain.o [6]
addFlags                0x200068b0    0x10  Data  Gb  schedule.o [1]
alarmAcknowledge        0x20006932     0x2  Data  Gb  startup.o [1]
battCorrected           0x20000380    0x80  Data  Gb  startup.o [1]
battCorrectedBuf        0x20000400    0x20  Data  Gb  startup.o [1]
batteryState            0x200005b0     0x2  Data  Gb  startup.o [1]
cBuffInit               0x00001f43    0x20  Code  Gb  circularbuffer.o [1]
cBuffPush               0x00001f7b    0x32  Code  Gb  circularbuffer.o [1]
cBuffPut                0x00001f63    0x18  Code  Gb  circularbuffer.o [1]
clearOLED               0x000022dd    0x20  Code  Gb  oledDisplay.o [1]
communication           0x00003071    0x6e  Code  Gb  communication.o [1]
communicationsData      0x20000500    0x18  Data  Gb  startup.o [1]
compute                 0x000023c1   0x158  Code  Gb  compute.o [1]
computeData             0x200004b4    0x2c  Data  Gb  startup.o [1]
curTask                 0x200068d4     0x4  Data  Gb  schedule.o [1]
diaComplete             0x200005a0     0x4  Data  Gb  measure.o [1]
diastolicPressCorrected
                        0x20000240    0x80  Data  Gb  startup.o [1]
diastolicPressCorrectedBuf
                        0x200002c0    0x20  Data  Gb  startup.o [1]
diastolicPressRaw       0x20000080    0x20  Data  Gb  startup.o [1]
diastolicPressRawBuf    0x200000a0    0x20  Data  Gb  startup.o [1]
displayData             0x200004e0    0x20  Data  Gb  startup.o [1]
displayMode             0x2000692e     0x2  Data  Gb  startup.o [1]
displayScroll           0x20006930     0x2  Data  Gb  startup.o [1]
even                    0x200005a8     0x4  Data  Gb  measure.o [1]
exit                    0x000032f7     0x4  Code  Gb  exit.o [3]
findSize                0x000025b5    0x32  Code  Gb  compute.o [1]
g_bDisableEcho          0x200068d8     0x1  Data  Lc  uartstdio.o [1]
g_bSSIEnabled           0x200068f4     0x1  Data  Lc  rit128x96x4.o [1]
g_pcUARTRxBuffer        0x20006830    0x80  Data  Lc  uartstdio.o [1]
g_pcUARTTxBuffer        0x20006384   0x400  Data  Lc  uartstdio.o [1]
g_pucBuffer             0x20006920     0x8  Data  Lc  rit128x96x4.o [1]
g_pucFont               0x0000037c   0x1e0  Data  Lc  rit128x96x4.o [1]
g_pucRIT128x96x4HorizontalInc
                        0x00000378     0x2  Data  Lc  rit128x96x4.o [1]
g_pucRIT128x96x4Init    0x0000055c    0x50  Data  Lc  rit128x96x4.o [1]
g_pucRIT128x96x4VerticalInc
                        0x00000374     0x2  Data  Lc  rit128x96x4.o [1]
g_pulDCRegs             0x00000b84    0x10  Data  Lc  sysctl.o [4]
g_pulDisRegs            0x00001240    0x14  Data  Lc  interrupt.o [4]
g_pulEnRegs             0x0000122c    0x14  Data  Lc  interrupt.o [4]
g_pulRCGCRegs           0x00000b94     0xc  Data  Lc  sysctl.o [4]
g_pulRegs               0x00001190    0x9c  Data  Lc  interrupt.o [4]
g_pulXtals              0x00000ba0    0x6c  Data  Lc  sysctl.o [4]
g_ulBase                0x200068ec     0x4  Data  Lc  uartstdio.o [1]
g_ulPortNum             0x200068f0     0x4  Data  Lc  uartstdio.o [1]
g_ulUARTBase            0x0000107c     0xc  Data  Lc  uartstdio.o [1]
g_ulUARTInt             0x00001088     0xc  Data  Lc  uartstdio.o [1]
g_ulUARTPeriph          0x00001094     0xc  Data  Lc  uartstdio.o [1]
g_ulUARTRxReadIndex     0x200068e8     0x4  Data  Lc  uartstdio.o [1]
g_ulUARTRxWriteIndex    0x200068e4     0x4  Data  Lc  uartstdio.o [1]
g_ulUARTTxReadIndex     0x200068e0     0x4  Data  Lc  uartstdio.o [1]
g_ulUARTTxWriteIndex    0x200068dc     0x4  Data  Lc  uartstdio.o [1]
getDigits               0x00002615    0x14  Code  Gb  compute.o [1]
keypad                  0x00002afd   0x14c  Code  Gb  keypad.o [1]
keypadData              0x20000518    0x10  Data  Gb  startup.o [1]
keypadSetUp             0x00002c61    0x40  Code  Gb  keypad.o [1]
main                    0x00001b79    0x18  Code  Gb  main.o [1]
measure                 0x00002ced    0x58  Code  Gb  measure.o [1]
measureBloodPressure    0x00002def    0x66  Code  Gb  measure.o [1]
measureData             0x200004a0    0x14  Data  Gb  startup.o [1]
measurePulseRate        0x00002d85    0x6a  Code  Gb  measure.o [1]
measureSetup            0x00002cbd    0x30  Code  Gb  measure.o [1]
measureTemp             0x00002d4d    0x38  Code  Gb  measure.o [1]
measurementSelection    0x2000692c     0x2  Data  Gb  startup.o [1]
memcmp                  0x00001bb1          Code  Gb  memcmp.o [6]
oledDisplay             0x00002025   0x260  Code  Gb  oledDisplay.o [1]
pcTraceBuffer           0x20006804     0x4  Data  Lc  tasks.o [1]
pcTraceBufferEnd        0x20000588     0x4  Data  Lc  tasks.o [1]
pcTraceBufferStart      0x20000584     0x4  Data  Lc  tasks.o [1]
prTimerIntHandler       0x00003251    0x28  Code  Gb  interrupts.o [1]
prvAddCurrentTaskToDelayedList
                        0x000017e1    0x34  Code  Lc  tasks.o [1]
prvIdleTask             0x00001795    0x4c  Code  Lc  tasks.o [1]
pulStack                0x20006938  0x1000  Data  Lc  startup_ewarm.o [1]
pulseRateCorrected      0x200002e0    0x80  Data  Gb  startup.o [1]
pulseRateCorrectedBuf   0x20000360    0x20  Data  Gb  startup.o [1]
pulseRateCount          0x2000690c     0x4  Data  Gb  interrupts.o [1]
pulseRateFlag           0x20006908     0x2  Data  Gb  interrupts.o [1]
pulseRateRaw            0x200000c0    0x20  Data  Gb  startup.o [1]
pulseRateRawBuf         0x200000e0    0x20  Data  Gb  startup.o [1]
pulseRateSample         0x20006910     0x4  Data  Gb  interrupts.o [1]
pvPortMalloc            0x00001839    0x9e  Code  Gb  heap_2.o [1]
pxCurrentTCB            0x20006784     0x4  Data  Gb  tasks.o [1]
pxDelayedTaskList       0x200067ec     0x4  Data  Lc  tasks.o [1]
pxOverflowDelayedTaskList
                        0x200067f0     0x4  Data  Lc  tasks.o [1]
pxPortInitialiseStack   0x00001a4d    0x1a  Code  Gb  port.o [1]
pxReadyTasksLists       0x20006788    0x64  Data  Lc  tasks.o [1]
removeFlags             0x200068c0    0x10  Data  Gb  schedule.o [1]
schedulerInit           0x00001d33    0x98  Code  Gb  startup.o [1]
startup                 0x00001c15   0x11e  Code  Gb  startup.o [1]
strcpy                  0x00002ab9          Code  Gb  strcpy.o [6]
strncpy                 0x0000194d          Code  Gb  strncpy.o [6]
sysComplete             0x200005a4     0x4  Data  Gb  measure.o [1]
systolicPressCorrected  0x200001a0    0x80  Data  Gb  startup.o [1]
systolicPressCorrectedBuf
                        0x20000220    0x20  Data  Gb  startup.o [1]
systolicPressRaw        0x20000040    0x20  Data  Gb  startup.o [1]
systolicPressRawBuf     0x20000060    0x20  Data  Gb  startup.o [1]
taskList                0x20000420    0x80  Data  Gb  startup.o [1]
taskQueueHead           0x200068d0     0x4  Data  Gb  schedule.o [1]
tempCorrected           0x20000100    0x80  Data  Gb  startup.o [1]
tempCorrectedBuf        0x20000180    0x20  Data  Gb  startup.o [1]
temperatureRaw          0x20000000    0x20  Data  Gb  startup.o [1]
temperatureRawBuf       0x20000020    0x20  Data  Gb  startup.o [1]
toString                0x00002533    0x82  Code  Gb  compute.o [1]
ulGPIOBase              0x200068fc     0x4  Data  Gb  rit128x96x4.o [1]
ulGPIOId                0x200068f8     0x4  Data  Gb  rit128x96x4.o [1]
ulMaxJitter             0x20006914     0x4  Data  Gb  timertest.o [1]
ulOLEDDC_PIN            0x20006900     0x4  Data  Gb  rit128x96x4.o [1]
ulOLEDEN_PIN            0x20006904     0x4  Data  Gb  rit128x96x4.o [1]
uxCriticalNesting       0x200005ac     0x4  Data  Lc  port.o [1]
uxCurrentNumberOfTasks  0x200067f4     0x4  Data  Lc  tasks.o [1]
uxMissedTicks           0x20000570     0x4  Data  Lc  tasks.o [1]
uxPreviousTask          0x20000590     0x4  Data  Lc  tasks.o [1]
uxSchedulerSuspended    0x20006800     0x4  Data  Lc  tasks.o [1]
uxTaskNumber            0x2000057c     0x4  Data  Lc  tasks.o [1]
uxTasksDeleted          0x20000550     0x4  Data  Lc  tasks.o [1]
uxTopReadyPriority      0x200067fc     0x4  Data  Lc  tasks.o [1]
uxTopUsedPriority       0x20000568     0x4  Data  Lc  tasks.o [1]
vApplicationStackOverflowHook
                        0x00001b91     0x2  Code  Gb  main.o [1]
vApplicationTickHook    0x00001b93    0x14  Code  Gb  main.o [1]
vListInitialise         0x000019b9    0x1a  Code  Gb  list.o [1]
vListInitialiseItem     0x000019d3     0x6  Code  Gb  list.o [1]
vListInsert             0x000019f5    0x32  Code  Gb  list.o [1]
vListInsertEnd          0x000019d9    0x1c  Code  Gb  list.o [1]
vListRemove             0x00001a27    0x24  Code  Gb  list.o [1]
vPortClearInterruptMask
                        0x00001b37          Code  Gb  portasm.o [1]
vPortEnterCritical      0x00001a9f    0x10  Code  Gb  port.o [1]
vPortExitCritical       0x00001aaf    0x10  Code  Gb  port.o [1]
vPortFree               0x000018d7    0x32  Code  Gb  heap_2.o [1]
vPortSVCHandler         0x00001b45          Code  Gb  portasm.o [1]
vPortSetInterruptMask   0x00001b29          Code  Gb  portasm.o [1]
vPortStartFirstTask     0x00001b61          Code  Gb  portasm.o [1]
vPortYieldFromISR       0x00001a95     0xa  Code  Gb  port.o [1]
vSetMSP                 0x00001aed          Code  Gb  portasm.o [1]
vSetupHighFrequencyTimer
                        0x00001e39    0x68  Code  Gb  timertest.o [1]
vTaskDelay              0x0000150f    0x30  Code  Gb  tasks.o [1]
vTaskIncrementTick      0x00001631    0xa2  Code  Gb  tasks.o [1]
vTaskStartScheduler     0x0000153f    0x44  Code  Gb  tasks.o [1]
vTaskSuspendAll         0x00001583     0xc  Code  Gb  tasks.o [1]
vTaskSwitchContext      0x000016d3    0xb6  Code  Gb  tasks.o [1]
xDelayedTaskList1       0x20006808    0x14  Data  Lc  tasks.o [1]
xDelayedTaskList2       0x2000681c    0x14  Data  Lc  tasks.o [1]
xEnd                    0x200005b8     0x8  Data  Lc  heap_2.o [1]
xFreeBytesRemaining     0x2000059c     0x4  Data  Lc  heap_2.o [1]
xHeap                   0x200005c0  0x5dc0  Data  Lc  heap_2.o [1]
xMissedYield            0x20000574     0x4  Data  Lc  tasks.o [1]
xNextTaskUnblockTime    0x20000580     0x4  Data  Lc  tasks.o [1]
xNumOfOverflows         0x20000578     0x4  Data  Lc  tasks.o [1]
xPendingReadyList       0x20000528    0x14  Data  Lc  tasks.o [1]
xPortPendSVHandler      0x00001af3          Code  Gb  portasm.o [1]
xPortStartScheduler     0x00001a67    0x2e  Code  Gb  port.o [1]
xPortSysTickHandler     0x00001abf    0x1a  Code  Gb  port.o [1]
xSchedulerRunning       0x2000056c     0x4  Data  Lc  tasks.o [1]
xStart                  0x20000594     0x8  Data  Lc  heap_2.o [1]
xSuspendedTaskList      0x20000554    0x14  Data  Lc  tasks.o [1]
xTaskGenericCreate      0x000013b9   0x156  Code  Gb  tasks.o [1]
xTaskResumeAll          0x0000158f    0x8e  Code  Gb  tasks.o [1]
xTasksWaitingTermination
                        0x2000053c    0x14  Data  Lc  tasks.o [1]
xTickCount              0x200067f8     0x4  Data  Lc  tasks.o [1]
xTracing                0x2000058c     0x4  Data  Lc  tasks.o [1]


[1] = C:\Users\castia\Documents\GitHub\EE-472\FreeRTOSver\Debug\Obj
[2] = command line
[3] = dl7M_tln.a
[4] = driverlib-cm3.a
[5] = m7M_tl.a
[6] = rt7M_tl.a

  12 814 bytes of readonly  code memory
     585 bytes of readonly  data memory
  31 023 bytes of readwrite data memory

Errors: none
Warnings: none
