###############################################################################
#                                                                             #
# IAR ELF Linker V6.40.3.54009/W32 for ARM              26/Feb/2014  00:03:40 #
# Copyright 2007-2012 IAR Systems AB.                                         #
#                                                                             #
#    Output file  =  C:\Users\castia\Documents\GitHub\EE-472\FreeRTOSver\Debu #
#                    g\Exe\RTOSDemo.out                                       #
#    Map file     =  C:\Users\castia\Documents\GitHub\EE-472\FreeRTOSver\Debu #
#                    g\List\RTOSDemo.map                                      #
#    Command line =  C:\StellarisWare\driverlib\ewarm-cm3\Exe\driverlib-cm3.a #
#                     C:\Users\castia\Documents\GitHub\EE-472\FreeRTOSver\Deb #
#                    ug\Obj\IntQueue.o C:\Users\castia\Documents\GitHub\EE-47 #
#                    2\FreeRTOSver\Debug\Obj\IntQueueTimer.o                  #
#                    C:\Users\castia\Documents\GitHub\EE-472\FreeRTOSver\Debu #
#                    g\Obj\ParTest.o C:\Users\castia\Documents\GitHub\EE-472\ #
#                    FreeRTOSver\Debug\Obj\circularbuffer.o                   #
#                    C:\Users\castia\Documents\GitHub\EE-472\FreeRTOSver\Debu #
#                    g\Obj\communication.o C:\Users\castia\Documents\GitHub\E #
#                    E-472\FreeRTOSver\Debug\Obj\compute.o                    #
#                    C:\Users\castia\Documents\GitHub\EE-472\FreeRTOSver\Debu #
#                    g\Obj\ekgCapture.o C:\Users\castia\Documents\GitHub\EE-4 #
#                    72\FreeRTOSver\Debug\Obj\heap_2.o                        #
#                    C:\Users\castia\Documents\GitHub\EE-472\FreeRTOSver\Debu #
#                    g\Obj\interrupts.o C:\Users\castia\Documents\GitHub\EE-4 #
#                    72\FreeRTOSver\Debug\Obj\keypad.o                        #
#                    C:\Users\castia\Documents\GitHub\EE-472\FreeRTOSver\Debu #
#                    g\Obj\list.o C:\Users\castia\Documents\GitHub\EE-472\Fre #
#                    eRTOSver\Debug\Obj\main.o C:\Users\castia\Documents\GitH #
#                    ub\EE-472\FreeRTOSver\Debug\Obj\measure.o                #
#                    C:\Users\castia\Documents\GitHub\EE-472\FreeRTOSver\Debu #
#                    g\Obj\oledDisplay.o C:\Users\castia\Documents\GitHub\EE- #
#                    472\FreeRTOSver\Debug\Obj\port.o                         #
#                    C:\Users\castia\Documents\GitHub\EE-472\FreeRTOSver\Debu #
#                    g\Obj\portasm.o C:\Users\castia\Documents\GitHub\EE-472\ #
#                    FreeRTOSver\Debug\Obj\queue.o                            #
#                    C:\Users\castia\Documents\GitHub\EE-472\FreeRTOSver\Debu #
#                    g\Obj\rit128x96x4.o C:\Users\castia\Documents\GitHub\EE- #
#                    472\FreeRTOSver\Debug\Obj\schedule.o                     #
#                    C:\Users\castia\Documents\GitHub\EE-472\FreeRTOSver\Debu #
#                    g\Obj\startup.o C:\Users\castia\Documents\GitHub\EE-472\ #
#                    FreeRTOSver\Debug\Obj\startup_ewarm.o                    #
#                    C:\Users\castia\Documents\GitHub\EE-472\FreeRTOSver\Debu #
#                    g\Obj\status.o C:\Users\castia\Documents\GitHub\EE-472\F #
#                    reeRTOSver\Debug\Obj\tasks.o                             #
#                    C:\Users\castia\Documents\GitHub\EE-472\FreeRTOSver\Debu #
#                    g\Obj\timertest.o C:\Users\castia\Documents\GitHub\EE-47 #
#                    2\FreeRTOSver\Debug\Obj\uartstdio.o                      #
#                    C:\Users\castia\Documents\GitHub\EE-472\FreeRTOSver\Debu #
#                    g\Obj\warningAlarm.o --redirect _Printf=_PrintfSmall     #
#                    --redirect _Scanf=_ScanfSmall -o                         #
#                    C:\Users\castia\Documents\GitHub\EE-472\FreeRTOSver\Debu #
#                    g\Exe\RTOSDemo.out --map C:\Users\castia\Documents\GitHu #
#                    b\EE-472\FreeRTOSver\Debug\List\RTOSDemo.map --config    #
#                    C:\Users\castia\Documents\GitHub\EE-472\FreeRTOSver\LM3S #
#                    xxxx.icf --entry __iar_program_start --vfe               #
#                                                                             #
#                                                                             #
###############################################################################

*******************************************************************************
*** RUNTIME MODEL ATTRIBUTES
***

CppFlavor       = *
__SystemLibrary = DLib


*******************************************************************************
*** PLACEMENT SUMMARY
***

"A1":  place at start of [0x00000000-0x0003ffff] { ro section .intvec };
"P1":  place in [from 0x00000000 to 0x0003ffff] { ro };
"P2":  place in [from 0x20000000 to 0x2000ffff] { rw, block HEAP };

  Section            Kind        Address    Size  Object
  -------            ----        -------    ----  ------
"A1":                                       0xf0
  .intvec            const    0x00000000    0xf0  startup_ewarm.o [1]
                            - 0x000000f0    0xf0

"P1":                                     0x3a98
  .text              ro code  0x000000f0   0x5a0  tasks.o [1]
  .text              ro code  0x00000690    0xd8  heap_2.o [1]
  .text              ro code  0x00000768    0x3a  ABImemset48.o [6]
  .text              ro code  0x000007a2    0x22  zero_init3.o [6]
  .text              ro code  0x000007c4    0x6c  strncpy.o [6]
  .text              ro code  0x00000830    0x92  list.o [1]
  .text              ro code  0x000008c4    0xa0  port.o [1]
  CODE               ro code  0x00000964    0x8c  portasm.o [1]
  .text              ro code  0x000009f0    0x38  main.o [1]
  .text              ro code  0x00000a28    0x62  memcmp.o [6]
  .text              ro code  0x00000a8c    0x66  ABImemset.o [6]
  .text              ro code  0x00000af4   0x450  sysctl.o [4]
  .text              ro code  0x00000f44   0x2a8  startup.o [1]
  .text              ro code  0x000011ec    0xb4  timertest.o [1]
  .text              ro code  0x000012a0    0x82  timer.o [4]
  .text              ro code  0x00001324   0x1b4  interrupt.o [4]
  .text              ro code  0x000014d8   0x188  gpio.o [4]
  .text              ro code  0x00001660    0x6a  circularbuffer.o [1]
  .text              ro code  0x000016cc    0x10  cpu.o [4]
  .text              ro code  0x000016dc    0x76  ABImemcpy.o [6]
  .text              ro code  0x00001754   0x4c4  rit128x96x4.o [1]
  .text              ro code  0x00001c18    0x86  ssi.o [4]
  .text              ro code  0x00001ca0   0x494  uartstdio.o [1]
  .text              ro code  0x00002134    0xea  uart.o [4]
  .text              ro code  0x00002220   0x3a4  oledDisplay.o [1]
  .text              ro code  0x000025c4   0x2e8  warningAlarm.o [1]
  .text              ro code  0x000028ac    0x8c  pwm.o [4]
  .text              ro code  0x00002938   0x26c  compute.o [1]
  .text              ro code  0x00002ba4    0x30  I32ToDbl.o [5]
  .text              ro code  0x00002bd4   0x1a2  DblMul.o [5]
  .text              ro code  0x00002d78    0x4c  DblToI32.o [5]
  .text              ro code  0x00002dc4   0x180  DblSub.o [5]
  .text              ro code  0x00002f44    0xe8  DblAdd.o [5]
  .text              ro code  0x0000302c    0x44  strcpy.o [6]
  .text              ro code  0x00003070   0x1c0  keypad.o [1]
  .text              ro code  0x00003230   0x1bc  measure.o [1]
  .text              ro code  0x000033ec   0x146  adc.o [4]
  .text              ro code  0x00003534    0x1e  I32ToFlt.o [5]
  .text              ro code  0x00003554    0x90  DblToFlt.o [5]
  .text              ro code  0x000035e4    0x24  FltCmpLe.o [5]
  .text              ro code  0x00003608   0x14c  ekgCapture.o [1]
  .text              ro code  0x00003754   0x134  communication.o [1]
  .text              ro code  0x00003888    0xa6  packbits_init3.o [6]
  .text              ro code  0x00003930    0x44  interrupts.o [1]
  .text              ro code  0x00003974    0x28  data_init3.o [6]
  .text              ro code  0x0000399c    0x26  status.o [1]
  .iar.init_table    const    0x000039c4    0x2c  - Linker created -
  .text              ro code  0x000039f0    0x16  cmain.o [6]
  .text              ro code  0x00003a06     0x4  low_level_init.o [3]
  .text              ro code  0x00003a0a     0x4  exit.o [3]
  .text              ro code  0x00003a10     0xa  cexit.o [6]
  .text              ro code  0x00003a1c     0xc  XXexit.o [6]
  .text              ro code  0x00003a28     0xc  cstartup_M.o [6]
  .text              ro code  0x00003a34     0xa  startup_ewarm.o [1]
  .rodata            const    0x00003a3e     0x0  zero_init3.o [6]
  .rodata            const    0x00003a3e     0x0  packbits_init3.o [6]
  Initializer bytes  ro data  0x00003a3e   0x147  <for P2 s0>
                            - 0x00003b85  0x3a95

"P2", part 1 of 3:                         0x578
  P2 s0                       0x20000000   0x572  <Init block>
    .data            inited   0x20000000   0x420  startup.o [1]
    .data            inited   0x20000420    0xc8  startup.o [1]
    .data            inited   0x200004e8    0x6c  tasks.o [1]
    .data            inited   0x20000554     0xc  heap_2.o [1]
    .data            inited   0x20000560     0xc  measure.o [1]
    .data            inited   0x2000056c     0x4  port.o [1]
    .data            inited   0x20000570     0x2  startup.o [1]
                            - 0x20000572   0x572

"P2", part 2 of 3:                        0x6770
  .bss               zero     0x20000578  0x5dcc  heap_2.o [1]
  .bss               zero     0x20006344   0x400  startup.o [1]
  .bss               zero     0x20006744   0x400  uartstdio.o [1]
  .bss               zero     0x20006b44    0xac  tasks.o [1]
  .bss               zero     0x20006bf0    0x80  uartstdio.o [1]
  .bss               zero     0x20006c70    0x1c  uartstdio.o [1]
  .bss               zero     0x20006c8c    0x14  rit128x96x4.o [1]
  .bss               zero     0x20006ca0    0x14  warningAlarm.o [1]
  .bss               zero     0x20006cb4     0xc  interrupts.o [1]
  .bss               zero     0x20006cc0     0xc  timertest.o [1]
  .bss               zero     0x20006ccc     0x8  rit128x96x4.o [1]
  .bss               zero     0x20006cd4     0x4  ekgCapture.o [1]
  .bss               zero     0x20006cd8     0x4  main.o [1]
  .bss               zero     0x20006cdc     0x2  startup.o [1]
  .bss               zero     0x20006cde     0x2  startup.o [1]
  .bss               zero     0x20006ce0     0x2  startup.o [1]
  .bss               zero     0x20006ce2     0x2  startup.o [1]
  .bss               zero     0x20006ce4     0x1  oledDisplay.o [1]
                            - 0x20006ce5  0x676d

"P2", part 3 of 3:                        0x4000
  .noinit            uninit   0x20006ce8  0x4000  startup_ewarm.o [1]
                            - 0x2000ace8  0x4000


*******************************************************************************
*** INIT TABLE
***

          Address     Size
          -------     ----
Zero (__iar_zero_init3)
    1 destination range, total size 0x676d:
          0x20000578  0x676d

Copy/packbits (__iar_packbits_init3)
    1 source range, total size 0x147 (23% of destination):
          0x00003a3e   0x147
    1 destination range, total size 0x572:
          0x20000000   0x572



*******************************************************************************
*** MODULE SUMMARY
***

    Module            ro code  ro data  rw data
    ------            -------  -------  -------
C:\Users\castia\Documents\GitHub\EE-472\FreeRTOSver\Debug\Obj: [1]
    circularbuffer.o      106
    communication.o       308
    compute.o             620
    ekgCapture.o          332                 4
    heap_2.o              216        3   24 024
    interrupts.o           68                12
    keypad.o              448
    list.o                146
    main.o                 56                 4
    measure.o             444        3       12
    oledDisplay.o         932                 1
    port.o                160        1        4
    portasm.o             140
    rit128x96x4.o       1 220                28
    startup.o             680      295    2 290
    startup_ewarm.o        10      240   16 384
    status.o               38
    tasks.o             1 440       25      280
    timertest.o           180                12
    uartstdio.o         1 172             1 180
    warningAlarm.o        744                20
    -------------------------------------------
    Total:              9 460      567   44 255

command line: [2]
    -------------------------------------------
    Total:

dl7M_tln.a: [3]
    exit.o                  4
    low_level_init.o        4
    -------------------------------------------
    Total:                  8

driverlib-cm3.a: [4]
    adc.o                 326
    cpu.o                  16
    gpio.o                392
    interrupt.o           436
    pwm.o                 140
    ssi.o                 134
    sysctl.o            1 104
    timer.o               130
    uart.o                234
    -------------------------------------------
    Total:              2 912

m7M_tl.a: [5]
    DblAdd.o              232
    DblMul.o              418
    DblSub.o              384
    DblToFlt.o            144
    DblToI32.o             76
    FltCmpLe.o             36
    I32ToDbl.o             48
    I32ToFlt.o             30
    -------------------------------------------
    Total:              1 368

rt7M_tl.a: [6]
    ABImemcpy.o           118
    ABImemset.o           102
    ABImemset48.o          58
    XXexit.o               12
    cexit.o                10
    cmain.o                22
    cstartup_M.o           12
    data_init3.o           40
    memcmp.o               98
    packbits_init3.o      166
    strcpy.o               68
    strncpy.o             108
    zero_init3.o           34
    -------------------------------------------
    Total:                848

    Gaps                   28        2
    Linker created                  44
-----------------------------------------------
    Grand Total:       14 624      613   44 255


*******************************************************************************
*** ENTRY LIST
***

Entry                      Address    Size  Type      Object
-----                      -------    ----  ----      ------
?main                   0x000039f1          Code  Gb  cmain.o [6]
ADCIntClear             0x00003425     0xa  Code  Gb  adc.o [4]
ADCIntEnable            0x000033ed     0xe  Code  Gb  adc.o [4]
ADCIntStatus            0x000033fb    0x2a  Code  Gb  adc.o [4]
ADCProcessorTrigger     0x0000350d    0x1c  Code  Gb  adc.o [4]
ADCSequenceConfigure    0x00003445    0x30  Code  Gb  adc.o [4]
ADCSequenceDataGet      0x000034ef    0x1e  Code  Gb  adc.o [4]
ADCSequenceDisable      0x00003435     0x2  Code  Gb  adc.o [4]
ADCSequenceEnable       0x0000342f     0x6  Code  Gb  adc.o [4]
ADCSequenceStepConfigure
                        0x00003475    0x70  Code  Gb  adc.o [4]
CPUcpsid                0x000016cd     0x8  Code  Gb  cpu.o [4]
CPUcpsie                0x000016d5     0x8  Code  Gb  cpu.o [4]
EKGRawBuf               0x20006344   0x400  Data  Gb  startup.o [1]
FaultISR                0x00003a3b     0x2  Code  Lc  startup_ewarm.o [1]
GPIODirModeSet          0x000014d9    0x28  Code  Gb  gpio.o [4]
GPIOFIntHandler         0x00003931    0x10  Code  Gb  interrupts.o [1]
GPIOIntTypeSet          0x00001501    0x38  Code  Gb  gpio.o [4]
GPIOPadConfigSet        0x00001539    0x98  Code  Gb  gpio.o [4]
GPIOPinIntClear         0x000015d7     0x6  Code  Gb  gpio.o [4]
GPIOPinIntEnable        0x000015d1     0x6  Code  Gb  gpio.o [4]
GPIOPinRead             0x000015dd     0x6  Code  Gb  gpio.o [4]
GPIOPinTypeADC          0x000015e9     0x4  Code  Gb  gpio.o [4]
GPIOPinTypeGPIOInput    0x00001607    0x10  Code  Gb  gpio.o [4]
GPIOPinTypeGPIOOutput   0x00001617     0xa  Code  Gb  gpio.o [4]
GPIOPinTypePWM          0x0000163b     0xa  Code  Gb  gpio.o [4]
GPIOPinTypeSSI          0x00001645     0xa  Code  Gb  gpio.o [4]
GPIOPinTypeUART         0x0000164f     0xa  Code  Gb  gpio.o [4]
GPIOPinWrite            0x000015e3     0x6  Code  Gb  gpio.o [4]
IntDefaultHandler       0x00003a3d     0x2  Code  Lc  startup_ewarm.o [1]
IntDisable              0x000013b5    0x58  Code  Gb  interrupt.o [4]
IntEnable               0x0000135d    0x58  Code  Gb  interrupt.o [4]
IntMasterDisable        0x0000132f     0xa  Code  Gb  interrupt.o [4]
IntMasterEnable         0x00001325     0xa  Code  Gb  interrupt.o [4]
IntPrioritySet          0x00001339    0x24  Code  Gb  interrupt.o [4]
IsBufferEmpty           0x00001cbb    0x10  Code  Lc  uartstdio.o [1]
IsBufferFull            0x00001ca1    0x1a  Code  Lc  uartstdio.o [1]
NmiSR                   0x00003a39     0x2  Code  Lc  startup_ewarm.o [1]
PWMGenConfigure         0x000028ad    0x2c  Code  Gb  pwm.o [4]
PWMGenDisable           0x000028f3     0x6  Code  Gb  pwm.o [4]
PWMGenEnable            0x000028ed     0x6  Code  Gb  pwm.o [4]
PWMGenPeriodSet         0x000028d9    0x14  Code  Gb  pwm.o [4]
PWMOutputState          0x00002927    0x12  Code  Gb  pwm.o [4]
PWMPulseWidthSet        0x000028f9    0x1e  Code  Gb  pwm.o [4]
RIT128x96x4Clear        0x000017c3    0x38  Code  Gb  rit128x96x4.o [1]
RIT128x96x4Enable       0x000018b1    0x4a  Code  Gb  rit128x96x4.o [1]
RIT128x96x4Init         0x00001909    0x86  Code  Gb  rit128x96x4.o [1]
RIT128x96x4StringDraw   0x000017fb    0xa6  Code  Gb  rit128x96x4.o [1]
RITWriteCommand         0x00001755    0x32  Code  Lc  rit128x96x4.o [1]
RITWriteData            0x00001787    0x32  Code  Lc  rit128x96x4.o [1]
Region$$Table$$Base     0x000039c4           --   Gb  - Linker created -
Region$$Table$$Limit    0x000039f0           --   Gb  - Linker created -
ResetISR                0x00003a35     0x4  Code  Gb  startup_ewarm.o [1]
SSIConfigSetExpClk      0x00001c19    0x46  Code  Gb  ssi.o [4]
SSIDataGet              0x00001c81     0xc  Code  Gb  ssi.o [4]
SSIDataGetNonBlocking   0x00001c8d    0x12  Code  Gb  ssi.o [4]
SSIDataPut              0x00001c77     0xa  Code  Gb  ssi.o [4]
SSIDisable              0x00001c6b     0xc  Code  Gb  ssi.o [4]
SSIEnable               0x00001c5f     0xc  Code  Gb  ssi.o [4]
SysCtlClockGet          0x00000cbb   0x19a  Code  Gb  sysctl.o [4]
SysCtlClockSet          0x00000ba5   0x116  Code  Gb  sysctl.o [4]
SysCtlDelay             0x00000b9d     0x8  Code  Gb  sysctl.o [4]
SysCtlPWMClockSet       0x00000e55     0xa  Code  Gb  sysctl.o [4]
SysCtlPeripheralEnable  0x00000b53    0x1c  Code  Gb  sysctl.o [4]
SysCtlPeripheralPresent
                        0x00000af5    0x5e  Code  Gb  sysctl.o [4]
Timer0IntHandler        0x00001255    0x32  Code  Gb  timertest.o [1]
TimerConfigure          0x000012b9    0x26  Code  Gb  timer.o [4]
TimerControlTrigger     0x000012e5    0x18  Code  Gb  timer.o [4]
TimerDisable            0x000012ad     0xc  Code  Gb  timer.o [4]
TimerEnable             0x000012a1     0xc  Code  Gb  timer.o [4]
TimerIntClear           0x0000131f     0x4  Code  Gb  timer.o [4]
TimerIntEnable          0x0000130d     0x4  Code  Gb  timer.o [4]
TimerLoadSet            0x000012fd    0x10  Code  Gb  timer.o [4]
UARTCharGetNonBlocking  0x000021df     0xa  Code  Gb  uart.o [4]
UARTCharPutNonBlocking  0x000021ef    0x10  Code  Gb  uart.o [4]
UARTCharsAvail          0x000021cb     0x6  Code  Gb  uart.o [4]
UARTConfigSetExpClk     0x0000213b    0x4c  Code  Gb  uart.o [4]
UARTDisable             0x000021a1    0x1e  Code  Gb  uart.o [4]
UARTEnable              0x00002187    0x1a  Code  Gb  uart.o [4]
UARTFIFOLevelSet        0x00002135     0x6  Code  Gb  uart.o [4]
UARTFlushRx             0x00001fa9    0x1c  Code  Gb  uartstdio.o [1]
UARTFlushTx             0x00001fc5    0x24  Code  Gb  uartstdio.o [1]
UARTIntClear            0x0000221b     0x4  Code  Gb  uart.o [4]
UARTIntDisable          0x00002205     0x4  Code  Gb  uart.o [4]
UARTIntEnable           0x000021ff     0x6  Code  Gb  uart.o [4]
UARTIntStatus           0x00002211     0xa  Code  Gb  uart.o [4]
UARTPrimeTransmit       0x00001ccb    0x56  Code  Lc  uartstdio.o [1]
UARTSpaceAvail          0x000021d1     0x4  Code  Gb  uart.o [4]
UARTStdioInit           0x00001d21     0x4  Code  Gb  uartstdio.o [1]
UARTStdioInitExpClk     0x00001d25    0x7a  Code  Gb  uartstdio.o [1]
UARTStdioIntHandler     0x00001fe9    0xe0  Code  Gb  uartstdio.o [1]
UARTprintf              0x00001e19   0x186  Code  Gb  uartstdio.o [1]
UARTwrite               0x00001d9f    0x58  Code  Gb  uartstdio.o [1]
__aeabi_cfcmple         0x000035e5          Code  Gb  FltCmpLe.o [5]
__aeabi_d2f             0x00003555          Code  Gb  DblToFlt.o [5]
__aeabi_d2iz            0x00002d79          Code  Gb  DblToI32.o [5]
__aeabi_dadd            0x00002f45          Code  Gb  DblAdd.o [5]
__aeabi_dmul            0x00002bd5          Code  Gb  DblMul.o [5]
__aeabi_dsub            0x00002dc5          Code  Gb  DblSub.o [5]
__aeabi_i2d             0x00002ba5          Code  Gb  I32ToDbl.o [5]
__aeabi_memcpy          0x000016dd          Code  Gb  ABImemcpy.o [6]
__aeabi_memcpy4         0x000016fd          Code  Gb  ABImemcpy.o [6]
__aeabi_memcpy8         0x000016fd          Code  Gb  ABImemcpy.o [6]
__aeabi_memset          0x00000a8d          Code  Gb  ABImemset.o [6]
__aeabi_memset4         0x00000769          Code  Gb  ABImemset48.o [6]
__aeabi_memset8         0x00000769          Code  Gb  ABImemset48.o [6]
__aeabi_ui2d            0x00002bb9          Code  Gb  I32ToDbl.o [5]
__aeabi_ui2f            0x00003535          Code  Gb  I32ToFlt.o [5]
__cmain                 0x000039f1          Code  Gb  cmain.o [6]
__exit                  0x00003a1d          Code  Gb  XXexit.o [6]
__iar_Memset            0x00000a8d          Code  Gb  ABImemset.o [6]
__iar_Memset4_word      0x00000771          Code  Gb  ABImemset48.o [6]
__iar_Memset8_word      0x00000771          Code  Gb  ABImemset48.o [6]
__iar_Memset_word       0x00000a95          Code  Gb  ABImemset.o [6]
__iar_d2uiz             0x00002da5          Code  Gb  DblToI32.o [5]
__iar_dadd              0x00002f59          Code  Gb  DblAdd.o [5]
__iar_data_init3        0x00003975    0x28  Code  Gb  data_init3.o [6]
__iar_dsub              0x00002dd9          Code  Gb  DblSub.o [5]
__iar_dsubStart         0x00002deb          Code  Gb  DblSub.o [5]
__iar_packbits_init3    0x00003889    0xa6  Code  Gb  packbits_init3.o [6]
__iar_program_start     0x00003a29          Code  Gb  cstartup_M.o [6]
__iar_ui2d              0x00002bbd          Code  Gb  I32ToDbl.o [5]
__iar_ui2f              0x00003539          Code  Gb  I32ToFlt.o [5]
__iar_zero_init3        0x000007a3    0x22  Code  Gb  zero_init3.o [6]
__low_level_init        0x00003a07     0x4  Code  Gb  low_level_init.o [3]
__vector_table          0x00000000    0xf0  Data  Gb  startup_ewarm.o [1]
_call_main              0x000039fd          Code  Gb  cmain.o [6]
_exit                   0x00003a11          Code  Gb  cexit.o [6]
_main                   0x00003a03          Code  Gb  cmain.o [6]
ackCounter              0x20006cac     0x4  Data  Gb  warningAlarm.o [1]
alarmAcknowledge        0x20006ce2     0x2  Data  Gb  startup.o [1]
battCorrected           0x20000380    0x80  Data  Gb  startup.o [1]
battCorrectedBuf        0x20000400    0x20  Data  Gb  startup.o [1]
batteryAlarm            0x20006ca7     0x1  Data  Gb  warningAlarm.o [1]
batteryOutOfRange       0x20006ca3     0x1  Data  Gb  warningAlarm.o [1]
batteryState            0x20000570     0x2  Data  Gb  startup.o [1]
bpAlarm                 0x20006ca4     0x1  Data  Gb  warningAlarm.o [1]
bpOutOfRange            0x20006ca0     0x1  Data  Gb  warningAlarm.o [1]
button                  0x20006cb0     0x4  Data  Gb  warningAlarm.o [1]
cBuffInit               0x00001661    0x20  Code  Gb  circularbuffer.o [1]
cBuffPush               0x00001699    0x32  Code  Gb  circularbuffer.o [1]
cBuffPut                0x00001681    0x18  Code  Gb  circularbuffer.o [1]
clearOLED               0x000024df    0x20  Code  Gb  oledDisplay.o [1]
communication           0x00003755    0x7c  Code  Gb  communication.o [1]
communicationsData      0x200004c0    0x18  Data  Gb  startup.o [1]
compute                 0x00002939   0x156  Code  Gb  compute.o [1]
computeData             0x20000458    0x2c  Data  Gb  startup.o [1]
diaComplete             0x20000560     0x4  Data  Gb  measure.o [1]
diastolicPressCorrected
                        0x20000240    0x80  Data  Gb  startup.o [1]
diastolicPressCorrectedBuf
                        0x200002c0    0x20  Data  Gb  startup.o [1]
diastolicPressRaw       0x20000080    0x20  Data  Gb  startup.o [1]
diastolicPressRawBuf    0x200000a0    0x20  Data  Gb  startup.o [1]
displayData             0x20000484    0x20  Data  Gb  startup.o [1]
displayMode             0x20006cde     0x2  Data  Gb  startup.o [1]
displayScroll           0x20006ce0     0x2  Data  Gb  startup.o [1]
ekgCapture              0x00003609    0xe0  Code  Gb  ekgCapture.o [1]
ekgInterrupt            0x000036e9    0x36  Code  Gb  ekgCapture.o [1]
even                    0x20000568     0x4  Data  Gb  measure.o [1]
exit                    0x00003a0b     0x4  Code  Gb  exit.o [3]
findSize                0x00002b2b    0x32  Code  Gb  compute.o [1]
g_bDisableEcho          0x20006c70     0x1  Data  Lc  uartstdio.o [1]
g_bSSIEnabled           0x20006c8c     0x1  Data  Lc  rit128x96x4.o [1]
g_pcUARTRxBuffer        0x20006bf0    0x80  Data  Lc  uartstdio.o [1]
g_pcUARTTxBuffer        0x20006744   0x400  Data  Lc  uartstdio.o [1]
g_pucBuffer             0x20006ccc     0x8  Data  Lc  rit128x96x4.o [1]
g_pucFont               0x000019e0   0x1e0  Data  Lc  rit128x96x4.o [1]
g_pucRIT128x96x4HorizontalInc
                        0x000019dc     0x2  Data  Lc  rit128x96x4.o [1]
g_pucRIT128x96x4Init    0x00001bc0    0x50  Data  Lc  rit128x96x4.o [1]
g_pucRIT128x96x4VerticalInc
                        0x000019d8     0x2  Data  Lc  rit128x96x4.o [1]
g_pulDCRegs             0x00000ebc    0x10  Data  Lc  sysctl.o [4]
g_pulDisRegs            0x000014c4    0x14  Data  Lc  interrupt.o [4]
g_pulEnRegs             0x000014b0    0x14  Data  Lc  interrupt.o [4]
g_pulRCGCRegs           0x00000ecc     0xc  Data  Lc  sysctl.o [4]
g_pulRegs               0x00001414    0x9c  Data  Lc  interrupt.o [4]
g_pulXtals              0x00000ed8    0x6c  Data  Lc  sysctl.o [4]
g_ulBase                0x20006c84     0x4  Data  Lc  uartstdio.o [1]
g_ulPortNum             0x20006c88     0x4  Data  Lc  uartstdio.o [1]
g_ulUARTBase            0x00002110     0xc  Data  Lc  uartstdio.o [1]
g_ulUARTInt             0x0000211c     0xc  Data  Lc  uartstdio.o [1]
g_ulUARTPeriph          0x00002128     0xc  Data  Lc  uartstdio.o [1]
g_ulUARTRxReadIndex     0x20006c80     0x4  Data  Lc  uartstdio.o [1]
g_ulUARTRxWriteIndex    0x20006c7c     0x4  Data  Lc  uartstdio.o [1]
g_ulUARTTxReadIndex     0x20006c78     0x4  Data  Lc  uartstdio.o [1]
g_ulUARTTxWriteIndex    0x20006c74     0x4  Data  Lc  uartstdio.o [1]
getDigits               0x00002b89    0x14  Code  Gb  compute.o [1]
index                   0x20006cd4     0x4  Data  Gb  ekgCapture.o [1]
keypad                  0x00003071   0x14e  Code  Gb  keypad.o [1]
keypadData              0x200004d8    0x10  Data  Gb  startup.o [1]
keypadSetUp             0x000031d7    0x40  Code  Gb  keypad.o [1]
main                    0x000009f1    0x18  Code  Gb  main.o [1]
measure                 0x00003261    0x60  Code  Gb  measure.o [1]
measureBloodPressure    0x0000336b    0x66  Code  Gb  measure.o [1]
measureData             0x20000444    0x14  Data  Gb  startup.o [1]
measurePulseRate        0x00003301    0x6a  Code  Gb  measure.o [1]
measureSetup            0x00003231    0x30  Code  Gb  measure.o [1]
measureTemp             0x000032c9    0x38  Code  Gb  measure.o [1]
measurementSelection    0x20006cdc     0x2  Data  Gb  startup.o [1]
memcmp                  0x00000a29          Code  Gb  memcmp.o [6]
oledDisplay             0x00002221   0x260  Code  Gb  oledDisplay.o [1]
pcTraceBuffer           0x20006bc4     0x4  Data  Lc  tasks.o [1]
pcTraceBufferEnd        0x20000548     0x4  Data  Lc  tasks.o [1]
pcTraceBufferStart      0x20000544     0x4  Data  Lc  tasks.o [1]
prTimerIntHandler       0x00003941    0x28  Code  Gb  interrupts.o [1]
prvAddCurrentTaskToDelayedList
                        0x00000639    0x34  Code  Lc  tasks.o [1]
prvIdleTask             0x000005ed    0x4c  Code  Lc  tasks.o [1]
pulStack                0x20006ce8  0x4000  Data  Lc  startup_ewarm.o [1]
pulseAlarm              0x20006ca6     0x1  Data  Gb  warningAlarm.o [1]
pulseOutOfRange         0x20006ca2     0x1  Data  Gb  warningAlarm.o [1]
pulseRateCorrected      0x200002e0    0x80  Data  Gb  startup.o [1]
pulseRateCorrectedBuf   0x20000360    0x20  Data  Gb  startup.o [1]
pulseRateCount          0x20006cb8     0x4  Data  Gb  interrupts.o [1]
pulseRateFlag           0x20006cb4     0x2  Data  Gb  interrupts.o [1]
pulseRateRaw            0x200000c0    0x20  Data  Gb  startup.o [1]
pulseRateRawBuf         0x200000e0    0x20  Data  Gb  startup.o [1]
pulseRateSample         0x20006cbc     0x4  Data  Gb  interrupts.o [1]
pvPortMalloc            0x00000691    0x9e  Code  Gb  heap_2.o [1]
pxCurrentTCB            0x20006b44     0x4  Data  Gb  tasks.o [1]
pxDelayedTaskList       0x20006bac     0x4  Data  Lc  tasks.o [1]
pxOverflowDelayedTaskList
                        0x20006bb0     0x4  Data  Lc  tasks.o [1]
pxPortInitialiseStack   0x000008c5    0x1a  Code  Gb  port.o [1]
pxReadyTasksLists       0x20006b48    0x64  Data  Lc  tasks.o [1]
schedulerInit           0x00001067    0xe4  Code  Gb  startup.o [1]
startup                 0x00000f45   0x122  Code  Gb  startup.o [1]
state                   0x20006ca8     0x1  Data  Gb  warningAlarm.o [1]
status                  0x0000399d    0x26  Code  Gb  status.o [1]
statusData              0x200004a4     0x4  Data  Gb  startup.o [1]
strcpy                  0x0000302d          Code  Gb  strcpy.o [6]
strncpy                 0x000007c5          Code  Gb  strncpy.o [6]
sysComplete             0x20000564     0x4  Data  Gb  measure.o [1]
systolicPressCorrected  0x200001a0    0x80  Data  Gb  startup.o [1]
systolicPressCorrectedBuf
                        0x20000220    0x20  Data  Gb  startup.o [1]
systolicPressRaw        0x20000040    0x20  Data  Gb  startup.o [1]
systolicPressRawBuf     0x20000060    0x20  Data  Gb  startup.o [1]
taskList                0x20000420    0x24  Data  Gb  startup.o [1]
tempAlarm               0x20006ca5     0x1  Data  Gb  warningAlarm.o [1]
tempCorrected           0x20000100    0x80  Data  Gb  startup.o [1]
tempCorrectedBuf        0x20000180    0x20  Data  Gb  startup.o [1]
tempOutOfRange          0x20006ca1     0x1  Data  Gb  warningAlarm.o [1]
temperatureRaw          0x20000000    0x20  Data  Gb  startup.o [1]
temperatureRawBuf       0x20000020    0x20  Data  Gb  startup.o [1]
toString                0x00002aa9    0x82  Code  Gb  compute.o [1]
ulGPIOBase              0x20006c94     0x4  Data  Gb  rit128x96x4.o [1]
ulGPIOId                0x20006c90     0x4  Data  Gb  rit128x96x4.o [1]
ulMaxJitter             0x20006cc0     0x4  Data  Gb  timertest.o [1]
ulOLEDDC_PIN            0x20006c98     0x4  Data  Gb  rit128x96x4.o [1]
ulOLEDEN_PIN            0x20006c9c     0x4  Data  Gb  rit128x96x4.o [1]
uxCriticalNesting       0x2000056c     0x4  Data  Lc  port.o [1]
uxCurrentNumberOfTasks  0x20006bb4     0x4  Data  Lc  tasks.o [1]
uxMissedTicks           0x20000530     0x4  Data  Lc  tasks.o [1]
uxPreviousTask          0x20000550     0x4  Data  Lc  tasks.o [1]
uxSchedulerSuspended    0x20006bc0     0x4  Data  Lc  tasks.o [1]
uxTaskNumber            0x2000053c     0x4  Data  Lc  tasks.o [1]
uxTasksDeleted          0x20000510     0x4  Data  Lc  tasks.o [1]
uxTopReadyPriority      0x20006bbc     0x4  Data  Lc  tasks.o [1]
uxTopUsedPriority       0x20000528     0x4  Data  Lc  tasks.o [1]
vApplicationStackOverflowHook
                        0x00000a09     0x2  Code  Gb  main.o [1]
vApplicationTickHook    0x00000a0b    0x14  Code  Gb  main.o [1]
vListInitialise         0x00000831    0x1a  Code  Gb  list.o [1]
vListInitialiseItem     0x0000084b     0x6  Code  Gb  list.o [1]
vListInsert             0x0000086d    0x32  Code  Gb  list.o [1]
vListInsertEnd          0x00000851    0x1c  Code  Gb  list.o [1]
vListRemove             0x0000089f    0x24  Code  Gb  list.o [1]
vPortClearInterruptMask
                        0x000009af          Code  Gb  portasm.o [1]
vPortEnterCritical      0x00000917    0x10  Code  Gb  port.o [1]
vPortExitCritical       0x00000927    0x10  Code  Gb  port.o [1]
vPortFree               0x0000072f    0x32  Code  Gb  heap_2.o [1]
vPortSVCHandler         0x000009bd          Code  Gb  portasm.o [1]
vPortSetInterruptMask   0x000009a1          Code  Gb  portasm.o [1]
vPortStartFirstTask     0x000009d9          Code  Gb  portasm.o [1]
vPortYieldFromISR       0x0000090d     0xa  Code  Gb  port.o [1]
vSetMSP                 0x00000965          Code  Gb  portasm.o [1]
vSetupHighFrequencyTimer
                        0x000011ed    0x68  Code  Gb  timertest.o [1]
vTaskDelayUntil         0x00000247    0x52  Code  Gb  tasks.o [1]
vTaskIncrementTick      0x00000481    0xa2  Code  Gb  tasks.o [1]
vTaskResume             0x00000321    0x46  Code  Gb  tasks.o [1]
vTaskStartScheduler     0x00000373    0x44  Code  Gb  tasks.o [1]
vTaskSuspend            0x00000299    0x68  Code  Gb  tasks.o [1]
vTaskSuspendAll         0x000003b7     0xc  Code  Gb  tasks.o [1]
vTaskSwitchContext      0x00000523    0xb6  Code  Gb  tasks.o [1]
warningAlarm            0x00002639   0x246  Code  Gb  warningAlarm.o [1]
warningAlarmData        0x200004a8    0x18  Data  Gb  startup.o [1]
warningAlarmSetup       0x000025c5    0x74  Code  Gb  warningAlarm.o [1]
xDelayedTaskList1       0x20006bc8    0x14  Data  Lc  tasks.o [1]
xDelayedTaskList2       0x20006bdc    0x14  Data  Lc  tasks.o [1]
xEnd                    0x20000578     0x8  Data  Lc  heap_2.o [1]
xFreeBytesRemaining     0x2000055c     0x4  Data  Lc  heap_2.o [1]
xHeap                   0x20000580  0x5dc0  Data  Lc  heap_2.o [1]
xMissedYield            0x20000534     0x4  Data  Lc  tasks.o [1]
xNextTaskUnblockTime    0x20000540     0x4  Data  Lc  tasks.o [1]
xNumOfOverflows         0x20000538     0x4  Data  Lc  tasks.o [1]
xPendingReadyList       0x200004e8    0x14  Data  Lc  tasks.o [1]
xPortPendSVHandler      0x0000096b          Code  Gb  portasm.o [1]
xPortStartScheduler     0x000008df    0x2e  Code  Gb  port.o [1]
xPortSysTickHandler     0x00000937    0x1a  Code  Gb  port.o [1]
xSchedulerRunning       0x2000052c     0x4  Data  Lc  tasks.o [1]
xStart                  0x20000554     0x8  Data  Lc  heap_2.o [1]
xSuspendedTaskList      0x20000514    0x14  Data  Lc  tasks.o [1]
xTaskGenericCreate      0x000000f1   0x156  Code  Gb  tasks.o [1]
xTaskGetTickCount       0x0000045d     0xc  Code  Gb  tasks.o [1]
xTaskIsTaskSuspended    0x00000301    0x20  Code  Gb  tasks.o [1]
xTaskResumeAll          0x000003c3    0x8e  Code  Gb  tasks.o [1]
xTasksWaitingTermination
                        0x200004fc    0x14  Data  Lc  tasks.o [1]
xTickCount              0x20006bb8     0x4  Data  Lc  tasks.o [1]
xTracing                0x2000054c     0x4  Data  Lc  tasks.o [1]


[1] = C:\Users\castia\Documents\GitHub\EE-472\FreeRTOSver\Debug\Obj
[2] = command line
[3] = dl7M_tln.a
[4] = driverlib-cm3.a
[5] = m7M_tl.a
[6] = rt7M_tl.a

  14 624 bytes of readonly  code memory
     613 bytes of readonly  data memory
  44 255 bytes of readwrite data memory

Errors: none
Warnings: none
