###############################################################################
#                                                                             #
# IAR ELF Linker V6.40.3.54009/W32 for ARM              25/Feb/2014  23:02:53 #
# Copyright 2007-2012 IAR Systems AB.                                         #
#                                                                             #
#    Output file  =  C:\Users\castia\Documents\GitHub\EE-472\FreeRTOSver\Debu #
#                    g\Exe\RTOSDemo.out                                       #
#    Map file     =  C:\Users\castia\Documents\GitHub\EE-472\FreeRTOSver\Debu #
#                    g\List\RTOSDemo.map                                      #
#    Command line =  C:\StellarisWare\driverlib\ewarm-cm3\Exe\driverlib-cm3.a #
#                     C:\Users\castia\Documents\GitHub\EE-472\FreeRTOSver\Deb #
#                    ug\Obj\IntQueue.o C:\Users\castia\Documents\GitHub\EE-47 #
#                    2\FreeRTOSver\Debug\Obj\IntQueueTimer.o                  #
#                    C:\Users\castia\Documents\GitHub\EE-472\FreeRTOSver\Debu #
#                    g\Obj\ParTest.o C:\Users\castia\Documents\GitHub\EE-472\ #
#                    FreeRTOSver\Debug\Obj\circularbuffer.o                   #
#                    C:\Users\castia\Documents\GitHub\EE-472\FreeRTOSver\Debu #
#                    g\Obj\communication.o C:\Users\castia\Documents\GitHub\E #
#                    E-472\FreeRTOSver\Debug\Obj\compute.o                    #
#                    C:\Users\castia\Documents\GitHub\EE-472\FreeRTOSver\Debu #
#                    g\Obj\ekgCapture.o C:\Users\castia\Documents\GitHub\EE-4 #
#                    72\FreeRTOSver\Debug\Obj\heap_2.o                        #
#                    C:\Users\castia\Documents\GitHub\EE-472\FreeRTOSver\Debu #
#                    g\Obj\interrupts.o C:\Users\castia\Documents\GitHub\EE-4 #
#                    72\FreeRTOSver\Debug\Obj\keypad.o                        #
#                    C:\Users\castia\Documents\GitHub\EE-472\FreeRTOSver\Debu #
#                    g\Obj\list.o C:\Users\castia\Documents\GitHub\EE-472\Fre #
#                    eRTOSver\Debug\Obj\main.o C:\Users\castia\Documents\GitH #
#                    ub\EE-472\FreeRTOSver\Debug\Obj\measure.o                #
#                    C:\Users\castia\Documents\GitHub\EE-472\FreeRTOSver\Debu #
#                    g\Obj\oledDisplay.o C:\Users\castia\Documents\GitHub\EE- #
#                    472\FreeRTOSver\Debug\Obj\port.o                         #
#                    C:\Users\castia\Documents\GitHub\EE-472\FreeRTOSver\Debu #
#                    g\Obj\portasm.o C:\Users\castia\Documents\GitHub\EE-472\ #
#                    FreeRTOSver\Debug\Obj\queue.o                            #
#                    C:\Users\castia\Documents\GitHub\EE-472\FreeRTOSver\Debu #
#                    g\Obj\rit128x96x4.o C:\Users\castia\Documents\GitHub\EE- #
#                    472\FreeRTOSver\Debug\Obj\schedule.o                     #
#                    C:\Users\castia\Documents\GitHub\EE-472\FreeRTOSver\Debu #
#                    g\Obj\startup.o C:\Users\castia\Documents\GitHub\EE-472\ #
#                    FreeRTOSver\Debug\Obj\startup_ewarm.o                    #
#                    C:\Users\castia\Documents\GitHub\EE-472\FreeRTOSver\Debu #
#                    g\Obj\status.o C:\Users\castia\Documents\GitHub\EE-472\F #
#                    reeRTOSver\Debug\Obj\tasks.o                             #
#                    C:\Users\castia\Documents\GitHub\EE-472\FreeRTOSver\Debu #
#                    g\Obj\timertest.o C:\Users\castia\Documents\GitHub\EE-47 #
#                    2\FreeRTOSver\Debug\Obj\uartstdio.o                      #
#                    C:\Users\castia\Documents\GitHub\EE-472\FreeRTOSver\Debu #
#                    g\Obj\warningAlarm.o --redirect _Printf=_PrintfSmall     #
#                    --redirect _Scanf=_ScanfSmall -o                         #
#                    C:\Users\castia\Documents\GitHub\EE-472\FreeRTOSver\Debu #
#                    g\Exe\RTOSDemo.out --map C:\Users\castia\Documents\GitHu #
#                    b\EE-472\FreeRTOSver\Debug\List\RTOSDemo.map --config    #
#                    C:\Users\castia\Documents\GitHub\EE-472\FreeRTOSver\LM3S #
#                    xxxx.icf --entry __iar_program_start --vfe               #
#                                                                             #
#                                                                             #
###############################################################################

*******************************************************************************
*** RUNTIME MODEL ATTRIBUTES
***

CppFlavor       = *
__SystemLibrary = DLib


*******************************************************************************
*** PLACEMENT SUMMARY
***

"A1":  place at start of [0x00000000-0x0003ffff] { ro section .intvec };
"P1":  place in [from 0x00000000 to 0x0003ffff] { ro };
"P2":  place in [from 0x20000000 to 0x2000ffff] { rw, block HEAP };

  Section            Kind        Address    Size  Object
  -------            ----        -------    ----  ------
"A1":                                       0xf0
  .intvec            const    0x00000000    0xf0  startup_ewarm.o [1]
                            - 0x000000f0    0xf0

"P1":                                     0x38ac
  .text              ro code  0x000000f0   0x5a0  tasks.o [1]
  .text              ro code  0x00000690    0xd8  heap_2.o [1]
  .text              ro code  0x00000768    0x3a  ABImemset48.o [6]
  .text              ro code  0x000007a2    0x22  zero_init3.o [6]
  .text              ro code  0x000007c4    0x6c  strncpy.o [6]
  .text              ro code  0x00000830    0x92  list.o [1]
  .text              ro code  0x000008c4    0xa0  port.o [1]
  CODE               ro code  0x00000964    0x8c  portasm.o [1]
  .text              ro code  0x000009f0    0x38  main.o [1]
  .text              ro code  0x00000a28    0x62  memcmp.o [6]
  .text              ro code  0x00000a8c    0x66  ABImemset.o [6]
  .text              ro code  0x00000af4   0x450  sysctl.o [4]
  .text              ro code  0x00000f44   0x264  startup.o [1]
  .text              ro code  0x000011a8    0xb4  timertest.o [1]
  .text              ro code  0x0000125c    0x56  timer.o [4]
  .text              ro code  0x000012b4   0x1b4  interrupt.o [4]
  .text              ro code  0x00001468   0x178  gpio.o [4]
  .text              ro code  0x000015e0    0x6a  circularbuffer.o [1]
  .text              ro code  0x0000164c    0x10  cpu.o [4]
  .text              ro code  0x0000165c    0x76  ABImemcpy.o [6]
  .text              ro code  0x000016d4   0x4c4  rit128x96x4.o [1]
  .text              ro code  0x00001b98    0x86  ssi.o [4]
  .text              ro code  0x00001c20   0x494  uartstdio.o [1]
  .text              ro code  0x000020b4    0xea  uart.o [4]
  .text              ro code  0x000021a0   0x3a4  oledDisplay.o [1]
  .text              ro code  0x00002544   0x2e8  warningAlarm.o [1]
  .text              ro code  0x0000282c    0x8c  pwm.o [4]
  .text              ro code  0x000028b8   0x26c  compute.o [1]
  .text              ro code  0x00002b24    0x30  I32ToDbl.o [5]
  .text              ro code  0x00002b54   0x1a2  DblMul.o [5]
  .text              ro code  0x00002cf8    0x4c  DblToI32.o [5]
  .text              ro code  0x00002d44   0x180  DblSub.o [5]
  .text              ro code  0x00002ec4    0xe8  DblAdd.o [5]
  .text              ro code  0x00002fac    0x44  strcpy.o [6]
  .text              ro code  0x00002ff0   0x1c0  keypad.o [1]
  .text              ro code  0x000031b0   0x1bc  measure.o [1]
  .text              ro code  0x0000336c   0x128  adc.o [4]
  .text              ro code  0x00003494    0x1e  I32ToFlt.o [5]
  .text              ro code  0x000034b4    0x90  DblToFlt.o [5]
  .text              ro code  0x00003544    0x24  FltCmpLe.o [5]
  .text              ro code  0x00003568   0x134  communication.o [1]
  .text              ro code  0x0000369c    0xa6  packbits_init3.o [6]
  .text              ro code  0x00003744    0x44  interrupts.o [1]
  .text              ro code  0x00003788    0x28  data_init3.o [6]
  .text              ro code  0x000037b0    0x26  status.o [1]
  .iar.init_table    const    0x000037d8    0x2c  - Linker created -
  .text              ro code  0x00003804    0x16  cmain.o [6]
  .text              ro code  0x0000381a     0x4  low_level_init.o [3]
  .text              ro code  0x0000381e     0x4  exit.o [3]
  .text              ro code  0x00003824     0xa  cexit.o [6]
  .text              ro code  0x00003830     0xc  XXexit.o [6]
  .text              ro code  0x0000383c     0xc  cstartup_M.o [6]
  .text              ro code  0x00003848     0xa  startup_ewarm.o [1]
  .rodata            const    0x00003852     0x0  zero_init3.o [6]
  .rodata            const    0x00003852     0x0  packbits_init3.o [6]
  Initializer bytes  ro data  0x00003852   0x147  <for P2 s0>
                            - 0x00003999  0x38a9

"P2", part 1 of 3:                         0x578
  P2 s0                       0x20000000   0x572  <Init block>
    .data            inited   0x20000000   0x420  startup.o [1]
    .data            inited   0x20000420    0xc8  startup.o [1]
    .data            inited   0x200004e8    0x6c  tasks.o [1]
    .data            inited   0x20000554     0xc  heap_2.o [1]
    .data            inited   0x20000560     0xc  measure.o [1]
    .data            inited   0x2000056c     0x4  port.o [1]
    .data            inited   0x20000570     0x2  startup.o [1]
                            - 0x20000572   0x572

"P2", part 2 of 3:                        0x636c
  .bss               zero     0x20000578  0x5dcc  heap_2.o [1]
  .bss               zero     0x20006344   0x400  uartstdio.o [1]
  .bss               zero     0x20006744    0xac  tasks.o [1]
  .bss               zero     0x200067f0    0x80  uartstdio.o [1]
  .bss               zero     0x20006870    0x1c  uartstdio.o [1]
  .bss               zero     0x2000688c    0x14  rit128x96x4.o [1]
  .bss               zero     0x200068a0    0x14  warningAlarm.o [1]
  .bss               zero     0x200068b4     0xc  interrupts.o [1]
  .bss               zero     0x200068c0     0xc  timertest.o [1]
  .bss               zero     0x200068cc     0x8  rit128x96x4.o [1]
  .bss               zero     0x200068d4     0x4  main.o [1]
  .bss               zero     0x200068d8     0x2  startup.o [1]
  .bss               zero     0x200068da     0x2  startup.o [1]
  .bss               zero     0x200068dc     0x2  startup.o [1]
  .bss               zero     0x200068de     0x2  startup.o [1]
  .bss               zero     0x200068e0     0x1  oledDisplay.o [1]
                            - 0x200068e1  0x6369

"P2", part 3 of 3:                        0x4000
  .noinit            uninit   0x200068e4  0x4000  startup_ewarm.o [1]
                            - 0x2000a8e4  0x4000


*******************************************************************************
*** INIT TABLE
***

          Address     Size
          -------     ----
Zero (__iar_zero_init3)
    1 destination range, total size 0x6369:
          0x20000578  0x6369

Copy/packbits (__iar_packbits_init3)
    1 source range, total size 0x147 (23% of destination):
          0x00003852   0x147
    1 destination range, total size 0x572:
          0x20000000   0x572



*******************************************************************************
*** MODULE SUMMARY
***

    Module            ro code  ro data  rw data
    ------            -------  -------  -------
C:\Users\castia\Documents\GitHub\EE-472\FreeRTOSver\Debug\Obj: [1]
    circularbuffer.o      106
    communication.o       308
    compute.o             620
    heap_2.o              216        3   24 024
    interrupts.o           68                12
    keypad.o              448
    list.o                146
    main.o                 56                 4
    measure.o             444        3       12
    oledDisplay.o         932                 1
    port.o                160        1        4
    portasm.o             140
    rit128x96x4.o       1 220                28
    startup.o             612      295    1 266
    startup_ewarm.o        10      240   16 384
    status.o               38
    tasks.o             1 440       25      280
    timertest.o           180                12
    uartstdio.o         1 172             1 180
    warningAlarm.o        744                20
    -------------------------------------------
    Total:              9 060      567   43 227

command line: [2]
    -------------------------------------------
    Total:

dl7M_tln.a: [3]
    exit.o                  4
    low_level_init.o        4
    -------------------------------------------
    Total:                  8

driverlib-cm3.a: [4]
    adc.o                 296
    cpu.o                  16
    gpio.o                376
    interrupt.o           436
    pwm.o                 140
    ssi.o                 134
    sysctl.o            1 104
    timer.o                86
    uart.o                234
    -------------------------------------------
    Total:              2 822

m7M_tl.a: [5]
    DblAdd.o              232
    DblMul.o              418
    DblSub.o              384
    DblToFlt.o            144
    DblToI32.o             76
    FltCmpLe.o             36
    I32ToDbl.o             48
    I32ToFlt.o             30
    -------------------------------------------
    Total:              1 368

rt7M_tl.a: [6]
    ABImemcpy.o           118
    ABImemset.o           102
    ABImemset48.o          58
    XXexit.o               12
    cexit.o                10
    cmain.o                22
    cstartup_M.o           12
    data_init3.o           40
    memcmp.o               98
    packbits_init3.o      166
    strcpy.o               68
    strncpy.o             108
    zero_init3.o           34
    -------------------------------------------
    Total:                848

    Gaps                   26        2
    Linker created                  44
-----------------------------------------------
    Grand Total:       14 132      613   43 227


*******************************************************************************
*** ENTRY LIST
***

Entry                      Address    Size  Type      Object
-----                      -------    ----  ----      ------
?main                   0x00003805          Code  Gb  cmain.o [6]
ADCIntClear             0x00003397     0xa  Code  Gb  adc.o [4]
ADCIntStatus            0x0000336d    0x2a  Code  Gb  adc.o [4]
ADCProcessorTrigger     0x0000346f    0x1c  Code  Gb  adc.o [4]
ADCSequenceConfigure    0x000033a7    0x30  Code  Gb  adc.o [4]
ADCSequenceDataGet      0x00003451    0x1e  Code  Gb  adc.o [4]
ADCSequenceEnable       0x000033a1     0x6  Code  Gb  adc.o [4]
ADCSequenceStepConfigure
                        0x000033d7    0x70  Code  Gb  adc.o [4]
CPUcpsid                0x0000164d     0x8  Code  Gb  cpu.o [4]
CPUcpsie                0x00001655     0x8  Code  Gb  cpu.o [4]
FaultISR                0x0000384f     0x2  Code  Lc  startup_ewarm.o [1]
GPIODirModeSet          0x00001469    0x28  Code  Gb  gpio.o [4]
GPIOFIntHandler         0x00003745    0x10  Code  Gb  interrupts.o [1]
GPIOIntTypeSet          0x00001491    0x38  Code  Gb  gpio.o [4]
GPIOPadConfigSet        0x000014c9    0x98  Code  Gb  gpio.o [4]
GPIOPinIntClear         0x00001567     0x6  Code  Gb  gpio.o [4]
GPIOPinIntEnable        0x00001561     0x6  Code  Gb  gpio.o [4]
GPIOPinRead             0x0000156d     0x6  Code  Gb  gpio.o [4]
GPIOPinTypeGPIOInput    0x00001587    0x10  Code  Gb  gpio.o [4]
GPIOPinTypeGPIOOutput   0x00001597     0xa  Code  Gb  gpio.o [4]
GPIOPinTypePWM          0x000015bb     0xa  Code  Gb  gpio.o [4]
GPIOPinTypeSSI          0x000015c5     0xa  Code  Gb  gpio.o [4]
GPIOPinTypeUART         0x000015cf     0xa  Code  Gb  gpio.o [4]
GPIOPinWrite            0x00001573     0x6  Code  Gb  gpio.o [4]
IntDefaultHandler       0x00003851     0x2  Code  Lc  startup_ewarm.o [1]
IntDisable              0x00001345    0x58  Code  Gb  interrupt.o [4]
IntEnable               0x000012ed    0x58  Code  Gb  interrupt.o [4]
IntMasterDisable        0x000012bf     0xa  Code  Gb  interrupt.o [4]
IntMasterEnable         0x000012b5     0xa  Code  Gb  interrupt.o [4]
IntPrioritySet          0x000012c9    0x24  Code  Gb  interrupt.o [4]
IsBufferEmpty           0x00001c3b    0x10  Code  Lc  uartstdio.o [1]
IsBufferFull            0x00001c21    0x1a  Code  Lc  uartstdio.o [1]
NmiSR                   0x0000384d     0x2  Code  Lc  startup_ewarm.o [1]
PWMGenConfigure         0x0000282d    0x2c  Code  Gb  pwm.o [4]
PWMGenDisable           0x00002873     0x6  Code  Gb  pwm.o [4]
PWMGenEnable            0x0000286d     0x6  Code  Gb  pwm.o [4]
PWMGenPeriodSet         0x00002859    0x14  Code  Gb  pwm.o [4]
PWMOutputState          0x000028a7    0x12  Code  Gb  pwm.o [4]
PWMPulseWidthSet        0x00002879    0x1e  Code  Gb  pwm.o [4]
RIT128x96x4Clear        0x00001743    0x38  Code  Gb  rit128x96x4.o [1]
RIT128x96x4Enable       0x00001831    0x4a  Code  Gb  rit128x96x4.o [1]
RIT128x96x4Init         0x00001889    0x86  Code  Gb  rit128x96x4.o [1]
RIT128x96x4StringDraw   0x0000177b    0xa6  Code  Gb  rit128x96x4.o [1]
RITWriteCommand         0x000016d5    0x32  Code  Lc  rit128x96x4.o [1]
RITWriteData            0x00001707    0x32  Code  Lc  rit128x96x4.o [1]
Region$$Table$$Base     0x000037d8           --   Gb  - Linker created -
Region$$Table$$Limit    0x00003804           --   Gb  - Linker created -
ResetISR                0x00003849     0x4  Code  Gb  startup_ewarm.o [1]
SSIConfigSetExpClk      0x00001b99    0x46  Code  Gb  ssi.o [4]
SSIDataGet              0x00001c01     0xc  Code  Gb  ssi.o [4]
SSIDataGetNonBlocking   0x00001c0d    0x12  Code  Gb  ssi.o [4]
SSIDataPut              0x00001bf7     0xa  Code  Gb  ssi.o [4]
SSIDisable              0x00001beb     0xc  Code  Gb  ssi.o [4]
SSIEnable               0x00001bdf     0xc  Code  Gb  ssi.o [4]
SysCtlClockGet          0x00000cbb   0x19a  Code  Gb  sysctl.o [4]
SysCtlClockSet          0x00000ba5   0x116  Code  Gb  sysctl.o [4]
SysCtlDelay             0x00000b9d     0x8  Code  Gb  sysctl.o [4]
SysCtlPWMClockSet       0x00000e55     0xa  Code  Gb  sysctl.o [4]
SysCtlPeripheralEnable  0x00000b53    0x1c  Code  Gb  sysctl.o [4]
SysCtlPeripheralPresent
                        0x00000af5    0x5e  Code  Gb  sysctl.o [4]
Timer0IntHandler        0x00001211    0x32  Code  Gb  timertest.o [1]
TimerConfigure          0x00001269    0x26  Code  Gb  timer.o [4]
TimerEnable             0x0000125d     0xc  Code  Gb  timer.o [4]
TimerIntClear           0x000012af     0x4  Code  Gb  timer.o [4]
TimerIntEnable          0x000012a5     0x4  Code  Gb  timer.o [4]
TimerLoadSet            0x00001295    0x10  Code  Gb  timer.o [4]
UARTCharGetNonBlocking  0x0000215f     0xa  Code  Gb  uart.o [4]
UARTCharPutNonBlocking  0x0000216f    0x10  Code  Gb  uart.o [4]
UARTCharsAvail          0x0000214b     0x6  Code  Gb  uart.o [4]
UARTConfigSetExpClk     0x000020bb    0x4c  Code  Gb  uart.o [4]
UARTDisable             0x00002121    0x1e  Code  Gb  uart.o [4]
UARTEnable              0x00002107    0x1a  Code  Gb  uart.o [4]
UARTFIFOLevelSet        0x000020b5     0x6  Code  Gb  uart.o [4]
UARTFlushRx             0x00001f29    0x1c  Code  Gb  uartstdio.o [1]
UARTFlushTx             0x00001f45    0x24  Code  Gb  uartstdio.o [1]
UARTIntClear            0x0000219b     0x4  Code  Gb  uart.o [4]
UARTIntDisable          0x00002185     0x4  Code  Gb  uart.o [4]
UARTIntEnable           0x0000217f     0x6  Code  Gb  uart.o [4]
UARTIntStatus           0x00002191     0xa  Code  Gb  uart.o [4]
UARTPrimeTransmit       0x00001c4b    0x56  Code  Lc  uartstdio.o [1]
UARTSpaceAvail          0x00002151     0x4  Code  Gb  uart.o [4]
UARTStdioInit           0x00001ca1     0x4  Code  Gb  uartstdio.o [1]
UARTStdioInitExpClk     0x00001ca5    0x7a  Code  Gb  uartstdio.o [1]
UARTStdioIntHandler     0x00001f69    0xe0  Code  Gb  uartstdio.o [1]
UARTprintf              0x00001d99   0x186  Code  Gb  uartstdio.o [1]
UARTwrite               0x00001d1f    0x58  Code  Gb  uartstdio.o [1]
__aeabi_cfcmple         0x00003545          Code  Gb  FltCmpLe.o [5]
__aeabi_d2f             0x000034b5          Code  Gb  DblToFlt.o [5]
__aeabi_d2iz            0x00002cf9          Code  Gb  DblToI32.o [5]
__aeabi_dadd            0x00002ec5          Code  Gb  DblAdd.o [5]
__aeabi_dmul            0x00002b55          Code  Gb  DblMul.o [5]
__aeabi_dsub            0x00002d45          Code  Gb  DblSub.o [5]
__aeabi_i2d             0x00002b25          Code  Gb  I32ToDbl.o [5]
__aeabi_memcpy          0x0000165d          Code  Gb  ABImemcpy.o [6]
__aeabi_memcpy4         0x0000167d          Code  Gb  ABImemcpy.o [6]
__aeabi_memcpy8         0x0000167d          Code  Gb  ABImemcpy.o [6]
__aeabi_memset          0x00000a8d          Code  Gb  ABImemset.o [6]
__aeabi_memset4         0x00000769          Code  Gb  ABImemset48.o [6]
__aeabi_memset8         0x00000769          Code  Gb  ABImemset48.o [6]
__aeabi_ui2d            0x00002b39          Code  Gb  I32ToDbl.o [5]
__aeabi_ui2f            0x00003495          Code  Gb  I32ToFlt.o [5]
__cmain                 0x00003805          Code  Gb  cmain.o [6]
__exit                  0x00003831          Code  Gb  XXexit.o [6]
__iar_Memset            0x00000a8d          Code  Gb  ABImemset.o [6]
__iar_Memset4_word      0x00000771          Code  Gb  ABImemset48.o [6]
__iar_Memset8_word      0x00000771          Code  Gb  ABImemset48.o [6]
__iar_Memset_word       0x00000a95          Code  Gb  ABImemset.o [6]
__iar_d2uiz             0x00002d25          Code  Gb  DblToI32.o [5]
__iar_dadd              0x00002ed9          Code  Gb  DblAdd.o [5]
__iar_data_init3        0x00003789    0x28  Code  Gb  data_init3.o [6]
__iar_dsub              0x00002d59          Code  Gb  DblSub.o [5]
__iar_dsubStart         0x00002d6b          Code  Gb  DblSub.o [5]
__iar_packbits_init3    0x0000369d    0xa6  Code  Gb  packbits_init3.o [6]
__iar_program_start     0x0000383d          Code  Gb  cstartup_M.o [6]
__iar_ui2d              0x00002b3d          Code  Gb  I32ToDbl.o [5]
__iar_ui2f              0x00003499          Code  Gb  I32ToFlt.o [5]
__iar_zero_init3        0x000007a3    0x22  Code  Gb  zero_init3.o [6]
__low_level_init        0x0000381b     0x4  Code  Gb  low_level_init.o [3]
__vector_table          0x00000000    0xf0  Data  Gb  startup_ewarm.o [1]
_call_main              0x00003811          Code  Gb  cmain.o [6]
_exit                   0x00003825          Code  Gb  cexit.o [6]
_main                   0x00003817          Code  Gb  cmain.o [6]
ackCounter              0x200068ac     0x4  Data  Gb  warningAlarm.o [1]
alarmAcknowledge        0x200068de     0x2  Data  Gb  startup.o [1]
battCorrected           0x20000380    0x80  Data  Gb  startup.o [1]
battCorrectedBuf        0x20000400    0x20  Data  Gb  startup.o [1]
batteryAlarm            0x200068a7     0x1  Data  Gb  warningAlarm.o [1]
batteryOutOfRange       0x200068a3     0x1  Data  Gb  warningAlarm.o [1]
batteryState            0x20000570     0x2  Data  Gb  startup.o [1]
bpAlarm                 0x200068a4     0x1  Data  Gb  warningAlarm.o [1]
bpOutOfRange            0x200068a0     0x1  Data  Gb  warningAlarm.o [1]
button                  0x200068b0     0x4  Data  Gb  warningAlarm.o [1]
cBuffInit               0x000015e1    0x20  Code  Gb  circularbuffer.o [1]
cBuffPush               0x00001619    0x32  Code  Gb  circularbuffer.o [1]
cBuffPut                0x00001601    0x18  Code  Gb  circularbuffer.o [1]
clearOLED               0x0000245f    0x20  Code  Gb  oledDisplay.o [1]
communication           0x00003569    0x7c  Code  Gb  communication.o [1]
communicationsData      0x200004c0    0x18  Data  Gb  startup.o [1]
compute                 0x000028b9   0x156  Code  Gb  compute.o [1]
computeData             0x20000458    0x2c  Data  Gb  startup.o [1]
diaComplete             0x20000560     0x4  Data  Gb  measure.o [1]
diastolicPressCorrected
                        0x20000240    0x80  Data  Gb  startup.o [1]
diastolicPressCorrectedBuf
                        0x200002c0    0x20  Data  Gb  startup.o [1]
diastolicPressRaw       0x20000080    0x20  Data  Gb  startup.o [1]
diastolicPressRawBuf    0x200000a0    0x20  Data  Gb  startup.o [1]
displayData             0x20000484    0x20  Data  Gb  startup.o [1]
displayMode             0x200068da     0x2  Data  Gb  startup.o [1]
displayScroll           0x200068dc     0x2  Data  Gb  startup.o [1]
even                    0x20000568     0x4  Data  Gb  measure.o [1]
exit                    0x0000381f     0x4  Code  Gb  exit.o [3]
findSize                0x00002aab    0x32  Code  Gb  compute.o [1]
g_bDisableEcho          0x20006870     0x1  Data  Lc  uartstdio.o [1]
g_bSSIEnabled           0x2000688c     0x1  Data  Lc  rit128x96x4.o [1]
g_pcUARTRxBuffer        0x200067f0    0x80  Data  Lc  uartstdio.o [1]
g_pcUARTTxBuffer        0x20006344   0x400  Data  Lc  uartstdio.o [1]
g_pucBuffer             0x200068cc     0x8  Data  Lc  rit128x96x4.o [1]
g_pucFont               0x00001960   0x1e0  Data  Lc  rit128x96x4.o [1]
g_pucRIT128x96x4HorizontalInc
                        0x0000195c     0x2  Data  Lc  rit128x96x4.o [1]
g_pucRIT128x96x4Init    0x00001b40    0x50  Data  Lc  rit128x96x4.o [1]
g_pucRIT128x96x4VerticalInc
                        0x00001958     0x2  Data  Lc  rit128x96x4.o [1]
g_pulDCRegs             0x00000ebc    0x10  Data  Lc  sysctl.o [4]
g_pulDisRegs            0x00001454    0x14  Data  Lc  interrupt.o [4]
g_pulEnRegs             0x00001440    0x14  Data  Lc  interrupt.o [4]
g_pulRCGCRegs           0x00000ecc     0xc  Data  Lc  sysctl.o [4]
g_pulRegs               0x000013a4    0x9c  Data  Lc  interrupt.o [4]
g_pulXtals              0x00000ed8    0x6c  Data  Lc  sysctl.o [4]
g_ulBase                0x20006884     0x4  Data  Lc  uartstdio.o [1]
g_ulPortNum             0x20006888     0x4  Data  Lc  uartstdio.o [1]
g_ulUARTBase            0x00002090     0xc  Data  Lc  uartstdio.o [1]
g_ulUARTInt             0x0000209c     0xc  Data  Lc  uartstdio.o [1]
g_ulUARTPeriph          0x000020a8     0xc  Data  Lc  uartstdio.o [1]
g_ulUARTRxReadIndex     0x20006880     0x4  Data  Lc  uartstdio.o [1]
g_ulUARTRxWriteIndex    0x2000687c     0x4  Data  Lc  uartstdio.o [1]
g_ulUARTTxReadIndex     0x20006878     0x4  Data  Lc  uartstdio.o [1]
g_ulUARTTxWriteIndex    0x20006874     0x4  Data  Lc  uartstdio.o [1]
getDigits               0x00002b09    0x14  Code  Gb  compute.o [1]
keypad                  0x00002ff1   0x14e  Code  Gb  keypad.o [1]
keypadData              0x200004d8    0x10  Data  Gb  startup.o [1]
keypadSetUp             0x00003157    0x40  Code  Gb  keypad.o [1]
main                    0x000009f1    0x18  Code  Gb  main.o [1]
measure                 0x000031e1    0x60  Code  Gb  measure.o [1]
measureBloodPressure    0x000032eb    0x66  Code  Gb  measure.o [1]
measureData             0x20000444    0x14  Data  Gb  startup.o [1]
measurePulseRate        0x00003281    0x6a  Code  Gb  measure.o [1]
measureSetup            0x000031b1    0x30  Code  Gb  measure.o [1]
measureTemp             0x00003249    0x38  Code  Gb  measure.o [1]
measurementSelection    0x200068d8     0x2  Data  Gb  startup.o [1]
memcmp                  0x00000a29          Code  Gb  memcmp.o [6]
oledDisplay             0x000021a1   0x260  Code  Gb  oledDisplay.o [1]
pcTraceBuffer           0x200067c4     0x4  Data  Lc  tasks.o [1]
pcTraceBufferEnd        0x20000548     0x4  Data  Lc  tasks.o [1]
pcTraceBufferStart      0x20000544     0x4  Data  Lc  tasks.o [1]
prTimerIntHandler       0x00003755    0x28  Code  Gb  interrupts.o [1]
prvAddCurrentTaskToDelayedList
                        0x00000639    0x34  Code  Lc  tasks.o [1]
prvIdleTask             0x000005ed    0x4c  Code  Lc  tasks.o [1]
pulStack                0x200068e4  0x4000  Data  Lc  startup_ewarm.o [1]
pulseAlarm              0x200068a6     0x1  Data  Gb  warningAlarm.o [1]
pulseOutOfRange         0x200068a2     0x1  Data  Gb  warningAlarm.o [1]
pulseRateCorrected      0x200002e0    0x80  Data  Gb  startup.o [1]
pulseRateCorrectedBuf   0x20000360    0x20  Data  Gb  startup.o [1]
pulseRateCount          0x200068b8     0x4  Data  Gb  interrupts.o [1]
pulseRateFlag           0x200068b4     0x2  Data  Gb  interrupts.o [1]
pulseRateRaw            0x200000c0    0x20  Data  Gb  startup.o [1]
pulseRateRawBuf         0x200000e0    0x20  Data  Gb  startup.o [1]
pulseRateSample         0x200068bc     0x4  Data  Gb  interrupts.o [1]
pvPortMalloc            0x00000691    0x9e  Code  Gb  heap_2.o [1]
pxCurrentTCB            0x20006744     0x4  Data  Gb  tasks.o [1]
pxDelayedTaskList       0x200067ac     0x4  Data  Lc  tasks.o [1]
pxOverflowDelayedTaskList
                        0x200067b0     0x4  Data  Lc  tasks.o [1]
pxPortInitialiseStack   0x000008c5    0x1a  Code  Gb  port.o [1]
pxReadyTasksLists       0x20006748    0x64  Data  Lc  tasks.o [1]
schedulerInit           0x00001051    0xc8  Code  Gb  startup.o [1]
startup                 0x00000f45   0x10c  Code  Gb  startup.o [1]
state                   0x200068a8     0x1  Data  Gb  warningAlarm.o [1]
status                  0x000037b1    0x26  Code  Gb  status.o [1]
statusData              0x200004a4     0x4  Data  Gb  startup.o [1]
strcpy                  0x00002fad          Code  Gb  strcpy.o [6]
strncpy                 0x000007c5          Code  Gb  strncpy.o [6]
sysComplete             0x20000564     0x4  Data  Gb  measure.o [1]
systolicPressCorrected  0x200001a0    0x80  Data  Gb  startup.o [1]
systolicPressCorrectedBuf
                        0x20000220    0x20  Data  Gb  startup.o [1]
systolicPressRaw        0x20000040    0x20  Data  Gb  startup.o [1]
systolicPressRawBuf     0x20000060    0x20  Data  Gb  startup.o [1]
taskList                0x20000420    0x24  Data  Gb  startup.o [1]
tempAlarm               0x200068a5     0x1  Data  Gb  warningAlarm.o [1]
tempCorrected           0x20000100    0x80  Data  Gb  startup.o [1]
tempCorrectedBuf        0x20000180    0x20  Data  Gb  startup.o [1]
tempOutOfRange          0x200068a1     0x1  Data  Gb  warningAlarm.o [1]
temperatureRaw          0x20000000    0x20  Data  Gb  startup.o [1]
temperatureRawBuf       0x20000020    0x20  Data  Gb  startup.o [1]
toString                0x00002a29    0x82  Code  Gb  compute.o [1]
ulGPIOBase              0x20006894     0x4  Data  Gb  rit128x96x4.o [1]
ulGPIOId                0x20006890     0x4  Data  Gb  rit128x96x4.o [1]
ulMaxJitter             0x200068c0     0x4  Data  Gb  timertest.o [1]
ulOLEDDC_PIN            0x20006898     0x4  Data  Gb  rit128x96x4.o [1]
ulOLEDEN_PIN            0x2000689c     0x4  Data  Gb  rit128x96x4.o [1]
uxCriticalNesting       0x2000056c     0x4  Data  Lc  port.o [1]
uxCurrentNumberOfTasks  0x200067b4     0x4  Data  Lc  tasks.o [1]
uxMissedTicks           0x20000530     0x4  Data  Lc  tasks.o [1]
uxPreviousTask          0x20000550     0x4  Data  Lc  tasks.o [1]
uxSchedulerSuspended    0x200067c0     0x4  Data  Lc  tasks.o [1]
uxTaskNumber            0x2000053c     0x4  Data  Lc  tasks.o [1]
uxTasksDeleted          0x20000510     0x4  Data  Lc  tasks.o [1]
uxTopReadyPriority      0x200067bc     0x4  Data  Lc  tasks.o [1]
uxTopUsedPriority       0x20000528     0x4  Data  Lc  tasks.o [1]
vApplicationStackOverflowHook
                        0x00000a09     0x2  Code  Gb  main.o [1]
vApplicationTickHook    0x00000a0b    0x14  Code  Gb  main.o [1]
vListInitialise         0x00000831    0x1a  Code  Gb  list.o [1]
vListInitialiseItem     0x0000084b     0x6  Code  Gb  list.o [1]
vListInsert             0x0000086d    0x32  Code  Gb  list.o [1]
vListInsertEnd          0x00000851    0x1c  Code  Gb  list.o [1]
vListRemove             0x0000089f    0x24  Code  Gb  list.o [1]
vPortClearInterruptMask
                        0x000009af          Code  Gb  portasm.o [1]
vPortEnterCritical      0x00000917    0x10  Code  Gb  port.o [1]
vPortExitCritical       0x00000927    0x10  Code  Gb  port.o [1]
vPortFree               0x0000072f    0x32  Code  Gb  heap_2.o [1]
vPortSVCHandler         0x000009bd          Code  Gb  portasm.o [1]
vPortSetInterruptMask   0x000009a1          Code  Gb  portasm.o [1]
vPortStartFirstTask     0x000009d9          Code  Gb  portasm.o [1]
vPortYieldFromISR       0x0000090d     0xa  Code  Gb  port.o [1]
vSetMSP                 0x00000965          Code  Gb  portasm.o [1]
vSetupHighFrequencyTimer
                        0x000011a9    0x68  Code  Gb  timertest.o [1]
vTaskDelayUntil         0x00000247    0x52  Code  Gb  tasks.o [1]
vTaskIncrementTick      0x00000481    0xa2  Code  Gb  tasks.o [1]
vTaskResume             0x00000321    0x46  Code  Gb  tasks.o [1]
vTaskStartScheduler     0x00000373    0x44  Code  Gb  tasks.o [1]
vTaskSuspend            0x00000299    0x68  Code  Gb  tasks.o [1]
vTaskSuspendAll         0x000003b7     0xc  Code  Gb  tasks.o [1]
vTaskSwitchContext      0x00000523    0xb6  Code  Gb  tasks.o [1]
warningAlarm            0x000025b9   0x246  Code  Gb  warningAlarm.o [1]
warningAlarmData        0x200004a8    0x18  Data  Gb  startup.o [1]
warningAlarmSetup       0x00002545    0x74  Code  Gb  warningAlarm.o [1]
xDelayedTaskList1       0x200067c8    0x14  Data  Lc  tasks.o [1]
xDelayedTaskList2       0x200067dc    0x14  Data  Lc  tasks.o [1]
xEnd                    0x20000578     0x8  Data  Lc  heap_2.o [1]
xFreeBytesRemaining     0x2000055c     0x4  Data  Lc  heap_2.o [1]
xHeap                   0x20000580  0x5dc0  Data  Lc  heap_2.o [1]
xMissedYield            0x20000534     0x4  Data  Lc  tasks.o [1]
xNextTaskUnblockTime    0x20000540     0x4  Data  Lc  tasks.o [1]
xNumOfOverflows         0x20000538     0x4  Data  Lc  tasks.o [1]
xPendingReadyList       0x200004e8    0x14  Data  Lc  tasks.o [1]
xPortPendSVHandler      0x0000096b          Code  Gb  portasm.o [1]
xPortStartScheduler     0x000008df    0x2e  Code  Gb  port.o [1]
xPortSysTickHandler     0x00000937    0x1a  Code  Gb  port.o [1]
xSchedulerRunning       0x2000052c     0x4  Data  Lc  tasks.o [1]
xStart                  0x20000554     0x8  Data  Lc  heap_2.o [1]
xSuspendedTaskList      0x20000514    0x14  Data  Lc  tasks.o [1]
xTaskGenericCreate      0x000000f1   0x156  Code  Gb  tasks.o [1]
xTaskGetTickCount       0x0000045d     0xc  Code  Gb  tasks.o [1]
xTaskIsTaskSuspended    0x00000301    0x20  Code  Gb  tasks.o [1]
xTaskResumeAll          0x000003c3    0x8e  Code  Gb  tasks.o [1]
xTasksWaitingTermination
                        0x200004fc    0x14  Data  Lc  tasks.o [1]
xTickCount              0x200067b8     0x4  Data  Lc  tasks.o [1]
xTracing                0x2000054c     0x4  Data  Lc  tasks.o [1]


[1] = C:\Users\castia\Documents\GitHub\EE-472\FreeRTOSver\Debug\Obj
[2] = command line
[3] = dl7M_tln.a
[4] = driverlib-cm3.a
[5] = m7M_tl.a
[6] = rt7M_tl.a

  14 132 bytes of readonly  code memory
     613 bytes of readonly  data memory
  43 227 bytes of readwrite data memory

Errors: none
Warnings: none
