###############################################################################
#                                                                             #
# IAR ELF Linker V6.40.3.54009/W32 for ARM              13/Mar/2014  22:46:16 #
# Copyright 2007-2012 IAR Systems AB.                                         #
#                                                                             #
#    Output file  =  C:\Users\rynmcd\Desktop\FreeRTOS0\Demo\CORTEX_LM3Sxxxx_I #
#                    AR_Keil\Debug\Exe\RTOSDemo.out                           #
#    Map file     =  C:\Users\rynmcd\Desktop\FreeRTOS0\Demo\CORTEX_LM3Sxxxx_I #
#                    AR_Keil\Debug\List\RTOSDemo.map                          #
#    Command line =  C:\Users\rynmcd\Desktop\FreeRTOS0\Demo\CORTEX_LM3Sxxxx_I #
#                    AR_Keil\Debug\Obj\BlockQ.o C:\Users\rynmcd\Desktop\FreeR #
#                    TOS0\Demo\CORTEX_LM3Sxxxx_IAR_Keil\Debug\Obj\GenQTest.o  #
#                    C:\Users\rynmcd\Desktop\FreeRTOS0\Demo\CORTEX_LM3Sxxxx_I #
#                    AR_Keil\Debug\Obj\IntQueue.o                             #
#                    C:\Users\rynmcd\Desktop\FreeRTOS0\Demo\CORTEX_LM3Sxxxx_I #
#                    AR_Keil\Debug\Obj\IntQueueTimer.o                        #
#                    C:\Users\rynmcd\Desktop\FreeRTOS0\Demo\CORTEX_LM3Sxxxx_I #
#                    AR_Keil\Debug\Obj\ParTest.o                              #
#                    C:\Users\rynmcd\Desktop\FreeRTOS0\Demo\CORTEX_LM3Sxxxx_I #
#                    AR_Keil\Debug\Obj\PollQ.o C:\Users\rynmcd\Desktop\FreeRT #
#                    OS0\Demo\CORTEX_LM3Sxxxx_IAR_Keil\Debug\Obj\QPeek.o      #
#                    C:\Users\rynmcd\Desktop\FreeRTOS0\Demo\CORTEX_LM3Sxxxx_I #
#                    AR_Keil\Debug\Obj\blocktim.o                             #
#                    C:\Users\rynmcd\Desktop\FreeRTOS0\Demo\CORTEX_LM3Sxxxx_I #
#                    AR_Keil\Debug\Obj\death.o C:\Users\rynmcd\Desktop\FreeRT #
#                    OS0\Demo\CORTEX_LM3Sxxxx_IAR_Keil\Debug\Obj\emac.o       #
#                    C:\Users\rynmcd\Desktop\FreeRTOS0\Demo\CORTEX_LM3Sxxxx_I #
#                    AR_Keil\Debug\Obj\flash.o C:\Users\rynmcd\Desktop\FreeRT #
#                    OS0\Demo\CORTEX_LM3Sxxxx_IAR_Keil\Debug\Obj\formike128x1 #
#                    28x16.o C:\Users\rynmcd\Desktop\FreeRTOS0\Demo\CORTEX_LM #
#                    3Sxxxx_IAR_Keil\Debug\Obj\heap_2.o                       #
#                    C:\Users\rynmcd\Desktop\FreeRTOS0\Demo\CORTEX_LM3Sxxxx_I #
#                    AR_Keil\Debug\Obj\http-strings.o                         #
#                    C:\Users\rynmcd\Desktop\FreeRTOS0\Demo\CORTEX_LM3Sxxxx_I #
#                    AR_Keil\Debug\Obj\httpd-cgi.o                            #
#                    C:\Users\rynmcd\Desktop\FreeRTOS0\Demo\CORTEX_LM3Sxxxx_I #
#                    AR_Keil\Debug\Obj\httpd-fs.o                             #
#                    C:\Users\rynmcd\Desktop\FreeRTOS0\Demo\CORTEX_LM3Sxxxx_I #
#                    AR_Keil\Debug\Obj\httpd.o C:\Users\rynmcd\Desktop\FreeRT #
#                    OS0\Demo\CORTEX_LM3Sxxxx_IAR_Keil\Debug\Obj\integer.o    #
#                    C:\Users\rynmcd\Desktop\FreeRTOS0\Demo\CORTEX_LM3Sxxxx_I #
#                    AR_Keil\Debug\Obj\list.o C:\Users\rynmcd\Desktop\FreeRTO #
#                    S0\Demo\CORTEX_LM3Sxxxx_IAR_Keil\Debug\Obj\main.o        #
#                    C:\Users\rynmcd\Desktop\FreeRTOS0\Demo\CORTEX_LM3Sxxxx_I #
#                    AR_Keil\Debug\Obj\osram128x64x4.o                        #
#                    C:\Users\rynmcd\Desktop\FreeRTOS0\Demo\CORTEX_LM3Sxxxx_I #
#                    AR_Keil\Debug\Obj\port.o C:\Users\rynmcd\Desktop\FreeRTO #
#                    S0\Demo\CORTEX_LM3Sxxxx_IAR_Keil\Debug\Obj\portasm.o     #
#                    C:\Users\rynmcd\Desktop\FreeRTOS0\Demo\CORTEX_LM3Sxxxx_I #
#                    AR_Keil\Debug\Obj\psock.o C:\Users\rynmcd\Desktop\FreeRT #
#                    OS0\Demo\CORTEX_LM3Sxxxx_IAR_Keil\Debug\Obj\queue.o      #
#                    C:\Users\rynmcd\Desktop\FreeRTOS0\Demo\CORTEX_LM3Sxxxx_I #
#                    AR_Keil\Debug\Obj\recmutex.o                             #
#                    C:\Users\rynmcd\Desktop\FreeRTOS0\Demo\CORTEX_LM3Sxxxx_I #
#                    AR_Keil\Debug\Obj\rit128x96x4.o                          #
#                    C:\Users\rynmcd\Desktop\FreeRTOS0\Demo\CORTEX_LM3Sxxxx_I #
#                    AR_Keil\Debug\Obj\semtest.o                              #
#                    C:\Users\rynmcd\Desktop\FreeRTOS0\Demo\CORTEX_LM3Sxxxx_I #
#                    AR_Keil\Debug\Obj\startup_ewarm.o                        #
#                    C:\Users\rynmcd\Desktop\FreeRTOS0\Demo\CORTEX_LM3Sxxxx_I #
#                    AR_Keil\Debug\Obj\tasks.o C:\Users\rynmcd\Desktop\FreeRT #
#                    OS0\Demo\CORTEX_LM3Sxxxx_IAR_Keil\Debug\Obj\timer.o      #
#                    C:\Users\rynmcd\Desktop\FreeRTOS0\Demo\CORTEX_LM3Sxxxx_I #
#                    AR_Keil\Debug\Obj\timertest.o                            #
#                    C:\Users\rynmcd\Desktop\FreeRTOS0\Demo\CORTEX_LM3Sxxxx_I #
#                    AR_Keil\Debug\Obj\uIP_Task.o                             #
#                    C:\Users\rynmcd\Desktop\FreeRTOS0\Demo\CORTEX_LM3Sxxxx_I #
#                    AR_Keil\Debug\Obj\uip.o C:\Users\rynmcd\Desktop\FreeRTOS #
#                    0\Demo\CORTEX_LM3Sxxxx_IAR_Keil\Debug\Obj\uip_arp.o      #
#                    C:\Users\rynmcd\Desktop\FreeRTOS0\Demo\Common\drivers\Lu #
#                    minaryMicro\IAR\driverlib.a                              #
#                    C:\Users\rynmcd\Desktop\FreeRTOS0\Demo\Common\drivers\Lu #
#                    minaryMicro\IAR\grlib.a --redirect _Printf=_PrintfSmall  #
#                    --redirect _Scanf=_ScanfSmall -o                         #
#                    C:\Users\rynmcd\Desktop\FreeRTOS0\Demo\CORTEX_LM3Sxxxx_I #
#                    AR_Keil\Debug\Exe\RTOSDemo.out --map                     #
#                    C:\Users\rynmcd\Desktop\FreeRTOS0\Demo\CORTEX_LM3Sxxxx_I #
#                    AR_Keil\Debug\List\RTOSDemo.map --config                 #
#                    C:\Users\rynmcd\Desktop\FreeRTOS0\Demo\CORTEX_LM3Sxxxx_I #
#                    AR_Keil\LM3Sxxxx.icf C:\Users\rynmcd\Desktop\FreeRTOS0\D #
#                    emo\CORTEX_LM3Sxxxx_IAR_Keil\..\Common\drivers\LuminaryM #
#                    icro\IAR\driverlib.a C:\Users\rynmcd\Desktop\FreeRTOS0\D #
#                    emo\CORTEX_LM3Sxxxx_IAR_Keil\..\Common\drivers\LuminaryM #
#                    icro\IAR\grlib.a --entry __iar_program_start --vfe       #
#                                                                             #
#                                                                             #
###############################################################################

*******************************************************************************
*** MESSAGES
***

Warning[Lt010]: Inconsistent enum container size
          C:\Users\rynmcd\Desktop\FreeRTOS0\Demo\CORTEX_LM3Sxxxx_IAR_Keil\Debug
                    \Obj\uIP_Task.o uses smallest possible
          flash.o(driverlib.a) uses word size


*******************************************************************************
*** RUNTIME MODEL ATTRIBUTES
***

CppFlavor       = *
__SystemLibrary = DLib


*******************************************************************************
*** PLACEMENT SUMMARY
***

"A1":  place at start of [0x00000000-0x0003ffff] { ro section .intvec };
"P1":  place in [from 0x00000000 to 0x0003ffff] { ro };
"P2":  place in [from 0x20000000 to 0x2000ffff] { rw, block HEAP };

  Section            Kind        Address    Size  Object
  -------            ----        -------    ----  ------
"A1":                                      0x100
  .intvec            const    0x00000000   0x100  startup_ewarm.o [1]
                            - 0x00000100   0x100

"P1":                                     0xafe4
  .text              ro code  0x00000100  0x14c8  uip.o [1]
  .text              ro code  0x000015c8   0x714  httpd.o [1]
  .text              ro code  0x00001cdc     0xe  uip_arp.o [1]
  .text              ro code  0x00001cea    0x2e  copy_init3.o [6]
  .text              ro code  0x00001d18   0x2ca  psock.o [1]
  .text              ro code  0x00001fe2    0x22  zero_init3.o [6]
  .text              ro code  0x00002004    0x16  strchr.o [6]
  .text              ro code  0x0000201a     0xa  xsprout.o [3]
  .text              ro code  0x00002024    0x80  httpd-fs.o [1]
  .text              ro code  0x000020a4   0x15c  httpd-cgi.o [1]
  .text              ro code  0x00002200    0x36  strlen.o [6]
  .text              ro code  0x00002236     0x8  httpd.o [1]
  .text              ro code  0x0000223e    0x2a  strncmp.o [3]
  .text              ro code  0x00002268    0x44  strcpy.o [6]
  .text              ro code  0x000022ac    0x6c  strncpy.o [6]
  .text              ro code  0x00002318   0x284  uIP_Task.o [1]
  .text              ro code  0x0000259c    0x76  ABImemcpy.o [6]
  .text              ro code  0x00002612     0x6  startup_ewarm.o [1]
  .text              ro code  0x00002618    0x34  sprintf.o [3]
  .text              ro code  0x0000264c    0x1c  strcat.o [3]
  .text              ro code  0x00002668    0x18  strrchr.o [3]
  .text              ro code  0x00002680    0x66  ABImemset.o [6]
  .rodata            const    0x000026e6     0x2  heap_2.o [1]
  .text              ro code  0x000026e8   0xaec  tasks.o [1]
  .text              ro code  0x000031d4   0x2d4  sysctl.o [4]
  .text              ro code  0x000034a8   0x544  queue.o [1]
  .text              ro code  0x000039ec    0x34  timer.o [1]
  .text              ro code  0x00003a20   0x26c  emac.o [1]
  .text              ro code  0x00003c8c   0x510  uip_arp.o [1]
  .text              ro code  0x0000419c    0x38  flash.o [4]
  .text              ro code  0x000041d4    0xe4  ethernet.o [4]
  .text              ro code  0x000042b8     0x8  uIP_Task.o [1]
  .text              ro code  0x000042c0   0x4a0  xprintfsmall.o [3]
  .text              ro code  0x00004760    0xbc  port.o [1]
  .text              ro code  0x0000481c    0x9a  list.o [1]
  .rodata            const    0x000048b6     0x2  osram128x64x4.o [1]
  CODE               ro code  0x000048b8    0x8c  portasm.o [1]
  .text              ro code  0x00004944   0x322  main.o [1]
  .rodata            const    0x00004c66     0x2  osram128x64x4.o [1]
  .text              ro code  0x00004c68    0x62  memcmp.o [6]
  .rodata            const    0x00004cca     0x2  rit128x96x4.o [1]
  .text              ro code  0x00004ccc   0x124  heap_2.o [1]
  .text              ro code  0x00004df0    0x14  uip_arp.o [1]
  .text              ro code  0x00004e04    0x8c  interrupt.o [4]
  .text              ro code  0x00004e90    0x2c  strstr.o [3]
  .text              ro code  0x00004ebc    0x58  memchr.o [6]
  .text              ro code  0x00004f14    0xb4  integer.o [1]
  .text              ro code  0x00004fc8   0x4f0  GenQTest.o [1]
  .text              ro code  0x000054b8   0x878  IntQueue.o [1]
  .text              ro code  0x00005d30   0x280  recmutex.o [1]
  .text              ro code  0x00005fb0   0x258  BlockQ.o [1]
  .text              ro code  0x00006208   0x3f4  blocktim.o [1]
  .text              ro code  0x000065fc   0x214  semtest.o [1]
  .text              ro code  0x00006810   0x13c  PollQ.o [1]
  .text              ro code  0x0000694c   0x344  QPeek.o [1]
  .text              ro code  0x00006c90   0x144  death.o [1]
  .text              ro code  0x00006dd4    0xc4  timertest.o [1]
  .text              ro code  0x00006e98   0x120  gpio.o [4]
  .text              ro code  0x00006fb8    0x28  ParTest.o [1]
  .text              ro code  0x00006fe0    0xb8  IntQueueTimer.o [1]
  .text              ro code  0x00007098    0x58  timer.o [4]
  .rodata            const    0x000070f0   0xc84  main.o [1]
  .rodata            const    0x00007d74   0x6a8  main.o [1]
  .text              ro code  0x0000841c   0x60c  formike128x128x16.o [1]
  .text              ro code  0x00008a28    0xb4  rectangle.o [5]
  .text              ro code  0x00008adc   0x290  string.o [5]
  .text              ro code  0x00008d6c    0x20  context.o [5]
  .text              ro code  0x00008d8c   0x2cc  image.o [5]
  .text              ro code  0x00009058    0x4c  line.o [5]
  .text              ro code  0x000090a4     0x6  ABImemclr4.o [6]
  .rodata            const    0x000090aa     0x2  rit128x96x4.o [1]
  .text              ro code  0x000090ac    0x32  ABImemset48.o [6]
  .rodata            const    0x000090e0   0x514  fontcmss12.o [5]
  .text              ro code  0x000095f4   0x3a0  rit128x96x4.o [1]
  .text              ro code  0x00009994    0x88  ssi.o [4]
  .text              ro code  0x00009a1c   0x308  osram128x64x4.o [1]
  .rodata            const    0x00009d24   0x29c  httpd-fs.o [1]
  .rodata            const    0x00009fc0   0x214  httpd-fs.o [1]
  .rodata            const    0x0000a1d4   0x1e0  osram128x64x4.o [1]
  .rodata            const    0x0000a3b4   0x1e0  rit128x96x4.o [1]
  .rodata            const    0x0000a594   0x1c4  httpd-fs.o [1]
  .rodata            const    0x0000a758    0xc8  fontcmss12.o [5]
  .rodata            const    0x0000a820    0xb0  httpd-cgi.o [1]
  .rodata            const    0x0000a8d0    0x5c  http-strings.o [1]
  .rodata            const    0x0000a92c    0x5c  sysctl.o [4]
  .rodata            const    0x0000a988    0x54  http-strings.o [1]
  .rodata            const    0x0000a9dc    0x50  osram128x64x4.o [1]
  .rodata            const    0x0000aa2c    0x50  rit128x96x4.o [1]
  .rodata            const    0x0000aa7c    0x48  httpd-cgi.o [1]
  .rodata            const    0x0000aac4    0x40  interrupt.o [4]
  .rodata            const    0x0000ab04    0x2c  http-strings.o [1]
  .rodata            const    0x0000ab30    0x28  formike128x128x16.o [1]
  .text              ro code  0x0000ab58    0x28  data_init3.o [6]
  .iar.init_table    const    0x0000ab80    0x24  - Linker created -
  .rodata            const    0x0000aba4    0x20  http-strings.o [1]
  .rodata            const    0x0000abc4    0x20  http-strings.o [1]
  .rodata            const    0x0000abe4    0x1c  http-strings.o [1]
  .rodata            const    0x0000ac00    0x1c  http-strings.o [1]
  .rodata            const    0x0000ac1c    0x1c  http-strings.o [1]
  .rodata            const    0x0000ac38    0x1c  http-strings.o [1]
  .rodata            const    0x0000ac54    0x1c  httpd-cgi.o [1]
  .text              ro code  0x0000ac70    0x16  cmain.o [6]
  .text              ro code  0x0000ac86     0x4  low_level_init.o [3]
  .text              ro code  0x0000ac8a     0x4  exit.o [3]
  .text              ro code  0x0000ac90     0xa  cexit.o [6]
  .text              ro code  0x0000ac9c     0xc  XXexit.o [6]
  .rodata            const    0x0000aca8    0x14  QPeek.o [1]
  .rodata            const    0x0000acbc    0x14  blocktim.o [1]
  .rodata            const    0x0000acd0    0x14  httpd-fs.o [1]
  .rodata            const    0x0000ace4    0x14  httpd-fs.o [1]
  .rodata            const    0x0000acf8    0x14  httpd-fs.o [1]
  .rodata            const    0x0000ad0c    0x14  main.o [1]
  .rodata            const    0x0000ad20    0x14  main.o [1]
  .rodata            const    0x0000ad34    0x14  main.o [1]
  .rodata            const    0x0000ad48    0x14  main.o [1]
  .rodata            const    0x0000ad5c    0x14  main.o [1]
  .rodata            const    0x0000ad70    0x14  main.o [1]
  .rodata            const    0x0000ad84    0x14  main.o [1]
  .rodata            const    0x0000ad98    0x14  tasks.o [1]
  .rodata            const    0x0000adac    0x10  GenQTest.o [1]
  .rodata            const    0x0000adbc    0x10  GenQTest.o [1]
  .rodata            const    0x0000adcc    0x10  IntQueue.o [1]
  .rodata            const    0x0000addc    0x10  IntQueue.o [1]
  .rodata            const    0x0000adec    0x10  PollQ.o [1]
  .rodata            const    0x0000adfc    0x10  main.o [1]
  .rodata            const    0x0000ae0c    0x10  main.o [1]
  .rodata            const    0x0000ae1c    0x10  main.o [1]
  .rodata            const    0x0000ae2c    0x10  main.o [1]
  .rodata            const    0x0000ae3c    0x10  main.o [1]
  .rodata            const    0x0000ae4c    0x10  recmutex.o [1]
  .rodata            const    0x0000ae5c    0x10  semtest.o [1]
  .rodata            const    0x0000ae6c    0x10  semtest.o [1]
  .rodata            const    0x0000ae7c    0x10  sysctl.o [4]
  .rodata            const    0x0000ae8c     0xc  http-strings.o [1]
  .rodata            const    0x0000ae98     0xc  http-strings.o [1]
  .rodata            const    0x0000aea4     0xc  http-strings.o [1]
  .rodata            const    0x0000aeb0     0xc  httpd-cgi.o [1]
  .rodata            const    0x0000aebc     0xc  main.o [1]
  .rodata            const    0x0000aec8     0xc  uIP_Task.o [1]
  .rodata            const    0x0000aed4     0xc  sysctl.o [4]
  .rodata            const    0x0000aee0     0xc  sysctl.o [4]
  .text              ro code  0x0000aeec     0xc  cstartup_M.o [6]
  .rodata            const    0x0000aef8     0x8  BlockQ.o [1]
  .rodata            const    0x0000af00     0x8  BlockQ.o [1]
  .rodata            const    0x0000af08     0x8  BlockQ.o [1]
  .rodata            const    0x0000af10     0x8  BlockQ.o [1]
  .rodata            const    0x0000af18     0x8  BlockQ.o [1]
  .rodata            const    0x0000af20     0x8  BlockQ.o [1]
  .rodata            const    0x0000af28     0x8  GenQTest.o [1]
  .rodata            const    0x0000af30     0x8  GenQTest.o [1]
  .rodata            const    0x0000af38     0x8  GenQTest.o [1]
  .rodata            const    0x0000af40     0x8  GenQTest.o [1]
  .rodata            const    0x0000af48     0x8  IntQueue.o [1]
  .rodata            const    0x0000af50     0x8  IntQueue.o [1]
  .rodata            const    0x0000af58     0x8  IntQueue.o [1]
  .rodata            const    0x0000af60     0x8  IntQueue.o [1]
  .rodata            const    0x0000af68     0x8  PollQ.o [1]
  .rodata            const    0x0000af70     0x8  PollQ.o [1]
  .rodata            const    0x0000af78     0x8  QPeek.o [1]
  .rodata            const    0x0000af80     0x8  QPeek.o [1]
  .rodata            const    0x0000af88     0x8  QPeek.o [1]
  .rodata            const    0x0000af90     0x8  QPeek.o [1]
  .rodata            const    0x0000af98     0x8  blocktim.o [1]
  .rodata            const    0x0000afa0     0x8  blocktim.o [1]
  .rodata            const    0x0000afa8     0x8  death.o [1]
  .rodata            const    0x0000afb0     0x8  death.o [1]
  .rodata            const    0x0000afb8     0x8  death.o [1]
  .rodata            const    0x0000afc0     0x8  formike128x128x16.o [1]
  .rodata            const    0x0000afc8     0x8  http-strings.o [1]
  .rodata            const    0x0000afd0     0x8  http-strings.o [1]
  .rodata            const    0x0000afd8     0x8  http-strings.o [1]
  .rodata            const    0x0000afe0     0x8  http-strings.o [1]
  .rodata            const    0x0000afe8     0x8  http-strings.o [1]
  .rodata            const    0x0000aff0     0x8  http-strings.o [1]
  .rodata            const    0x0000aff8     0x8  http-strings.o [1]
  .rodata            const    0x0000b000     0x8  httpd-cgi.o [1]
  .rodata            const    0x0000b008     0x8  httpd-cgi.o [1]
  .rodata            const    0x0000b010     0x8  httpd-cgi.o [1]
  .rodata            const    0x0000b018     0x8  httpd-cgi.o [1]
  .rodata            const    0x0000b020     0x8  integer.o [1]
  .rodata            const    0x0000b028     0x8  main.o [1]
  .rodata            const    0x0000b030     0x8  main.o [1]
  .rodata            const    0x0000b038     0x8  recmutex.o [1]
  .rodata            const    0x0000b040     0x8  recmutex.o [1]
  .rodata            const    0x0000b048     0x8  recmutex.o [1]
  .rodata            const    0x0000b050     0x8  semtest.o [1]
  .rodata            const    0x0000b058     0x8  semtest.o [1]
  .rodata            const    0x0000b060     0x8  semtest.o [1]
  .rodata            const    0x0000b068     0x8  semtest.o [1]
  .rodata            const    0x0000b070     0x8  tasks.o [1]
  .rodata            const    0x0000b078     0x8  uip_arp.o [1]
  .rodata            const    0x0000b080     0x4  death.o [1]
  .rodata            const    0x0000b084     0x4  main.o [1]
  .rodata            const    0x0000b088     0x4  osram128x64x4.o [1]
  .rodata            const    0x0000b08c     0x4  osram128x64x4.o [1]
  .rodata            const    0x0000b090     0x4  rit128x96x4.o [1]
  .rodata            const    0x0000b094     0x4  rit128x96x4.o [1]
  .rodata            const    0x0000b098     0x4  uip.o [1]
  .rodata            const    0x0000b09c     0x4  uip.o [1]
  .rodata            const    0x0000b0a0     0x4  uip_arp.o [1]
  .rodata            const    0x0000b0a4     0x0  zero_init3.o [6]
  .rodata            const    0x0000b0a4     0x0  copy_init3.o [6]
  Initializer bytes  ro data  0x0000b0a4    0x40  <for P2 s0>
                            - 0x0000b0e4  0xafe4

"P2", part 1 of 3:                          0x40
  P2 s0                       0x20000000    0x40  <Init block>
    .data            inited   0x20000000     0xc  httpd-cgi.o [1]
    .data            inited   0x2000000c     0x4  IntQueue.o [1]
    .data            inited   0x20000010     0x4  heap_2.o [1]
    .data            inited   0x20000014     0x4  httpd-cgi.o [1]
    .data            inited   0x20000018     0x4  httpd-cgi.o [1]
    .data            inited   0x2000001c     0x4  httpd-cgi.o [1]
    .data            inited   0x20000020     0x4  httpd-cgi.o [1]
    .data            inited   0x20000024     0x4  httpd-cgi.o [1]
    .data            inited   0x20000028     0x4  httpd-cgi.o [1]
    .data            inited   0x2000002c     0x4  main.o [1]
    .data            inited   0x20000030     0x4  port.o [1]
    .data            inited   0x20000034     0x4  tasks.o [1]
    .data            inited   0x20000038     0x4  tasks.o [1]
    .data            inited   0x2000003c     0x2  death.o [1]
                            - 0x20000040    0x40

"P2", part 2 of 3:                        0xa108
  .bss               zero     0x20000040  0x5dc0  heap_2.o [1]
  .bss               zero     0x20005e00  0x1fe0  uip.o [1]
  .bss               zero     0x20007de0  0x1d10  emac.o [1]
  .bss               zero     0x20009af0    0xc8  IntQueue.o [1]
  .bss               zero     0x20009bb8    0xc8  IntQueue.o [1]
  .bss               zero     0x20009c80    0x64  tasks.o [1]
  .bss               zero     0x20009ce4    0x60  uip_arp.o [1]
  .bss               zero     0x20009d44    0x50  queue.o [1]
  .bss               zero     0x20009d94    0x50  uip.o [1]
  .bss               zero     0x20009de4    0x2c  uip.o [1]
  .bss               zero     0x20009e10    0x20  httpd-cgi.o [1]
  .bss               zero     0x20009e30    0x20  uIP_Task.o [1]
  .bss               zero     0x20009e50    0x20  image.o [5]
  .bss               zero     0x20009e70    0x1c  formike128x128x16.o [1]
  .bss               zero     0x20009e8c    0x1c  main.o [1]
  .bss               zero     0x20009ea8    0x14  emac.o [1]
  .bss               zero     0x20009ebc    0x14  tasks.o [1]
  .bss               zero     0x20009ed0    0x14  tasks.o [1]
  .bss               zero     0x20009ee4    0x14  tasks.o [1]
  .bss               zero     0x20009ef8    0x14  tasks.o [1]
  .bss               zero     0x20009f0c    0x14  tasks.o [1]
  .bss               zero     0x20009f20     0x8  BlockQ.o [1]
  .bss               zero     0x20009f28     0x8  BlockQ.o [1]
  .bss               zero     0x20009f30     0x8  BlockQ.o [1]
  .bss               zero     0x20009f38     0x8  BlockQ.o [1]
  .bss               zero     0x20009f40     0x8  heap_2.o [1]
  .bss               zero     0x20009f48     0x8  heap_2.o [1]
  .bss               zero     0x20009f50     0x8  httpd-fs.o [1]
  .bss               zero     0x20009f58     0x8  osram128x64x4.o [1]
  .bss               zero     0x20009f60     0x8  osram128x64x4.o [1]
  .bss               zero     0x20009f68     0x8  osram128x64x4.o [1]
  .bss               zero     0x20009f70     0x8  rit128x96x4.o [1]
  .bss               zero     0x20009f78     0x8  semtest.o [1]
  .bss               zero     0x20009f80     0x8  semtest.o [1]
  .bss               zero     0x20009f88     0x8  uip.o [1]
  .bss               zero     0x20009f90     0x4  GenQTest.o [1]
  .bss               zero     0x20009f94     0x4  GenQTest.o [1]
  .bss               zero     0x20009f98     0x4  GenQTest.o [1]
  .bss               zero     0x20009f9c     0x4  GenQTest.o [1]
  .bss               zero     0x20009fa0     0x4  GenQTest.o [1]
  .bss               zero     0x20009fa4     0x4  GenQTest.o [1]
  .bss               zero     0x20009fa8     0x4  GenQTest.o [1]
  .bss               zero     0x20009fac     0x4  GenQTest.o [1]
  .bss               zero     0x20009fb0     0x4  IntQueue.o [1]
  .bss               zero     0x20009fb4     0x4  IntQueue.o [1]
  .bss               zero     0x20009fb8     0x4  IntQueue.o [1]
  .bss               zero     0x20009fbc     0x4  IntQueue.o [1]
  .bss               zero     0x20009fc0     0x4  IntQueue.o [1]
  .bss               zero     0x20009fc4     0x4  IntQueue.o [1]
  .bss               zero     0x20009fc8     0x4  IntQueue.o [1]
  .bss               zero     0x20009fcc     0x4  IntQueue.o [1]
  .bss               zero     0x20009fd0     0x4  IntQueue.o [1]
  .bss               zero     0x20009fd4     0x4  IntQueue.o [1]
  .bss               zero     0x20009fd8     0x4  IntQueue.o [1]
  .bss               zero     0x20009fdc     0x4  IntQueue.o [1]
  .bss               zero     0x20009fe0     0x4  IntQueue.o [1]
  .bss               zero     0x20009fe4     0x4  IntQueue.o [1]
  .bss               zero     0x20009fe8     0x4  IntQueue.o [1]
  .bss               zero     0x20009fec     0x4  IntQueue.o [1]
  .bss               zero     0x20009ff0     0x4  IntQueue.o [1]
  .bss               zero     0x20009ff4     0x4  IntQueue.o [1]
  .bss               zero     0x20009ff8     0x4  IntQueue.o [1]
  .bss               zero     0x20009ffc     0x4  IntQueue.o [1]
  .bss               zero     0x2000a000     0x4  PollQ.o [1]
  .bss               zero     0x2000a004     0x4  PollQ.o [1]
  .bss               zero     0x2000a008     0x4  PollQ.o [1]
  .bss               zero     0x2000a00c     0x4  QPeek.o [1]
  .bss               zero     0x2000a010     0x4  QPeek.o [1]
  .bss               zero     0x2000a014     0x4  QPeek.o [1]
  .bss               zero     0x2000a018     0x4  QPeek.o [1]
  .bss               zero     0x2000a01c     0x4  QPeek.o [1]
  .bss               zero     0x2000a020     0x4  QPeek.o [1]
  .bss               zero     0x2000a024     0x4  blocktim.o [1]
  .bss               zero     0x2000a028     0x4  blocktim.o [1]
  .bss               zero     0x2000a02c     0x4  blocktim.o [1]
  .bss               zero     0x2000a030     0x4  blocktim.o [1]
  .bss               zero     0x2000a034     0x4  blocktim.o [1]
  .bss               zero     0x2000a038     0x4  blocktim.o [1]
  .bss               zero     0x2000a03c     0x4  blocktim.o [1]
  .bss               zero     0x2000a040     0x4  blocktim.o [1]
  .bss               zero     0x2000a044     0x4  death.o [1]
  .bss               zero     0x2000a048     0x4  death.o [1]
  .bss               zero     0x2000a04c     0x4  death.o [1]
  .bss               zero     0x2000a050     0x4  emac.o [1]
  .bss               zero     0x2000a054     0x4  emac.o [1]
  .bss               zero     0x2000a058     0x4  emac.o [1]
  .bss               zero     0x2000a05c     0x4  emac.o [1]
  .bss               zero     0x2000a060     0x4  emac.o [1]
  .bss               zero     0x2000a064     0x4  emac.o [1]
  .bss               zero     0x2000a068     0x4  heap_2.o [1]
  .bss               zero     0x2000a06c     0x4  httpd-cgi.o [1]
  .bss               zero     0x2000a070     0x4  integer.o [1]
  .bss               zero     0x2000a074     0x4  main.o [1]
  .bss               zero     0x2000a078     0x4  main.o [1]
  .bss               zero     0x2000a07c     0x4  recmutex.o [1]
  .bss               zero     0x2000a080     0x4  recmutex.o [1]
  .bss               zero     0x2000a084     0x4  recmutex.o [1]
  .bss               zero     0x2000a088     0x4  recmutex.o [1]
  .bss               zero     0x2000a08c     0x4  recmutex.o [1]
  .bss               zero     0x2000a090     0x4  recmutex.o [1]
  .bss               zero     0x2000a094     0x4  recmutex.o [1]
  .bss               zero     0x2000a098     0x4  recmutex.o [1]
  .bss               zero     0x2000a09c     0x4  recmutex.o [1]
  .bss               zero     0x2000a0a0     0x4  recmutex.o [1]
  .bss               zero     0x2000a0a4     0x4  recmutex.o [1]
  .bss               zero     0x2000a0a8     0x4  recmutex.o [1]
  .bss               zero     0x2000a0ac     0x4  rit128x96x4.o [1]
  .bss               zero     0x2000a0b0     0x4  rit128x96x4.o [1]
  .bss               zero     0x2000a0b4     0x4  rit128x96x4.o [1]
  .bss               zero     0x2000a0b8     0x4  rit128x96x4.o [1]
  .bss               zero     0x2000a0bc     0x4  tasks.o [1]
  .bss               zero     0x2000a0c0     0x4  tasks.o [1]
  .bss               zero     0x2000a0c4     0x4  tasks.o [1]
  .bss               zero     0x2000a0c8     0x4  tasks.o [1]
  .bss               zero     0x2000a0cc     0x4  tasks.o [1]
  .bss               zero     0x2000a0d0     0x4  tasks.o [1]
  .bss               zero     0x2000a0d4     0x4  tasks.o [1]
  .bss               zero     0x2000a0d8     0x4  tasks.o [1]
  .bss               zero     0x2000a0dc     0x4  tasks.o [1]
  .bss               zero     0x2000a0e0     0x4  tasks.o [1]
  .bss               zero     0x2000a0e4     0x4  tasks.o [1]
  .bss               zero     0x2000a0e8     0x4  tasks.o [1]
  .bss               zero     0x2000a0ec     0x4  tasks.o [1]
  .bss               zero     0x2000a0f0     0x4  tasks.o [1]
  .bss               zero     0x2000a0f4     0x4  tasks.o [1]
  .bss               zero     0x2000a0f8     0x4  tasks.o [1]
  .bss               zero     0x2000a0fc     0x4  tasks.o [1]
  .bss               zero     0x2000a100     0x4  timertest.o [1]
  .bss               zero     0x2000a104     0x4  timertest.o [1]
  .bss               zero     0x2000a108     0x4  timertest.o [1]
  .bss               zero     0x2000a10c     0x4  uip.o [1]
  .bss               zero     0x2000a110     0x4  uip.o [1]
  .bss               zero     0x2000a114     0x4  uip.o [1]
  .bss               zero     0x2000a118     0x4  uip.o [1]
  .bss               zero     0x2000a11c     0x4  uip.o [1]
  .bss               zero     0x2000a120     0x4  uip.o [1]
  .bss               zero     0x2000a124     0x4  uip.o [1]
  .bss               zero     0x2000a128     0x4  uip.o [1]
  .bss               zero     0x2000a12c     0x4  uip_arp.o [1]
  .bss               zero     0x2000a130     0x2  death.o [1]
  .bss               zero     0x2000a132     0x2  semtest.o [1]
  .bss               zero     0x2000a134     0x2  uip.o [1]
  .bss               zero     0x2000a136     0x2  uip.o [1]
  .bss               zero     0x2000a138     0x2  uip.o [1]
  .bss               zero     0x2000a13a     0x2  uip.o [1]
  .bss               zero     0x2000a13c     0x2  uip.o [1]
  .bss               zero     0x2000a13e     0x1  osram128x64x4.o [1]
  .bss               zero     0x2000a13f     0x1  rit128x96x4.o [1]
  .bss               zero     0x2000a140     0x1  uip.o [1]
  .bss               zero     0x2000a141     0x1  uip.o [1]
  .bss               zero     0x2000a142     0x1  uip.o [1]
  .bss               zero     0x2000a143     0x1  uip_arp.o [1]
  .bss               zero     0x2000a144     0x1  uip_arp.o [1]
  .bss               zero     0x2000a145     0x1  uip_arp.o [1]
  .bss               zero     0x2000a146     0x1  uip_arp.o [1]
                            - 0x2000a147  0xa107

"P2", part 3 of 3:                         0x1e0
  .noinit            uninit   0x2000a148   0x1e0  startup_ewarm.o [1]
                            - 0x2000a328   0x1e0


*******************************************************************************
*** INIT TABLE
***

          Address     Size
          -------     ----
Zero (__iar_zero_init3)
    1 destination range, total size 0xa107:
          0x20000040  0xa107

Copy (__iar_copy_init3)
    1 source range, total size 0x40 (103% of destination):
          0x0000b0a4    0x40
    1 destination range, total size 0x3e:
          0x20000000    0x3e



*******************************************************************************
*** MODULE SUMMARY
***

    Module               ro code  ro data  rw data
    ------               -------  -------  -------
C:\Users\rynmcd\Desktop\FreeRTOS0\Demo\CORTEX_LM3Sxxxx_IAR_Keil\Debug\Obj: [1]
    BlockQ.o                 600       48       32
    GenQTest.o             1 264       64       32
    IntQueue.o             2 168       68      484
    IntQueueTimer.o          184
    ParTest.o                 40
    PollQ.o                  316       32       12
    QPeek.o                  836       52       24
    blocktim.o             1 012       36       32
    death.o                  324       30       16
    emac.o                   620             7 484
    formike128x128x16.o    1 548       48       28
    heap_2.o                 292        6   24 024
    http-strings.o                    488
    httpd-cgi.o              348      356       72
    httpd-fs.o               128    1 712        8
    httpd.o                1 820
    integer.o                180        8        4
    list.o                   154
    main.o                   802    5 164       40
    osram128x64x4.o          776      572       25
    port.o                   188        4        4
    portasm.o                140
    psock.o                  714
    queue.o                1 348                80
    recmutex.o               640       40       48
    rit128x96x4.o            928      572       25
    semtest.o                532       64       18
    startup_ewarm.o            6      256      480
    tasks.o                2 796       36      276
    timer.o                   52
    timertest.o              196                12
    uIP_Task.o               652       12       32
    uip.o                  5 320        8    8 337
    uip_arp.o              1 330       12      104
    ----------------------------------------------
    Total:                28 254    9 688   41 733

command line: [2]
    ----------------------------------------------
    Total:

dl7M_tln.a: [3]
    exit.o                     4
    low_level_init.o           4
    sprintf.o                 52
    strcat.o                  28
    strncmp.o                 42
    strrchr.o                 24
    strstr.o                  44
    xprintfsmall.o         1 184
    xsprout.o                 10
    ----------------------------------------------
    Total:                 1 392

driverlib.a: [4]
    ethernet.o               228
    flash.o                   56
    gpio.o                   288
    interrupt.o              140       64
    ssi.o                    136
    sysctl.o                 724      132
    timer.o                   88
    ----------------------------------------------
    Total:                 1 660      196

grlib.a: [5]
    context.o                 32
    fontcmss12.o                    1 500
    image.o                  716                32
    line.o                    76
    rectangle.o              180
    string.o                 656
    ----------------------------------------------
    Total:                 1 660    1 500       32

rt7M_tl.a: [6]
    ABImemclr4.o               6
    ABImemcpy.o              118
    ABImemset.o              102
    ABImemset48.o             50
    XXexit.o                  12
    cexit.o                   10
    cmain.o                   22
    copy_init3.o              46
    cstartup_M.o              12
    data_init3.o              40
    memchr.o                  88
    memcmp.o                  98
    strchr.o                  22
    strcpy.o                  68
    strlen.o                  54
    strncpy.o                108
    zero_init3.o              34
    ----------------------------------------------
    Total:                   890

    Gaps                       4        2
    Linker created                     38
--------------------------------------------------
    Grand Total:          33 860   11 424   41 765


*******************************************************************************
*** ENTRY LIST
***

Entry                      Address    Size  Type      Object
-----                      -------    ----  ----      ------
?main                   0x0000ac71          Code  Gb  cmain.o [6]
EthernetConfigSet       0x000041e9    0x38  Code  Gb  ethernet.o [4]
EthernetEnable          0x00004259    0x28  Code  Gb  ethernet.o [4]
EthernetInitExpClk      0x000041d5    0x14  Code  Gb  ethernet.o [4]
EthernetIntClear        0x000042b5     0x4  Code  Gb  ethernet.o [4]
EthernetIntDisable      0x00004299     0xa  Code  Gb  ethernet.o [4]
EthernetIntEnable       0x0000428d     0xa  Code  Gb  ethernet.o [4]
EthernetIntStatus       0x000042a5     0xe  Code  Gb  ethernet.o [4]
EthernetMACAddrSet      0x00004221    0x36  Code  Gb  ethernet.o [4]
EthernetSpaceAvail      0x00004281     0xc  Code  Gb  ethernet.o [4]
FaultISR                0x00002615     0x2  Code  Lc  startup_ewarm.o [1]
FlashUserGet            0x0000419d    0x2c  Code  Gb  flash.o [4]
Formike128x128x16BacklightOn
                        0x000085ed     0xa  Code  Gb  formike128x128x16.o [1]
Formike128x128x16ColorTranslate
                        0x000088fd    0x16  Code  Lc  formike128x128x16.o [1]
Formike128x128x16Flush  0x000087d9     0x2  Code  Lc  formike128x128x16.o [1]
Formike128x128x16Init   0x00008461   0x18c  Code  Gb  formike128x128x16.o [1]
Formike128x128x16LineDrawH
                        0x000087db    0x58  Code  Lc  formike128x128x16.o [1]
Formike128x128x16LineDrawV
                        0x00008833    0x58  Code  Lc  formike128x128x16.o [1]
Formike128x128x16PixelDraw
                        0x000085f7    0x4c  Code  Lc  formike128x128x16.o [1]
Formike128x128x16PixelDrawMultiple
                        0x00008643   0x196  Code  Lc  formike128x128x16.o [1]
Formike128x128x16RectFill
                        0x0000888b    0x72  Code  Lc  formike128x128x16.o [1]
GPIODirModeSet          0x00006e99    0x1e  Code  Gb  gpio.o [4]
GPIOPadConfigSet        0x00006ecd    0xac  Code  Gb  gpio.o [4]
GPIOPinTypeGPIOOutput   0x00006f99    0x10  Code  Gb  gpio.o [4]
GPIOPinTypeSSI          0x00006fa9    0x10  Code  Gb  gpio.o [4]
GPIOPinWrite            0x00006f79     0x6  Code  Gb  gpio.o [4]
GrContextInit           0x00008d6d    0x20  Code  Gb  context.o [5]
GrImageDraw             0x00008d8d   0x2cc  Code  Gb  image.o [5]
GrLineDrawH             0x00009059    0x4c  Code  Gb  line.o [5]
GrRectFill              0x00008a29    0xb4  Code  Gb  rectangle.o [5]
GrStringDraw            0x00008add   0x290  Code  Gb  string.o [5]
IntDefaultHandler       0x00002617     0x2  Code  Lc  startup_ewarm.o [1]
IntEnable               0x00004e29    0x60  Code  Gb  interrupt.o [4]
IntPrioritySet          0x00004e05    0x20  Code  Gb  interrupt.o [4]
NmiSR                   0x00002613     0x2  Code  Lc  startup_ewarm.o [1]
OSRAM128x64x4Clear      0x00009a87    0x38  Code  Gb  osram128x64x4.o [1]
OSRAM128x64x4Enable     0x00009bff    0x54  Code  Gb  osram128x64x4.o [1]
OSRAM128x64x4ImageDraw  0x00009b9d    0x62  Code  Gb  osram128x64x4.o [1]
OSRAM128x64x4Init       0x00009c53    0x96  Code  Gb  osram128x64x4.o [1]
OSRAM128x64x4StringDraw
                        0x00009abf    0xde  Code  Gb  osram128x64x4.o [1]
OSRAMWriteCommand       0x00009a1d    0x36  Code  Lc  osram128x64x4.o [1]
OSRAMWriteData          0x00009a53    0x34  Code  Lc  osram128x64x4.o [1]
RIT128x96x4Clear        0x00009683    0x4e  Code  Gb  rit128x96x4.o [1]
RIT128x96x4Enable       0x00009811    0x54  Code  Gb  rit128x96x4.o [1]
RIT128x96x4ImageDraw    0x000097af    0x62  Code  Gb  rit128x96x4.o [1]
RIT128x96x4Init         0x00009865    0xe8  Code  Gb  rit128x96x4.o [1]
RIT128x96x4StringDraw   0x000096d1    0xde  Code  Gb  rit128x96x4.o [1]
RITWriteCommand         0x000095f5    0x44  Code  Lc  rit128x96x4.o [1]
RITWriteData            0x00009639    0x4a  Code  Lc  rit128x96x4.o [1]
Region$$Table$$Base     0x0000ab80           --   Gb  - Linker created -
Region$$Table$$Limit    0x0000aba4           --   Gb  - Linker created -
SSIConfigSetExpClk      0x00009995    0x42  Code  Gb  ssi.o [4]
SSIDataGet              0x000099fd     0xc  Code  Gb  ssi.o [4]
SSIDataGetNonBlocking   0x00009a09    0x12  Code  Gb  ssi.o [4]
SSIDataPut              0x000099f1     0xa  Code  Gb  ssi.o [4]
SSIDisable              0x000099e5     0xc  Code  Gb  ssi.o [4]
SSIEnable               0x000099d9     0xc  Code  Gb  ssi.o [4]
SysCtlClockGet          0x00003379   0x130  Code  Gb  sysctl.o [4]
SysCtlClockSet          0x00003269   0x108  Code  Gb  sysctl.o [4]
SysCtlDelay             0x00003261     0x8  Code  Gb  sysctl.o [4]
SysCtlLDOSet            0x00003255     0x6  Code  Gb  sysctl.o [4]
SysCtlPeripheralEnable  0x00003231    0x12  Code  Gb  sysctl.o [4]
SysCtlPeripheralPresent
                        0x000031d5    0x24  Code  Gb  sysctl.o [4]
SysCtlPeripheralReset   0x000031f9    0x38  Code  Gb  sysctl.o [4]
Timer0IntHandler        0x00006e37    0x42  Code  Gb  timertest.o [1]
TimerConfigure          0x000070ad    0x24  Code  Gb  timer.o [4]
TimerEnable             0x00007099     0xe  Code  Gb  timer.o [4]
TimerIntClear           0x000070ed     0x4  Code  Gb  timer.o [4]
TimerIntEnable          0x000070e1     0xa  Code  Gb  timer.o [4]
TimerLoadSet            0x000070d1    0x10  Code  Gb  timer.o [4]
WriteCommand            0x00008437    0x2a  Code  Lc  formike128x128x16.o [1]
WriteData               0x0000841d    0x1a  Code  Lc  formike128x128x16.o [1]
_LitobSmall             0x00004689    0xce  Code  Lc  xprintfsmall.o [3]
_PrintfSmall            0x000042c1   0x3c2  Code  Gb  xprintfsmall.o [3]
_SProut                 0x0000201b     0xa  Code  Gb  xsprout.o [3]
__aeabi_memclr4         0x000090a5          Code  Gb  ABImemclr4.o [6]
__aeabi_memcpy          0x0000259d          Code  Gb  ABImemcpy.o [6]
__aeabi_memcpy4         0x000025bd          Code  Gb  ABImemcpy.o [6]
__aeabi_memcpy8         0x000025bd          Code  Gb  ABImemcpy.o [6]
__aeabi_memset          0x00002681          Code  Gb  ABImemset.o [6]
__cmain                 0x0000ac71          Code  Gb  cmain.o [6]
__exit                  0x0000ac9d          Code  Gb  XXexit.o [6]
__iar_Memchr            0x00004ebd          Code  Gb  memchr.o [6]
__iar_Memset            0x00002681          Code  Gb  ABImemset.o [6]
__iar_Memset4_word      0x000090ad          Code  Gb  ABImemset48.o [6]
__iar_Memset8_word      0x000090ad          Code  Gb  ABImemset48.o [6]
__iar_Memset_word       0x00002689          Code  Gb  ABImemset.o [6]
__iar_Strchr            0x00002005          Code  Gb  strchr.o [6]
__iar_Strrchr           0x00002669    0x18  Code  Gb  strrchr.o [3]
__iar_Strstr            0x00004e91    0x2c  Code  Gb  strstr.o [3]
__iar_copy_init3        0x00001ceb    0x2e  Code  Gb  copy_init3.o [6]
__iar_data_init3        0x0000ab59    0x28  Code  Gb  data_init3.o [6]
__iar_program_start     0x0000aeed          Code  Gb  cstartup_M.o [6]
__iar_zero_init3        0x00001fe3    0x22  Code  Gb  zero_init3.o [6]
__low_level_init        0x0000ac87     0x4  Code  Gb  low_level_init.o [3]
__vector_table          0x00000000   0x100  Data  Gb  startup_ewarm.o [1]
_call_main              0x0000ac7d          Code  Gb  cmain.o [6]
_exit                   0x0000ac91          Code  Gb  cexit.o [6]
_main                   0x0000ac83          Code  Gb  cmain.o [6]
all_ones_addr           0x0000b098     0x4  Data  Lc  uip.o [1]
all_zeroes_addr         0x0000b09c     0x4  Data  Lc  uip.o [1]
arp_table               0x20009ce4    0x60  Data  Lc  uip_arp.o [1]
arptime                 0x2000a145     0x1  Data  Lc  uip_arp.o [1]
battery                 0x20000028     0x4  Data  Gb  httpd-cgi.o [1]
broadcast_ethaddr       0x0000b078     0x8  Data  Lc  uip_arp.o [1]
broadcast_ipaddr        0x0000b0a0     0x4  Data  Lc  uip_arp.o [1]
buf_bufto               0x00001d1f    0x6c  Code  Lc  psock.o [1]
buf_setup               0x00001d19     0x6  Code  Lc  psock.o [1]
c                       0x2000a141     0x1  Data  Lc  uip.o [1]
c                       0x2000a144     0x1  Data  Lc  uip_arp.o [1]
cCountBuf               0x20009e10    0x20  Data  Lc  httpd-cgi.o [1]
calls                   0x20000000     0xc  Data  Lc  httpd-cgi.o [1]
chksum                  0x000001a3    0x3e  Code  Lc  uip.o [1]
clock_time              0x00002319     0x8  Code  Gb  uIP_Task.o [1]
count                   0x20009f50     0x8  Data  Lc  httpd-fs.o [1]
data_acked              0x00001dcf    0x50  Code  Lc  psock.o [1]
data_index_html         0x0000a594   0x1c4  Data  Lc  httpd-fs.o [1]
data_index_shtml        0x00009fc0   0x214  Data  Lc  httpd-fs.o [1]
data_io_shtml           0x00009d24   0x29c  Data  Lc  httpd-fs.o [1]
diastolic               0x2000001c     0x4  Data  Gb  httpd-cgi.o [1]
ekg                     0x20000024     0x4  Data  Gb  httpd-cgi.o [1]
exit                    0x0000ac8b     0x4  Code  Gb  exit.o [3]
file_index_html         0x0000acf8    0x14  Data  Gb  httpd-fs.o [1]
file_index_shtml        0x0000ace4    0x14  Data  Gb  httpd-fs.o [1]
file_io_shtml           0x0000acd0    0x14  Data  Gb  httpd-fs.o [1]
g_bSSIEnabled           0x2000a13e     0x1  Data  Lc  osram128x64x4.o [1]
g_bSSIEnabled           0x2000a13f     0x1  Data  Lc  rit128x96x4.o [1]
g_pucBuffer             0x20009f70     0x8  Data  Lc  rit128x96x4.o [1]
g_pucCmss12Data         0x000090e0   0x514  Data  Lc  fontcmss12.o [5]
g_pucDictionary         0x20009e50    0x20  Data  Lc  image.o [5]
g_pucFont               0x0000a1d4   0x1e0  Data  Lc  osram128x64x4.o [1]
g_pucFont               0x0000a3b4   0x1e0  Data  Lc  rit128x96x4.o [1]
g_pucOSRAM128x64x4HorizontalInc
                        0x00004c66     0x2  Data  Lc  osram128x64x4.o [1]
g_pucOSRAM128x64x4Init  0x0000a9dc    0x50  Data  Lc  osram128x64x4.o [1]
g_pucOSRAM128x64x4VerticalInc
                        0x000048b6     0x2  Data  Lc  osram128x64x4.o [1]
g_pucRIT128x96x4HorizontalInc
                        0x000090aa     0x2  Data  Lc  rit128x96x4.o [1]
g_pucRIT128x96x4Init    0x0000aa2c    0x50  Data  Lc  rit128x96x4.o [1]
g_pucRIT128x96x4VerticalInc
                        0x00004cca     0x2  Data  Lc  rit128x96x4.o [1]
g_pulDCRegs             0x0000ae7c    0x10  Data  Lc  sysctl.o [4]
g_pulRCGCRegs           0x0000aee0     0xc  Data  Lc  sysctl.o [4]
g_pulRegs               0x0000aac4    0x40  Data  Lc  interrupt.o [4]
g_pulSRCRRegs           0x0000aed4     0xc  Data  Lc  sysctl.o [4]
g_pulXtals              0x0000a92c    0x5c  Data  Lc  sysctl.o [4]
g_sFontCmss12           0x0000a758    0xc8  Data  Gb  fontcmss12.o [5]
g_sFormike128x128x16    0x0000ab30    0x28  Data  Gb  formike128x128x16.o [1]
generate_io_state       0x00002175    0x18  Code  Lc  httpd-cgi.o [1]
generate_part_of_file   0x000015c9    0x44  Code  Lc  httpd.o [1]
generate_rtos_stats     0x000020e5    0x5c  Code  Lc  httpd-cgi.o [1]
handle_connection       0x00001bd9    0x1a  Code  Lc  httpd.o [1]
handle_input            0x00001ad7   0x102  Code  Lc  httpd.o [1]
handle_output           0x000019f1    0xe6  Code  Lc  httpd.o [1]
handle_script           0x000016c7   0x172  Code  Lc  httpd.o [1]
heapSTRUCT_SIZE         0x000026e6     0x2  Data  Lc  heap_2.o [1]
htons                   0x00001561     0xc  Code  Gb  uip.o [1]
http_404_html           0x0000ae98     0xc  Data  Gb  http-strings.o [1]
http_content_type_binary
                        0x0000ab04    0x2c  Data  Gb  http-strings.o [1]
http_content_type_css   0x0000ac00    0x1c  Data  Gb  http-strings.o [1]
http_content_type_gif   0x0000ac38    0x1c  Data  Gb  http-strings.o [1]
http_content_type_html  0x0000abe4    0x1c  Data  Gb  http-strings.o [1]
http_content_type_jpg   0x0000abc4    0x20  Data  Gb  http-strings.o [1]
http_content_type_plain
                        0x0000aba4    0x20  Data  Gb  http-strings.o [1]
http_content_type_png   0x0000ac1c    0x1c  Data  Gb  http-strings.o [1]
http_css                0x0000afe0     0x8  Data  Gb  http-strings.o [1]
http_get                0x0000afc8     0x8  Data  Gb  http-strings.o [1]
http_gif                0x0000aff0     0x8  Data  Gb  http-strings.o [1]
http_header_200         0x0000a988    0x54  Data  Gb  http-strings.o [1]
http_header_404         0x0000a8d0    0x5c  Data  Gb  http-strings.o [1]
http_html               0x0000afd0     0x8  Data  Gb  http-strings.o [1]
http_index_html         0x0000ae8c     0xc  Data  Gb  http-strings.o [1]
http_jpg                0x0000aff8     0x8  Data  Gb  http-strings.o [1]
http_png                0x0000afe8     0x8  Data  Gb  http-strings.o [1]
http_referer            0x0000aea4     0xc  Data  Gb  http-strings.o [1]
http_shtml              0x0000afd8     0x8  Data  Gb  http-strings.o [1]
httpd_appcall           0x00001bf3    0x82  Code  Gb  httpd.o [1]
httpd_cgi               0x000020b3    0x32  Code  Gb  httpd-cgi.o [1]
httpd_fs_open           0x0000205b    0x42  Code  Gb  httpd-fs.o [1]
httpd_fs_strcmp         0x00002025    0x36  Code  Lc  httpd-fs.o [1]
httpd_init              0x00001cd1     0xc  Code  Gb  httpd.o [1]
i                       0x2000a143     0x1  Data  Lc  uip_arp.o [1]
io                      0x0000b018     0x8  Data  Lc  httpd-cgi.o [1]
ipaddr                  0x2000a12c     0x4  Data  Lc  uip_arp.o [1]
ipid                    0x2000a138     0x2  Data  Lc  uip.o [1]
iss                     0x2000a124     0x4  Data  Lc  uip.o [1]
lRefreshCount           0x2000a06c     0x4  Data  Gb  httpd-cgi.o [1]
lastport                0x2000a13a     0x2  Data  Lc  uip.o [1]
led_io                  0x0000218d    0x34  Code  Lc  httpd-cgi.o [1]
main                    0x00004945    0x9a  Code  Gb  main.o [1]
memchr                  0x00004ebd          Code  Gb  memchr.o [6]
memcmp                  0x00004c69          Code  Gb  memcmp.o [6]
memcpy                  0x00001cdd     0xe  Code  Gb  uip_arp.o [1]
memset                  0x00004df1    0x14  Code  Gb  uip_arp.o [1]
next_scriptstate        0x0000169f    0x28  Code  Lc  httpd.o [1]
nullfunction            0x000020a5     0xe  Code  Lc  httpd-cgi.o [1]
opt                     0x2000a142     0x1  Data  Lc  uip.o [1]
pcTraceBuffer           0x2000a0f4     0x4  Data  Lc  tasks.o [1]
pcTraceBufferEnd        0x2000a0f8     0x4  Data  Lc  tasks.o [1]
pcWelcomeMessage        0x0000b084     0x4  Data  Gb  main.o [1]
prv1stHigherPriorityNormallyFullTask
                        0x000057b5    0xf8  Code  Lc  IntQueue.o [1]
prv2ndHigherPriorityNormallyFullTask
                        0x000058ad    0x8c  Code  Lc  IntQueue.o [1]
prvAddCurrentTaskToDelayedList
                        0x00002fed    0x3e  Code  Lc  tasks.o [1]
prvAllocateTCBAndStack  0x00003045    0x44  Code  Lc  tasks.o [1]
prvCheckTasksWaitingTermination
                        0x00002f91    0x56  Code  Lc  tasks.o [1]
prvCopyDataFromQueue    0x000038e1    0x2a  Code  Lc  queue.o [1]
prvCopyDataToQueue      0x00003877    0x6a  Code  Lc  queue.o [1]
prvDeleteTCB            0x000030bd    0x12  Code  Lc  tasks.o [1]
prvENET_Send            0x0000245d    0x14  Code  Lc  uIP_Task.o [1]
prvHighPriorityMutexTask
                        0x00005401    0x38  Code  Lc  GenQTest.o [1]
prvHighPriorityPeekTask
                        0x00006aa9    0x6e  Code  Lc  QPeek.o [1]
prvHigherPriorityNormallyEmptyTask
                        0x00005619   0x100  Code  Lc  IntQueue.o [1]
prvHighestPriorityPeekTask
                        0x000069dd    0xcc  Code  Lc  QPeek.o [1]
prvIdleTask             0x00002f0d     0x6  Code  Lc  tasks.o [1]
prvInitialiseTCBVariables
                        0x00002f13    0x3a  Code  Lc  tasks.o [1]
prvInitialiseTaskLists  0x00002f4d    0x44  Code  Lc  tasks.o [1]
prvIsQueueEmpty         0x00003975    0x1e  Code  Lc  queue.o [1]
prvIsQueueFull          0x00003993    0x20  Code  Lc  queue.o [1]
prvLowPriorityMutexTask
                        0x00005331    0xbc  Code  Lc  GenQTest.o [1]
prvLowPriorityPeekTask  0x00006b65    0xc8  Code  Lc  QPeek.o [1]
prvLowerPriorityNormallyEmptyTask
                        0x00005719    0x9c  Code  Lc  IntQueue.o [1]
prvLowerPriorityNormallyFullTask
                        0x00005939    0x86  Code  Lc  IntQueue.o [1]
prvMediumPriorityMutexTask
                        0x000053ed    0x12  Code  Lc  GenQTest.o [1]
prvMediumPriorityPeekTask
                        0x00006b19    0x4c  Code  Lc  QPeek.o [1]
prvQueueAccessLogError  0x00005607    0x10  Code  Lc  IntQueue.o [1]
prvRecordValue_NormallyEmpty
                        0x000055e3    0x24  Code  Lc  IntQueue.o [1]
prvRecordValue_NormallyFull
                        0x000055c1    0x22  Code  Lc  IntQueue.o [1]
prvRecursiveMutexBlockingTask
                        0x00005e35    0x6c  Code  Lc  recmutex.o [1]
prvRecursiveMutexControllingTask
                        0x00005dad    0x88  Code  Lc  recmutex.o [1]
prvRecursiveMutexPollingTask
                        0x00005ea1    0x6a  Code  Lc  recmutex.o [1]
prvSemaphoreTest        0x00006715    0xaa  Code  Lc  semtest.o [1]
prvSendFrontAndBackTest
                        0x00005079   0x2b8  Code  Lc  GenQTest.o [1]
prvSetMACAddress        0x00002471    0xa4  Code  Lc  uIP_Task.o [1]
prvSetupHardware        0x000049df    0x3a  Code  Lc  main.o [1]
prvSetupTimerInterrupt  0x000047f7    0x10  Code  Lc  port.o [1]
prvUnlockQueue          0x0000390b    0x6a  Code  Lc  queue.o [1]
psock_datalen           0x00001eeb     0xa  Code  Gb  psock.o [1]
psock_generator_send    0x00001e79    0x72  Code  Gb  psock.o [1]
psock_init              0x00001fbd    0x26  Code  Gb  psock.o [1]
psock_newdata           0x00001ef5    0x2c  Code  Gb  psock.o [1]
psock_readto            0x00001f21    0x8a  Code  Gb  psock.o [1]
psock_send              0x00001e1f    0x5a  Code  Gb  psock.o [1]
pucBasicBitmap          0x000070f0   0xc84  Data  Gb  main.o [1]
pucGrLibBitmap          0x00007d74   0x6a8  Data  Gb  main.o [1]
pulStack                0x2000a148   0x1e0  Data  Lc  startup_ewarm.o [1]
pulse                   0x20000020     0x4  Data  Gb  httpd-cgi.o [1]
pvPortMalloc            0x00004ccd    0xd0  Code  Gb  heap_2.o [1]
pxCurrentTCB            0x2000a0bc     0x4  Data  Gb  tasks.o [1]
pxDelayedTaskList       0x2000a0c0     0x4  Data  Lc  tasks.o [1]
pxOverflowDelayedTaskList
                        0x2000a0c4     0x4  Data  Lc  tasks.o [1]
pxPortInitialiseStack   0x00004761    0x1a  Code  Gb  port.o [1]
pxReadyTasksLists       0x20009c80    0x64  Data  Lc  tasks.o [1]
rtos                    0x0000b010     0x8  Data  Lc  httpd-cgi.o [1]
rtos_stats              0x00002141    0x34  Code  Lc  httpd-cgi.o [1]
sBlockingConsumerCount  0x20009f20     0x8  Data  Lc  BlockQ.o [1]
sBlockingProducerCount  0x20009f28     0x8  Data  Lc  BlockQ.o [1]
sCheckVariables         0x20009f78     0x8  Data  Lc  semtest.o [1]
sContext                0x20009e70    0x1c  Data  Lc  formike128x128x16.o [1]
sNextCheckVariable      0x2000a132     0x2  Data  Lc  semtest.o [1]
send_data               0x00001d8b    0x44  Code  Lc  psock.o [1]
send_file               0x0000160d    0x5a  Code  Lc  httpd.o [1]
send_headers            0x00001839   0x1b8  Code  Lc  httpd.o [1]
send_part_of_file       0x00001667    0x38  Code  Lc  httpd.o [1]
sprintf                 0x00002619    0x34  Code  Gb  sprintf.o [3]
strcat                  0x0000264d    0x1c  Code  Gb  strcat.o [3]
strchr                  0x00002005          Code  Gb  strchr.o [6]
strcpy                  0x00002269          Code  Gb  strcpy.o [6]
strlen                  0x00002201          Code  Gb  strlen.o [6]
strncmp                 0x0000223f    0x2a  Code  Gb  strncmp.o [3]
strncpy                 0x000022ad          Code  Gb  strncpy.o [6]
strrchr                 0x00002237     0x8  Code  Gb  httpd.o [1]
strstr                  0x000042b9     0x8  Code  Gb  uIP_Task.o [1]
systolic                0x20000018     0x4  Data  Gb  httpd-cgi.o [1]
temperature             0x20000014     0x4  Data  Gb  httpd-cgi.o [1]
timer_expired           0x00003a05    0x1c  Code  Gb  timer.o [1]
timer_reset             0x000039fb     0xa  Code  Gb  timer.o [1]
timer_set               0x000039ed     0xe  Code  Gb  timer.o [1]
tmp16                   0x2000a13c     0x2  Data  Lc  uip.o [1]
tmpage                  0x2000a146     0x1  Data  Lc  uip_arp.o [1]
ucNormallyEmptyReceivedValues
                        0x20009af0    0xc8  Data  Lc  IntQueue.o [1]
ucNormallyFullReceivedValues
                        0x20009bb8    0xc8  Data  Lc  IntQueue.o [1]
uiGetEMACRxData         0x00003adb    0x48  Code  Gb  emac.o [1]
uip_acc32               0x2000a128     0x4  Data  Gb  uip.o [1]
uip_add32               0x00000101    0xa2  Code  Gb  uip.o [1]
uip_add_rcv_nxt         0x000002f1    0x44  Code  Lc  uip.o [1]
uip_appdata             0x2000a118     0x4  Data  Gb  uip.o [1]
uip_arp_arpin           0x00003ead   0x114  Code  Gb  uip_arp.o [1]
uip_arp_ipin            0x00003e4b    0x62  Code  Gb  uip_arp.o [1]
uip_arp_out             0x00003fc1   0x19e  Code  Gb  uip_arp.o [1]
uip_arp_timer           0x00003c8d    0x64  Code  Gb  uip_arp.o [1]
uip_arp_update          0x00003cf1   0x15a  Code  Lc  uip_arp.o [1]
uip_buf                 0x2000a058     0x4  Data  Gb  emac.o [1]
uip_conn                0x2000a120     0x4  Data  Gb  uip.o [1]
uip_conns               0x20005e00  0x1fe0  Data  Gb  uip.o [1]
uip_draddr              0x2000a110     0x4  Data  Gb  uip.o [1]
uip_ethaddr             0x20009f88     0x8  Data  Gb  uip.o [1]
uip_flags               0x2000a140     0x1  Data  Gb  uip.o [1]
uip_hostaddr            0x2000a10c     0x4  Data  Gb  uip.o [1]
uip_init                0x00000261    0x5a  Code  Gb  uip.o [1]
uip_ipchksum            0x000001e1    0x28  Code  Gb  uip.o [1]
uip_len                 0x2000a134     0x2  Data  Gb  uip.o [1]
uip_listen              0x000002bb    0x36  Code  Gb  uip.o [1]
uip_listenports         0x20009d94    0x50  Data  Gb  uip.o [1]
uip_netmask             0x2000a114     0x4  Data  Gb  uip.o [1]
uip_process             0x0000034d  0x1210  Code  Gb  uip.o [1]
uip_sappdata            0x2000a11c     0x4  Data  Gb  uip.o [1]
uip_send                0x0000156d    0x22  Code  Gb  uip.o [1]
uip_slen                0x2000a136     0x2  Data  Gb  uip.o [1]
uip_stat                0x20009de4    0x2c  Data  Gb  uip.o [1]
uip_tcpchksum           0x00000257     0xa  Code  Gb  uip.o [1]
ulGPIOBase              0x2000a0b0     0x4  Data  Gb  rit128x96x4.o [1]
ulGPIOId                0x2000a0ac     0x4  Data  Gb  rit128x96x4.o [1]
ulGuardedVariable       0x20009f9c     0x4  Data  Lc  GenQTest.o [1]
ulLoopCounter           0x20009f94     0x4  Data  Lc  GenQTest.o [1]
ulLoopCounter           0x2000a010     0x4  Data  Lc  QPeek.o [1]
ulLoopCounter2          0x20009f98     0x4  Data  Lc  GenQTest.o [1]
ulMaxJitter             0x2000a100     0x4  Data  Gb  timertest.o [1]
ulNextTxSpace           0x2000a05c     0x4  Data  Lc  emac.o [1]
ulOLEDDC_PIN            0x2000a0b4     0x4  Data  Gb  rit128x96x4.o [1]
ulOLEDEN_PIN            0x2000a0b8     0x4  Data  Gb  rit128x96x4.o [1]
ulRxLength              0x20009ea8    0x14  Data  Lc  emac.o [1]
upper_layer_chksum      0x00000209    0x4e  Code  Lc  uip.o [1]
usCreationCount         0x2000a130     0x2  Data  Lc  death.o [1]
usTaskCheckFreeStackSpace
                        0x0000308d    0x18  Code  Lc  tasks.o [1]
uxBlockingCycles        0x2000a090     0x4  Data  Lc  recmutex.o [1]
uxControllingCycles     0x2000a08c     0x4  Data  Lc  recmutex.o [1]
uxCriticalNesting       0x20000030     0x4  Data  Lc  port.o [1]
uxCurrentNumberOfTasks  0x2000a0cc     0x4  Data  Lc  tasks.o [1]
uxHighPriorityLoops1    0x20009fb8     0x4  Data  Lc  IntQueue.o [1]
uxHighPriorityLoops2    0x20009fbc     0x4  Data  Lc  IntQueue.o [1]
uxLowPriorityLoops1     0x20009fc0     0x4  Data  Lc  IntQueue.o [1]
uxLowPriorityLoops2     0x20009fc4     0x4  Data  Lc  IntQueue.o [1]
uxMaxNumberOfExtraTasksRunning
                        0x0000b080     0x4  Data  Lc  death.o [1]
uxMissedTicks           0x2000a0e4     0x4  Data  Lc  tasks.o [1]
uxPollingCycles         0x2000a094     0x4  Data  Lc  recmutex.o [1]
uxPreviousTask          0x20000038     0x4  Data  Lc  tasks.o [1]
uxQueueMessagesWaiting  0x00003865    0x12  Code  Gb  queue.o [1]
uxRxBuffers             0x20007de0  0x1d10  Data  Lc  emac.o [1]
uxSchedulerSuspended    0x2000a0e0     0x4  Data  Lc  tasks.o [1]
uxTaskGetNumberOfTasks  0x00002bb7     0x8  Code  Gb  tasks.o [1]
uxTaskGetStackHighWaterMark
                        0x000030a5    0x14  Code  Gb  tasks.o [1]
uxTaskNumber            0x2000a0f0     0x4  Data  Lc  tasks.o [1]
uxTaskPriorityGet       0x000028c1    0x1e  Code  Gb  tasks.o [1]
uxTasksDeleted          0x2000a0c8     0x4  Data  Lc  tasks.o [1]
uxTasksRunningAtStart   0x2000a044     0x4  Data  Lc  death.o [1]
uxTopReadyPriority      0x2000a0d8     0x4  Data  Lc  tasks.o [1]
uxTopUsedPriority       0x2000a0d4     0x4  Data  Lc  tasks.o [1]
uxValueForNormallyEmptyQueue
                        0x20009fd0     0x4  Data  Gb  IntQueue.o [1]
uxValueForNormallyFullQueue
                        0x20009fd4     0x4  Data  Gb  IntQueue.o [1]
vApplicationProcessFormInput
                        0x00002515    0x4e  Code  Gb  uIP_Task.o [1]
vApplicationStackOverflowHook
                        0x00004c65     0x2  Code  Gb  main.o [1]
vApplicationTickHook    0x00004a19    0xd4  Code  Gb  main.o [1]
vBlockingQueueConsumer  0x00006149    0x3e  Code  Lc  BlockQ.o [1]
vBlockingQueueProducer  0x0000610d    0x3c  Code  Lc  BlockQ.o [1]
vCompeteingIntMathTask  0x00004f4d    0x46  Code  Lc  integer.o [1]
vCreateBlockTimeTasks   0x00006209    0x66  Code  Gb  blocktim.o [1]
vCreateSuicidalTasks    0x00006c91    0x3c  Code  Gb  death.o [1]
vCreateTasks            0x00006d09    0x58  Code  Lc  death.o [1]
vEMAC_ISR               0x00003b75    0x40  Code  Gb  emac.o [1]
vFormike128x128x16Clear
                        0x00008913    0x38  Code  Gb  formike128x128x16.o [1]
vFormike128x128x16ImageDraw
                        0x000089d7    0x10  Code  Gb  formike128x128x16.o [1]
vFormike128x128x16Init  0x00008981    0x56  Code  Gb  formike128x128x16.o [1]
vFormike128x128x16StringDraw
                        0x0000894b    0x36  Code  Gb  formike128x128x16.o [1]
vIncrementTxLength      0x00003b2b     0xc  Code  Gb  emac.o [1]
vInitEMAC               0x00003a21    0xba  Code  Gb  emac.o [1]
vInitialiseSend         0x00003b23     0x8  Code  Gb  emac.o [1]
vInitialiseTimerForIntQueueTest
                        0x00006fe1    0x78  Code  Gb  IntQueueTimer.o [1]
vListInitialise         0x0000481d    0x1e  Code  Gb  list.o [1]
vListInitialiseItem     0x0000483b     0x6  Code  Gb  list.o [1]
vListInsert             0x0000485d    0x36  Code  Gb  list.o [1]
vListInsertEnd          0x00004841    0x1c  Code  Gb  list.o [1]
vListRemove             0x00004893    0x24  Code  Gb  list.o [1]
vMACHandleTask          0x00003bb5    0xa6  Code  Gb  emac.o [1]
vOLEDTask               0x00004af1    0xce  Code  Lc  main.o [1]
vParTestInitialise      0x00006fb9    0x24  Code  Gb  ParTest.o [1]
vPolledQueueConsumer    0x000068b9    0x56  Code  Lc  PollQ.o [1]
vPolledQueueProducer    0x00006865    0x52  Code  Lc  PollQ.o [1]
vPortClearInterruptMask
                        0x00004903          Code  Gb  portasm.o [1]
vPortEnterCritical      0x000047b1    0x12  Code  Gb  port.o [1]
vPortExitCritical       0x000047c3    0x1a  Code  Gb  port.o [1]
vPortFree               0x00004d9d    0x3c  Code  Gb  heap_2.o [1]
vPortSVCHandler         0x00004911          Code  Gb  portasm.o [1]
vPortSetInterruptMask   0x000048f5          Code  Gb  portasm.o [1]
vPortStartFirstTask     0x0000492d          Code  Gb  portasm.o [1]
vPortYieldFromISR       0x000047a7     0xa  Code  Gb  port.o [1]
vPrimaryBlockTimeTestTask
                        0x00006271   0x27e  Code  Lc  blocktim.o [1]
vQueueAddToRegistry     0x000039c5    0x24  Code  Gb  queue.o [1]
vSecondaryBlockTimeTestTask
                        0x000064f1    0xa6  Code  Lc  blocktim.o [1]
vSendBufferToMAC        0x00003b37    0x3e  Code  Gb  emac.o [1]
vSetMSP                 0x000048b9          Code  Gb  portasm.o [1]
vSetupHighFrequencyTimer
                        0x00006dd5    0x62  Code  Gb  timertest.o [1]
vStartBlockingQueueTasks
                        0x00005fb1   0x15a  Code  Gb  BlockQ.o [1]
vStartGenericQueueTasks
                        0x00004fc9    0xb0  Code  Gb  GenQTest.o [1]
vStartIntegerMathTasks  0x00004f15    0x38  Code  Gb  integer.o [1]
vStartInterruptQueueTasks
                        0x000054b9   0x108  Code  Gb  IntQueue.o [1]
vStartPolledQueueTasks  0x00006811    0x54  Code  Gb  PollQ.o [1]
vStartQueuePeekTasks    0x0000694d    0x8e  Code  Gb  QPeek.o [1]
vStartRecursiveMutexTasks
                        0x00005d31    0x7c  Code  Gb  recmutex.o [1]
vStartSemaphoreTasks    0x000065fd   0x116  Code  Gb  semtest.o [1]
vSuicidalTask           0x00006ccd    0x3c  Code  Lc  death.o [1]
vT2InterruptHandler     0x00007059    0x18  Code  Gb  IntQueueTimer.o [1]
vT3InterruptHandler     0x00007071    0x18  Code  Gb  IntQueueTimer.o [1]
vTaskDelay              0x0000288b    0x36  Code  Gb  tasks.o [1]
vTaskDelete             0x00002817    0x74  Code  Gb  tasks.o [1]
vTaskIncrementTick      0x00002bbf   0x118  Code  Gb  tasks.o [1]
vTaskMissedYield        0x00002f01     0x8  Code  Gb  tasks.o [1]
vTaskPlaceOnEventList   0x00002df7    0x3a  Code  Gb  tasks.o [1]
vTaskPriorityDisinherit
                        0x0000313f    0x44  Code  Gb  tasks.o [1]
vTaskPriorityInherit    0x000030d9    0x66  Code  Gb  tasks.o [1]
vTaskPrioritySet        0x000028df    0xa0  Code  Gb  tasks.o [1]
vTaskResume             0x00002a19    0x64  Code  Gb  tasks.o [1]
vTaskSetTimeOutState    0x00002e91    0x10  Code  Gb  tasks.o [1]
vTaskStartScheduler     0x00002a7d    0x44  Code  Gb  tasks.o [1]
vTaskSuspend            0x0000297f    0x78  Code  Gb  tasks.o [1]
vTaskSuspendAll         0x00002ac1    0x10  Code  Gb  tasks.o [1]
vTaskSwitchContext      0x00002cd7   0x120  Code  Gb  tasks.o [1]
vuIP_Task               0x00002321   0x13c  Code  Gb  uIP_Task.o [1]
xAreBlockTimeTestTasksStillRunning
                        0x00006597    0x3a  Code  Gb  blocktim.o [1]
xAreBlockingQueuesStillRunning
                        0x00006187    0x4a  Code  Gb  BlockQ.o [1]
xAreGenericQueueTasksStillRunning
                        0x00005439    0x46  Code  Gb  GenQTest.o [1]
xAreIntQueueTasksStillRunning
                        0x00005c43    0x78  Code  Gb  IntQueue.o [1]
xAreIntegerMathsTaskStillRunning
                        0x00004f93    0x28  Code  Gb  integer.o [1]
xArePollingQueuesStillRunning
                        0x0000690f    0x24  Code  Gb  PollQ.o [1]
xAreQueuePeekTasksStillRunning
                        0x00006c2d    0x2c  Code  Gb  QPeek.o [1]
xAreRecursiveMutexTasksStillRunning
                        0x00005f0b    0x64  Code  Gb  recmutex.o [1]
xAreSemaphoreTasksStillRunning
                        0x000067bf    0x2c  Code  Gb  semtest.o [1]
xBlockingIsSuspended    0x2000a088     0x4  Data  Lc  recmutex.o [1]
xBlockingTaskHandle     0x2000a09c     0x4  Data  Lc  recmutex.o [1]
xControllingIsSuspended
                        0x2000a084     0x4  Data  Lc  recmutex.o [1]
xControllingTaskHandle  0x2000a098     0x4  Data  Lc  recmutex.o [1]
xCreatedTask            0x2000a048     0x4  Data  Gb  death.o [1]
xDelayedTaskList1       0x20009ebc    0x14  Data  Lc  tasks.o [1]
xDelayedTaskList2       0x20009ed0    0x14  Data  Lc  tasks.o [1]
xEMACSemaphore          0x2000a050     0x4  Data  Gb  emac.o [1]
xEnd                    0x20009f48     0x8  Data  Lc  heap_2.o [1]
xErrorDetected          0x20009f90     0x4  Data  Lc  GenQTest.o [1]
xErrorDetected          0x2000a00c     0x4  Data  Lc  QPeek.o [1]
xErrorLine              0x20009fc8     0x4  Data  Lc  IntQueue.o [1]
xErrorOccurred          0x2000a034     0x4  Data  Lc  blocktim.o [1]
xErrorOccurred          0x2000a080     0x4  Data  Lc  recmutex.o [1]
xErrorStatus            0x2000000c     0x4  Data  Lc  IntQueue.o [1]
xFirstTimerHandler      0x000059bf    0xf6  Code  Gb  IntQueue.o [1]
xFreeBytesRemaining     0x20000010     0x4  Data  Lc  heap_2.o [1]
xHeap                   0x20000040  0x5dc0  Data  Lc  heap_2.o [1]
xHighPriorityMutexTask  0x20009fa0     0x4  Data  Lc  GenQTest.o [1]
xHighPriorityNormallyEmptyTask1
                        0x20009fd8     0x4  Data  Gb  IntQueue.o [1]
xHighPriorityNormallyEmptyTask2
                        0x20009fdc     0x4  Data  Gb  IntQueue.o [1]
xHighPriorityNormallyFullTask1
                        0x20009fe0     0x4  Data  Gb  IntQueue.o [1]
xHighPriorityNormallyFullTask2
                        0x20009fe4     0x4  Data  Gb  IntQueue.o [1]
xHighPriorityTask       0x2000a018     0x4  Data  Gb  QPeek.o [1]
xHighestPriorityTask    0x2000a01c     0x4  Data  Gb  QPeek.o [1]
xIsCreateTaskStillRunning
                        0x00006d61    0x4c  Code  Gb  death.o [1]
xMACInterruptSemaphore  0x2000a054     0x4  Data  Gb  emac.o [1]
xMediumPriorityMutexTask
                        0x20009fa4     0x4  Data  Lc  GenQTest.o [1]
xMediumPriorityTask     0x2000a014     0x4  Data  Gb  QPeek.o [1]
xMissedYield            0x2000a0e8     0x4  Data  Lc  tasks.o [1]
xMutex                  0x2000a07c     0x4  Data  Lc  recmutex.o [1]
xNextTaskUnblockTime    0x20000034     0x4  Data  Lc  tasks.o [1]
xNormallyEmptyQueue     0x20009fb0     0x4  Data  Lc  IntQueue.o [1]
xNormallyFullQueue      0x20009fb4     0x4  Data  Lc  IntQueue.o [1]
xNumOfOverflows         0x2000a0ec     0x4  Data  Lc  tasks.o [1]
xOLEDQueue              0x2000a074     0x4  Data  Gb  main.o [1]
xPendingReadyList       0x20009ee4    0x14  Data  Lc  tasks.o [1]
xPollingConsumerCount   0x2000a000     0x4  Data  Lc  PollQ.o [1]
xPollingProducerCount   0x2000a004     0x4  Data  Lc  PollQ.o [1]
xPortPendSVHandler      0x000048bf          Code  Gb  portasm.o [1]
xPortStartScheduler     0x0000477b    0x2c  Code  Gb  port.o [1]
xPortSysTickHandler     0x000047dd    0x1a  Code  Gb  port.o [1]
xPrimaryCycles          0x2000a02c     0x4  Data  Lc  blocktim.o [1]
xQueueCreate            0x000034a9    0x72  Code  Gb  queue.o [1]
xQueueCreateMutex       0x0000351b    0x56  Code  Gb  queue.o [1]
xQueueGenericReceive    0x000036fd   0x112  Code  Gb  queue.o [1]
xQueueGenericSend       0x000035d1    0xd0  Code  Gb  queue.o [1]
xQueueGenericSendFromISR
                        0x000036a1    0x5c  Code  Gb  queue.o [1]
xQueueGiveMutexRecursive
                        0x00003571    0x2e  Code  Gb  queue.o [1]
xQueueIsQueueFullFromISR
                        0x000039b3    0x12  Code  Gb  queue.o [1]
xQueueReceiveFromISR    0x0000380f    0x56  Code  Gb  queue.o [1]
xQueueRegistry          0x20009d44    0x50  Data  Gb  queue.o [1]
xQueueTakeMutexRecursive
                        0x0000359f    0x32  Code  Gb  queue.o [1]
xRunIndicator           0x2000a038     0x4  Data  Lc  blocktim.o [1]
xSchedulerRunning       0x2000a0dc     0x4  Data  Lc  tasks.o [1]
xSecondTimerHandler     0x00005ab5   0x18e  Code  Gb  IntQueue.o [1]
xSecondary              0x2000a028     0x4  Data  Lc  blocktim.o [1]
xSecondaryCycles        0x2000a030     0x4  Data  Lc  blocktim.o [1]
xStart                  0x20009f40     0x8  Data  Lc  heap_2.o [1]
xSuspendedTaskList      0x20009f0c    0x14  Data  Lc  tasks.o [1]
xTaskCheck              0x2000a070     0x4  Data  Lc  integer.o [1]
xTaskCheckForTimeOut    0x00002ea1    0x60  Code  Gb  tasks.o [1]
xTaskGenericCreate      0x000026e9   0x12e  Code  Gb  tasks.o [1]
xTaskGetCurrentTaskHandle
                        0x000030cf     0x6  Code  Gb  tasks.o [1]
xTaskGetTickCount       0x00002ba3    0x14  Code  Gb  tasks.o [1]
xTaskIsTaskSuspended    0x000029f7    0x22  Code  Gb  tasks.o [1]
xTaskRemoveFromEventList
                        0x00002e31    0x60  Code  Gb  tasks.o [1]
xTaskResumeAll          0x00002ad1    0xd2  Code  Gb  tasks.o [1]
xTasksWaitingTermination
                        0x20009ef8    0x14  Data  Lc  tasks.o [1]
xTestQueue              0x2000a024     0x4  Data  Lc  blocktim.o [1]
xTickCount              0x2000a0d0     0x4  Data  Lc  tasks.o [1]
xTracing                0x2000a0fc     0x4  Data  Lc  tasks.o [1]
xWasSuspended           0x20009fcc     0x4  Data  Lc  IntQueue.o [1]


[1] = C:\Users\rynmcd\Desktop\FreeRTOS0\Demo\CORTEX_LM3Sxxxx_IAR_Keil\Debug\Obj
[2] = command line
[3] = dl7M_tln.a
[4] = driverlib.a
[5] = grlib.a
[6] = rt7M_tl.a

  33 860 bytes of readonly  code memory
  11 424 bytes of readonly  data memory
  41 765 bytes of readwrite data memory

Errors: none
Warnings: 1
